../Core/Src/main.c:97:5:_write	24	static
../Core/Src/main.c:107:5:main	8	static
../Core/Src/main.c:159:6:SystemClock_Config	88	static
../Core/Src/main.c:207:13:MX_SPI1_Init	8	static
../Core/Src/main.c:245:13:MX_TIM2_Init	32	static
../Core/Src/main.c:292:13:MX_USART2_UART_Init	8	static
../Core/Src/main.c:323:13:MX_DMA_Init	16	static
../Core/Src/main.c:341:13:MX_GPIO_Init	48	static
../Core/Src/main.c:406:6:StartDisplayTask	16	static
../Core/Src/main.c:423:6:StartSequencerTask	16	static
../Core/Src/main.c:440:6:StartMidiOutTask	16	static
../Core/Src/main.c:458:6:HAL_TIM_PeriodElapsedCallback	16	static
../Core/Src/main.c:476:6:Error_Handler	4	static,ignoring_inline_asm
