../Core/Src/main.c:87:5:_write	1
../Core/Src/main.c:97:5:main	1
../Core/Src/main.c:170:6:SystemClock_Config	3
../Core/Src/main.c:218:13:MX_ADC1_Init	3
../Core/Src/main.c:270:13:MX_SPI1_Init	2
../Core/Src/main.c:308:13:MX_TIM2_Init	4
../Core/Src/main.c:355:13:MX_USART2_UART_Init	2
../Core/Src/main.c:388:13:MX_USART3_UART_Init	2
../Core/Src/main.c:419:13:MX_DMA_Init	1
../Core/Src/main.c:437:13:MX_GPIO_Init	1
../Core/Src/main.c:511:6:HAL_TIM_PeriodElapsedCallback	2
../Core/Src/main.c:529:6:Error_Handler	1
