../Core/Src/main.c:92:5:_write	1
../Core/Src/main.c:103:5:main	1
../Core/Src/main.c:194:6:SystemClock_Config	3
../Core/Src/main.c:242:13:MX_SPI1_Init	2
../Core/Src/main.c:280:13:MX_USART2_UART_Init	2
../Core/Src/main.c:311:13:MX_DMA_Init	1
../Core/Src/main.c:329:13:MX_GPIO_Init	1
../Core/Src/main.c:384:6:StartDisplayTask	1
../Core/Src/main.c:402:6:StartSequencerTask	1
../Core/Src/main.c:420:6:StartMidiOutTask	1
../Core/Src/main.c:439:6:HAL_TIM_PeriodElapsedCallback	2
../Core/Src/main.c:457:6:Error_Handler	1
