../Core/Src/main.c:79:5:_write	24	static
../Core/Src/main.c:89:5:main	16	static
../Core/Src/main.c:153:6:SystemClock_Config	88	static
../Core/Src/main.c:201:13:MX_SPI1_Init	8	static
../Core/Src/main.c:239:13:MX_TIM2_Init	32	static
../Core/Src/main.c:286:13:MX_USART2_UART_Init	8	static
../Core/Src/main.c:319:13:MX_USART3_UART_Init	8	static
../Core/Src/main.c:350:13:MX_DMA_Init	16	static
../Core/Src/main.c:368:13:MX_GPIO_Init	48	static
../Core/Src/main.c:436:6:HAL_TIM_PeriodElapsedCallback	16	static
../Core/Src/main.c:454:6:Error_Handler	4	static,ignoring_inline_asm
