Archive member included to satisfy reference by file (symbol)

C:/Programming/STM32CubeIDE_1.19.0/STM32CubeIDE/plugins/com.st.stm32cube.ide.mcu.externaltools.gnu-tools-for-stm32.13.3.rel1.win32_1.0.0.202411081344/tools/bin/../lib/gcc/arm-none-eabi/13.3.1/../../../../arm-none-eabi/lib/thumb/v7e-m+fp/hard\libc_nano.a(libc_a-exit.o)
                              C:/Programming/STM32CubeIDE_1.19.0/STM32CubeIDE/plugins/com.st.stm32cube.ide.mcu.externaltools.gnu-tools-for-stm32.13.3.rel1.win32_1.0.0.202411081344/tools/bin/../lib/gcc/arm-none-eabi/13.3.1/../../../../arm-none-eabi/lib/thumb/v7e-m+fp/hard/crt0.o (exit)
C:/Programming/STM32CubeIDE_1.19.0/STM32CubeIDE/plugins/com.st.stm32cube.ide.mcu.externaltools.gnu-tools-for-stm32.13.3.rel1.win32_1.0.0.202411081344/tools/bin/../lib/gcc/arm-none-eabi/13.3.1/../../../../arm-none-eabi/lib/thumb/v7e-m+fp/hard\libc_nano.a(libc_a-malloc.o)
                              ./Core/Src/sequencer.o (malloc)
C:/Programming/STM32CubeIDE_1.19.0/STM32CubeIDE/plugins/com.st.stm32cube.ide.mcu.externaltools.gnu-tools-for-stm32.13.3.rel1.win32_1.0.0.202411081344/tools/bin/../lib/gcc/arm-none-eabi/13.3.1/../../../../arm-none-eabi/lib/thumb/v7e-m+fp/hard\libc_nano.a(libc_a-mallocr.o)
                              C:/Programming/STM32CubeIDE_1.19.0/STM32CubeIDE/plugins/com.st.stm32cube.ide.mcu.externaltools.gnu-tools-for-stm32.13.3.rel1.win32_1.0.0.202411081344/tools/bin/../lib/gcc/arm-none-eabi/13.3.1/../../../../arm-none-eabi/lib/thumb/v7e-m+fp/hard\libc_nano.a(libc_a-malloc.o) (_malloc_r)
C:/Programming/STM32CubeIDE_1.19.0/STM32CubeIDE/plugins/com.st.stm32cube.ide.mcu.externaltools.gnu-tools-for-stm32.13.3.rel1.win32_1.0.0.202411081344/tools/bin/../lib/gcc/arm-none-eabi/13.3.1/../../../../arm-none-eabi/lib/thumb/v7e-m+fp/hard\libc_nano.a(libc_a-mlock.o)
                              C:/Programming/STM32CubeIDE_1.19.0/STM32CubeIDE/plugins/com.st.stm32cube.ide.mcu.externaltools.gnu-tools-for-stm32.13.3.rel1.win32_1.0.0.202411081344/tools/bin/../lib/gcc/arm-none-eabi/13.3.1/../../../../arm-none-eabi/lib/thumb/v7e-m+fp/hard\libc_nano.a(libc_a-mallocr.o) (__malloc_lock)
C:/Programming/STM32CubeIDE_1.19.0/STM32CubeIDE/plugins/com.st.stm32cube.ide.mcu.externaltools.gnu-tools-for-stm32.13.3.rel1.win32_1.0.0.202411081344/tools/bin/../lib/gcc/arm-none-eabi/13.3.1/../../../../arm-none-eabi/lib/thumb/v7e-m+fp/hard\libc_nano.a(libc_a-findfp.o)
                              C:/Programming/STM32CubeIDE_1.19.0/STM32CubeIDE/plugins/com.st.stm32cube.ide.mcu.externaltools.gnu-tools-for-stm32.13.3.rel1.win32_1.0.0.202411081344/tools/bin/../lib/gcc/arm-none-eabi/13.3.1/../../../../arm-none-eabi/lib/thumb/v7e-m+fp/hard\libc_nano.a(libc_a-exit.o) (__stdio_exit_handler)
C:/Programming/STM32CubeIDE_1.19.0/STM32CubeIDE/plugins/com.st.stm32cube.ide.mcu.externaltools.gnu-tools-for-stm32.13.3.rel1.win32_1.0.0.202411081344/tools/bin/../lib/gcc/arm-none-eabi/13.3.1/../../../../arm-none-eabi/lib/thumb/v7e-m+fp/hard\libc_nano.a(libc_a-fwalk.o)
                              C:/Programming/STM32CubeIDE_1.19.0/STM32CubeIDE/plugins/com.st.stm32cube.ide.mcu.externaltools.gnu-tools-for-stm32.13.3.rel1.win32_1.0.0.202411081344/tools/bin/../lib/gcc/arm-none-eabi/13.3.1/../../../../arm-none-eabi/lib/thumb/v7e-m+fp/hard\libc_nano.a(libc_a-findfp.o) (_fwalk_sglue)
C:/Programming/STM32CubeIDE_1.19.0/STM32CubeIDE/plugins/com.st.stm32cube.ide.mcu.externaltools.gnu-tools-for-stm32.13.3.rel1.win32_1.0.0.202411081344/tools/bin/../lib/gcc/arm-none-eabi/13.3.1/../../../../arm-none-eabi/lib/thumb/v7e-m+fp/hard\libc_nano.a(libc_a-stdio.o)
                              C:/Programming/STM32CubeIDE_1.19.0/STM32CubeIDE/plugins/com.st.stm32cube.ide.mcu.externaltools.gnu-tools-for-stm32.13.3.rel1.win32_1.0.0.202411081344/tools/bin/../lib/gcc/arm-none-eabi/13.3.1/../../../../arm-none-eabi/lib/thumb/v7e-m+fp/hard\libc_nano.a(libc_a-findfp.o) (__sread)
C:/Programming/STM32CubeIDE_1.19.0/STM32CubeIDE/plugins/com.st.stm32cube.ide.mcu.externaltools.gnu-tools-for-stm32.13.3.rel1.win32_1.0.0.202411081344/tools/bin/../lib/gcc/arm-none-eabi/13.3.1/../../../../arm-none-eabi/lib/thumb/v7e-m+fp/hard\libc_nano.a(libc_a-vsnprintf.o)
                              ./Core/Src/debug.o (vsnprintf)
C:/Programming/STM32CubeIDE_1.19.0/STM32CubeIDE/plugins/com.st.stm32cube.ide.mcu.externaltools.gnu-tools-for-stm32.13.3.rel1.win32_1.0.0.202411081344/tools/bin/../lib/gcc/arm-none-eabi/13.3.1/../../../../arm-none-eabi/lib/thumb/v7e-m+fp/hard\libc_nano.a(libc_a-memset.o)
                              C:/Programming/STM32CubeIDE_1.19.0/STM32CubeIDE/plugins/com.st.stm32cube.ide.mcu.externaltools.gnu-tools-for-stm32.13.3.rel1.win32_1.0.0.202411081344/tools/bin/../lib/gcc/arm-none-eabi/13.3.1/../../../../arm-none-eabi/lib/thumb/v7e-m+fp/hard/crt0.o (memset)
[...]
Memory Configuration

Name             Origin             Length             Attributes
RAM              0x20000000         0x00020000         xrw
FLASH            0x08000000         0x00080000         xr
*default*        0x00000000         0xffffffff

Linker script and memory map

LOAD C:/Programming/STM32CubeIDE_1.19.0/STM32CubeIDE/plugins/com.st.stm32cube.ide.mcu.externaltools.gnu-tools-for-stm32.13.3.rel1.win32_1.0.0.202411081344/tools/bin/../lib/gcc/arm-none-eabi/13.3.1/thumb/v7e-m+fp/hard/crti.o
LOAD C:/Programming/STM32CubeIDE_1.19.0/STM32CubeIDE/plugins/com.st.stm32cube.ide.mcu.externaltools.gnu-tools-for-stm32.13.3.rel1.win32_1.0.0.202411081344/tools/bin/../lib/gcc/arm-none-eabi/13.3.1/thumb/v7e-m+fp/hard/crtbegin.o
LOAD C:/Programming/STM32CubeIDE_1.19.0/STM32CubeIDE/plugins/com.st.stm32cube.ide.mcu.externaltools.gnu-tools-for-stm32.13.3.rel1.win32_1.0.0.202411081344/tools/bin/../lib/gcc/arm-none-eabi/13.3.1/../../../../arm-none-eabi/lib/thumb/v7e-m+fp/hard/crt0.o
LOAD ./Core/Src/debug.o
LOAD ./Core/Src/display.o
LOAD ./Core/Src/encoder.o
LOAD ./Core/Src/fonts.o
LOAD ./Core/Src/main.o
LOAD ./Core/Src/midi.o
LOAD ./Core/Src/potentiometer.o
LOAD ./Core/Src/sequencer.o
LOAD ./Core/Src/st7789.o
LOAD ./Core/Src/stm32f4xx_hal_msp.o
LOAD ./Core/Src/stm32f4xx_hal_timebase_tim.o
LOAD ./Core/Src/stm32f4xx_it.o
LOAD ./Core/Src/syscalls.o
LOAD ./Core/Src/sysmem.o
LOAD ./Core/Src/system_stm32f4xx.o
LOAD ./Core/Startup/startup_stm32f446retx.o
LOAD ./Drivers/STM32F4xx_HAL_Driver/Src/stm32f4xx_hal.o
LOAD ./Drivers/STM32F4xx_HAL_Driver/Src/stm32f4xx_hal_adc.o
LOAD ./Drivers/STM32F4xx_HAL_Driver/Src/stm32f4xx_hal_adc_ex.o
LOAD ./Drivers/STM32F4xx_HAL_Driver/Src/stm32f4xx_hal_cortex.o
LOAD ./Drivers/STM32F4xx_HAL_Driver/Src/stm32f4xx_hal_dma.o
LOAD ./Drivers/STM32F4xx_HAL_Driver/Src/stm32f4xx_hal_dma_ex.o
LOAD ./Drivers/STM32F4xx_HAL_Driver/Src/stm32f4xx_hal_exti.o
LOAD ./Drivers/STM32F4xx_HAL_Driver/Src/stm32f4xx_hal_flash.o
LOAD ./Drivers/STM32F4xx_HAL_Driver/Src/stm32f4xx_hal_flash_ex.o
LOAD ./Drivers/STM32F4xx_HAL_Driver/Src/stm32f4xx_hal_flash_ramfunc.o
LOAD ./Drivers/STM32F4xx_HAL_Driver/Src/stm32f4xx_hal_gpio.o
LOAD ./Drivers/STM32F4xx_HAL_Driver/Src/stm32f4xx_hal_pwr.o
LOAD ./Drivers/STM32F4xx_HAL_Driver/Src/stm32f4xx_hal_pwr_ex.o
LOAD ./Drivers/STM32F4xx_HAL_Driver/Src/stm32f4xx_hal_rcc.o
LOAD ./Drivers/STM32F4xx_HAL_Driver/Src/stm32f4xx_hal_rcc_ex.o
LOAD ./Drivers/STM32F4xx_HAL_Driver/Src/stm32f4xx_hal_spi.o
LOAD ./Drivers/STM32F4xx_HAL_Driver/Src/stm32f4xx_hal_tim.o
LOAD ./Drivers/STM32F4xx_HAL_Driver/Src/stm32f4xx_hal_tim_ex.o
LOAD ./Drivers/STM32F4xx_HAL_Driver/Src/stm32f4xx_hal_uart.o
LOAD ./Drivers/STM32F4xx_HAL_Driver/Src/stm32f4xx_ll_adc.o
START GROUP
LOAD C:/Programming/STM32CubeIDE_1.19.0/STM32CubeIDE/plugins/com.st.stm32cube.ide.mcu.externaltools.gnu-tools-for-stm32.13.3.rel1.win32_1.0.0.202411081344/tools/bin/../lib/gcc/arm-none-eabi/13.3.1/../../../../arm-none-eabi/lib/thumb/v7e-m+fp/hard\libc_nano.a
LOAD C:/Programming/STM32CubeIDE_1.19.0/STM32CubeIDE/plugins/com.st.stm32cube.ide.mcu.externaltools.gnu-tools-for-stm32.13.3.rel1.win32_1.0.0.202411081344/tools/bin/../lib/gcc/arm-none-eabi/13.3.1/../../../../arm-none-eabi/lib/thumb/v7e-m+fp/hard\libm.a
END GROUP
START GROUP
LOAD C:/Programming/STM32CubeIDE_1.19.0/STM32CubeIDE/plugins/com.st.stm32cube.ide.mcu.externaltools.gnu-tools-for-stm32.13.3.rel1.win32_1.0.0.202411081344/tools/bin/../lib/gcc/arm-none-eabi/13.3.1/thumb/v7e-m+fp/hard\libgcc.a
LOAD C:/Programming/STM32CubeIDE_1.19.0/STM32CubeIDE/plugins/com.st.stm32cube.ide.mcu.externaltools.gnu-tools-for-stm32.13.3.rel1.win32_1.0.0.202411081344/tools/bin/../lib/gcc/arm-none-eabi/13.3.1/../../../../arm-none-eabi/lib/thumb/v7e-m+fp/hard\libc_nano.a
END GROUP
START GROUP
LOAD C:/Programming/STM32CubeIDE_1.19.0/STM32CubeIDE/plugins/com.st.stm32cube.ide.mcu.externaltools.gnu-tools-for-stm32.13.3.rel1.win32_1.0.0.202411081344/tools/bin/../lib/gcc/arm-none-eabi/13.3.1/thumb/v7e-m+fp/hard\libgcc.a
LOAD C:/Programming/STM32CubeIDE_1.19.0/STM32CubeIDE/plugins/com.st.stm32cube.ide.mcu.externaltools.gnu-tools-for-stm32.13.3.rel1.win32_1.0.0.202411081344/tools/bin/../lib/gcc/arm-none-eabi/13.3.1/../../../../arm-none-eabi/lib/thumb/v7e-m+fp/hard\libc_nano.a
LOAD C:/Programming/STM32CubeIDE_1.19.0/STM32CubeIDE/plugins/com.st.stm32cube.ide.mcu.externaltools.gnu-tools-for-stm32.13.3.rel1.win32_1.0.0.202411081344/tools/bin/../lib/gcc/arm-none-eabi/13.3.1/../../../../arm-none-eabi/lib/thumb/v7e-m+fp/hard\libnosys.a
END GROUP
START GROUP
LOAD C:/Programming/STM32CubeIDE_1.19.0/STM32CubeIDE/plugins/com.st.stm32cube.ide.mcu.externaltools.gnu-tools-for-stm32.13.3.rel1.win32_1.0.0.202411081344/tools/bin/../lib/gcc/arm-none-eabi/13.3.1/thumb/v7e-m+fp/hard\libgcc.a
LOAD C:/Programming/STM32CubeIDE_1.19.0/STM32CubeIDE/plugins/com.st.stm32cube.ide.mcu.externaltools.gnu-tools-for-stm32.13.3.rel1.win32_1.0.0.202411081344/tools/bin/../lib/gcc/arm-none-eabi/13.3.1/../../../../arm-none-eabi/lib/thumb/v7e-m+fp/hard\libc_nano.a
LOAD C:/Programming/STM32CubeIDE_1.19.0/STM32CubeIDE/plugins/com.st.stm32cube.ide.mcu.externaltools.gnu-tools-for-stm32.13.3.rel1.win32_1.0.0.202411081344/tools/bin/../lib/gcc/arm-none-eabi/13.3.1/../../../../arm-none-eabi/lib/thumb/v7e-m+fp/hard\libnosys.a
END GROUP
LOAD C:/Programming/STM32CubeIDE_1.19.0/STM32CubeIDE/plugins/com.st.stm32cube.ide.mcu.externaltools.gnu-tools-for-stm32.13.3.rel1.win32_1.0.0.202411081344/tools/bin/../lib/gcc/arm-none-eabi/13.3.1/thumb/v7e-m+fp/hard/crtend.o
LOAD C:/Programming/STM32CubeIDE_1.19.0/STM32CubeIDE/plugins/com.st.stm32cube.ide.mcu.externaltools.gnu-tools-for-stm32.13.3.rel1.win32_1.0.0.202411081344/tools/bin/../lib/gcc/arm-none-eabi/13.3.1/thumb/v7e-m+fp/hard/crtn.o
                0x20020000                        _estack = (ORIGIN (RAM) + LENGTH (RAM))
                0x00000200                        _Min_Heap_Size = 0x200
                0x00000400                        _Min_Stack_Size = 0x400

.isr_vector     0x08000000      0x1c4
                0x08000000                        . = ALIGN (0x4)
 *(.isr_vector)
 .isr_vector    0x08000000      0x1c4 ./Core/Startup/startup_stm32f446retx.o
                0x08000000                g_pfnVectors
                0x080001c4                        . = ALIGN (0x4)

.text           0x080001d0     0x70b4
                0x080001d0                        . = ALIGN (0x4)
 *(.text)
 .text          0x080001d0       0x40 C:/Programming/STM32CubeIDE_1.19.0/STM32CubeIDE/plugins/com.st.stm32cube.ide.mcu.externaltools.gnu-tools-for-stm32.13.3.rel1.win32_1.0.0.202411081344/tools/bin/../lib/gcc/arm-none-eabi/13.3.1/thumb/v7e-m+fp/hard/crtbegin.o
 .text          0x08000210       0x10 C:/Programming/STM32CubeIDE_1.19.0/STM32CubeIDE/plugins/com.st.stm32cube.ide.mcu.externaltools.gnu-tools-for-stm32.13.3.rel1.win32_1.0.0.202411081344/tools/bin/../lib/gcc/arm-none-eabi/13.3.1/../../../../arm-none-eabi/lib/thumb/v7e-m+fp/hard\libc_nano.a(libc_a-strlen.o)
                0x08000210                strlen
 .text          0x08000220       0xa0 C:/Programming/STM32CubeIDE_1.19.0/STM32CubeIDE/plugins/com.st.stm32cube.ide.mcu.externaltools.gnu-tools-for-stm32.13.3.rel1.win32_1.0.0.202411081344/tools/bin/../lib/gcc/arm-none-eabi/13.3.1/../../../../arm-none-eabi/lib/thumb/v7e-m+fp/hard\libc_nano.a(libc_a-memchr.o)
                0x08000220                memchr
 .text          0x080002c0       0x30 C:/Programming/STM32CubeIDE_1.19.0/STM32CubeIDE/plugins/com.st.stm32cube.ide.mcu.externaltools.gnu-tools-for-stm32.13.3.rel1.win32_1.0.0.202411081344/tools/bin/../lib/gcc/arm-none-eabi/13.3.1/thumb/v7e-m+fp/hard\libgcc.a(_aeabi_uldivmod.o)
                0x080002c0                __aeabi_uldivmod
 .text          0x080002f0      0x2f8 C:/Programming/STM32CubeIDE_1.19.0/STM32CubeIDE/plugins/com.st.stm32cube.ide.mcu.externaltools.gnu-tools-for-stm32.13.3.rel1.win32_1.0.0.202411081344/tools/bin/../lib/gcc/arm-none-eabi/13.3.1/thumb/v7e-m+fp/hard\libgcc.a(_udivmoddi4.o)
                0x080002f0                __udivmoddi4
 .text          0x080005e8        0x4 C:/Programming/STM32CubeIDE_1.19.0/STM32CubeIDE/plugins/com.st.stm32cube.ide.mcu.externaltools.gnu-tools-for-stm32.13.3.rel1.win32_1.0.0.202411081344/tools/bin/../lib/gcc/arm-none-eabi/13.3.1/thumb/v7e-m+fp/hard\libgcc.a(_dvmd_tls.o)
                0x080005e8                __aeabi_idiv0
                0x080005e8                __aeabi_ldiv0
 *(.text*)
 .text.debug_init
                0x080005ec       0x14 ./Core/Src/debug.o
                0x080005ec                debug_init
 .text.debug_printf
                0x08000600       0x60 ./Core/Src/debug.o
                0x08000600                debug_printf
 .text.encoder_init
                0x08000660       0x50 ./Core/Src/encoder.o
                0x08000660                encoder_init
 .text.main     0x080006b0       0x94 ./Core/Src/main.o
                0x080006b0                main
 .text.SystemClock_Config
                0x08000744       0xdc ./Core/Src/main.o
                0x08000744                SystemClock_Config
 .text.MX_ADC1_Init
                0x08000820       0xa4 ./Core/Src/main.o
 .text.MX_SPI1_Init
                0x080008c4       0x6c ./Core/Src/main.o
 .text.MX_TIM2_Init
                0x08000930       0xb0 ./Core/Src/main.o
 .text.MX_USART2_UART_Init
                0x080009e0       0x54 ./Core/Src/main.o
 .text.MX_USART3_UART_Init
                0x08000a34       0x54 ./Core/Src/main.o
 .text.MX_DMA_Init
                0x08000a88       0x40 ./Core/Src/main.o
 .text.MX_GPIO_Init
                0x08000ac8      0x140 ./Core/Src/main.o
 .text.HAL_TIM_PeriodElapsedCallback
                0x08000c08       0x24 ./Core/Src/main.o
                0x08000c08                HAL_TIM_PeriodElapsedCallback
 .text.Error_Handler
                0x08000c2c        0xc ./Core/Src/main.o
                0x08000c2c                Error_Handler
 .text.get_filtered_value
                0x08000c38       0x4e ./Core/Src/potentiometer.o
 *fill*         0x08000c86        0x2 
 .text.apply_log_curve
                0x08000c88       0x68 ./Core/Src/potentiometer.o
 .text.pot_init
                0x08000cf0       0xc8 ./Core/Src/potentiometer.o
                0x08000cf0                pot_init
 .text.pot_update
                0x08000db8      0x12c ./Core/Src/potentiometer.o
                0x08000db8                pot_update
 .text.pot_get_normalized
                0x08000ee4       0x34 ./Core/Src/potentiometer.o
                0x08000ee4                pot_get_normalized
 .text.pot_get_range
                0x08000f18       0x48 ./Core/Src/potentiometer.o
                0x08000f18                pot_get_range
 .text.ST7789_WriteCommand
                0x08000f60       0x4c ./Core/Src/st7789.o
 .text.ST7789_WriteData
                0x08000fac       0xa0 ./Core/Src/st7789.o
 .text.ST7789_WriteSmallData
                0x0800104c       0x4c ./Core/Src/st7789.o
 .text.ST7789_SetRotation
                0x08001098       0x58 ./Core/Src/st7789.o
                0x08001098                ST7789_SetRotation
 .text.ST7789_SetAddressWindow
                0x080010f0       0xbc ./Core/Src/st7789.o
 .text.ST7789_Init
                0x080011ac      0x150 ./Core/Src/st7789.o
                0x080011ac                ST7789_Init
 .text.ST7789_Fill_Color
                0x080012fc       0x6c ./Core/Src/st7789.o
                0x080012fc                ST7789_Fill_Color
 .text.ST7789_DrawPixel
                0x08001368       0x70 ./Core/Src/st7789.o
                0x08001368                ST7789_DrawPixel
 .text.ST7789_DrawLine
                0x080013d8      0x118 ./Core/Src/st7789.o
                0x080013d8                ST7789_DrawLine
 .text.ST7789_DrawRectangle
                0x080014f0       0x8c ./Core/Src/st7789.o
                0x080014f0                ST7789_DrawRectangle
 .text.ST7789_DrawCircle
                0x0800157c      0x1d0 ./Core/Src/st7789.o
                0x0800157c                ST7789_DrawCircle
 .text.ST7789_DrawImage
                0x0800174c       0xa4 ./Core/Src/st7789.o
                0x0800174c                ST7789_DrawImage
 .text.ST7789_WriteChar
                0x080017f0      0x100 ./Core/Src/st7789.o
                0x080017f0                ST7789_WriteChar
 .text.ST7789_WriteString
                0x080018f0       0xac ./Core/Src/st7789.o
                0x080018f0                ST7789_WriteString
 .text.ST7789_DrawFilledRectangle
                0x0800199c       0xb8 ./Core/Src/st7789.o
                0x0800199c                ST7789_DrawFilledRectangle
 .text.ST7789_DrawTriangle
                0x08001a54       0x78 ./Core/Src/st7789.o
                0x08001a54                ST7789_DrawTriangle
 .text.ST7789_DrawFilledTriangle
                0x08001acc      0x1a0 ./Core/Src/st7789.o
                0x08001acc                ST7789_DrawFilledTriangle
 .text.ST7789_DrawFilledCircle
                0x08001c6c      0x1d0 ./Core/Src/st7789.o
                0x08001c6c                ST7789_DrawFilledCircle
 .text.ST7789_Test
                0x08001e3c      0x350 ./Core/Src/st7789.o
                0x08001e3c                ST7789_Test
 .text.HAL_MspInit
                0x0800218c       0x50 ./Core/Src/stm32f4xx_hal_msp.o
                0x0800218c                HAL_MspInit
 .text.HAL_ADC_MspInit
                0x080021dc       0x88 ./Core/Src/stm32f4xx_hal_msp.o
                0x080021dc                HAL_ADC_MspInit
 .text.HAL_SPI_MspInit
                0x08002264       0xf4 ./Core/Src/stm32f4xx_hal_msp.o
                0x08002264                HAL_SPI_MspInit
 .text.HAL_TIM_Base_MspInit
                0x08002358       0x4c ./Core/Src/stm32f4xx_hal_msp.o
                0x08002358                HAL_TIM_Base_MspInit
 .text.HAL_UART_MspInit
                0x080023a4      0x13c ./Core/Src/stm32f4xx_hal_msp.o
                0x080023a4                HAL_UART_MspInit
 .text.HAL_InitTick
                0x080024e0       0xf8 ./Core/Src/stm32f4xx_hal_timebase_tim.o
                0x080024e0                HAL_InitTick
 .text.NMI_Handler
                0x080025d8        0x8 ./Core/Src/stm32f4xx_it.o
                0x080025d8                NMI_Handler
 .text.HardFault_Handler
                0x080025e0        0x8 ./Core/Src/stm32f4xx_it.o
                0x080025e0                HardFault_Handler
 .text.MemManage_Handler
                0x080025e8        0x8 ./Core/Src/stm32f4xx_it.o
                0x080025e8                MemManage_Handler
 .text.BusFault_Handler
                0x080025f0        0x8 ./Core/Src/stm32f4xx_it.o
                0x080025f0                BusFault_Handler
 .text.UsageFault_Handler
                0x080025f8        0x8 ./Core/Src/stm32f4xx_it.o
                0x080025f8                UsageFault_Handler
 .text.SVC_Handler
                0x08002600        0xe ./Core/Src/stm32f4xx_it.o
                0x08002600                SVC_Handler
 .text.DebugMon_Handler
                0x0800260e        0xe ./Core/Src/stm32f4xx_it.o
                0x0800260e                DebugMon_Handler
 .text.PendSV_Handler
                0x0800261c        0xe ./Core/Src/stm32f4xx_it.o
                0x0800261c                PendSV_Handler
 .text.SysTick_Handler
                0x0800262a        0xe ./Core/Src/stm32f4xx_it.o
                0x0800262a                SysTick_Handler
 .text.TIM2_IRQHandler
                0x08002638       0x14 ./Core/Src/stm32f4xx_it.o
                0x08002638                TIM2_IRQHandler
 .text.TIM6_DAC_IRQHandler
                0x0800264c       0x14 ./Core/Src/stm32f4xx_it.o
                0x0800264c                TIM6_DAC_IRQHandler
 .text.DMA2_Stream3_IRQHandler
                0x08002660       0x14 ./Core/Src/stm32f4xx_it.o
                0x08002660                DMA2_Stream3_IRQHandler
 .text._sbrk    0x08002674       0x6c ./Core/Src/sysmem.o
                0x08002674                _sbrk
 .text.SystemInit
                0x080026e0       0x24 ./Core/Src/system_stm32f4xx.o
                0x080026e0                SystemInit
 .text.Reset_Handler
                0x08002704       0x50 ./Core/Startup/startup_stm32f446retx.o
                0x08002704                Reset_Handler
 .text.Default_Handler
                0x08002754        0x2 ./Core/Startup/startup_stm32f446retx.o
                0x08002754                RTC_Alarm_IRQHandler
                0x08002754                EXTI2_IRQHandler
                0x08002754                TIM8_CC_IRQHandler
                0x08002754                FMPI2C1_EV_IRQHandler
                0x08002754                SPI4_IRQHandler
                0x08002754                TIM1_CC_IRQHandler
                0x08002754                DMA2_Stream5_IRQHandler
                0x08002754                DMA1_Stream5_IRQHandler
                0x08002754                PVD_IRQHandler
                0x08002754                SDIO_IRQHandler
                0x08002754                TAMP_STAMP_IRQHandler
                0x08002754                CAN2_RX1_IRQHandler
                0x08002754                EXTI3_IRQHandler
                0x08002754                TIM8_TRG_COM_TIM14_IRQHandler
                0x08002754                TIM1_UP_TIM10_IRQHandler
                0x08002754                TIM8_UP_TIM13_IRQHandler
                0x08002754                I2C3_ER_IRQHandler
                0x08002754                EXTI0_IRQHandler
                0x08002754                I2C2_EV_IRQHandler
                0x08002754                DMA1_Stream2_IRQHandler
                0x08002754                CAN1_RX0_IRQHandler
                0x08002754                FPU_IRQHandler
                0x08002754                OTG_HS_WKUP_IRQHandler
                0x08002754                CAN2_SCE_IRQHandler
                0x08002754                DMA2_Stream2_IRQHandler
                0x08002754                SPI1_IRQHandler
                0x08002754                TIM1_BRK_TIM9_IRQHandler
                0x08002754                DCMI_IRQHandler
                0x08002754                CAN2_RX0_IRQHandler
                0x08002754                SAI2_IRQHandler
                0x08002754                USART6_IRQHandler
                0x08002754                USART3_IRQHandler
                0x08002754                CAN1_RX1_IRQHandler
                0x08002754                UART5_IRQHandler
                0x08002754                DMA2_Stream0_IRQHandler
                0x08002754                TIM4_IRQHandler
                0x08002754                QUADSPI_IRQHandler
                0x08002754                I2C1_EV_IRQHandler
                0x08002754                DMA1_Stream6_IRQHandler
                0x08002754                DMA1_Stream1_IRQHandler
                0x08002754                UART4_IRQHandler
                0x08002754                TIM3_IRQHandler
                0x08002754                RCC_IRQHandler
                0x08002754                TIM8_BRK_TIM12_IRQHandler
                0x08002754                Default_Handler
                0x08002754                CEC_IRQHandler
                0x08002754                EXTI15_10_IRQHandler
                0x08002754                ADC_IRQHandler
                0x08002754                DMA1_Stream7_IRQHandler
                0x08002754                TIM7_IRQHandler
                0x08002754                CAN2_TX_IRQHandler
                0x08002754                TIM5_IRQHandler
                0x08002754                DMA2_Stream7_IRQHandler
                0x08002754                I2C3_EV_IRQHandler
                0x08002754                EXTI9_5_IRQHandler
                0x08002754                RTC_WKUP_IRQHandler
                0x08002754                SPDIF_RX_IRQHandler
                0x08002754                SPI2_IRQHandler
                0x08002754                OTG_HS_EP1_IN_IRQHandler
                0x08002754                DMA1_Stream0_IRQHandler
                0x08002754                CAN1_TX_IRQHandler
                0x08002754                FMPI2C1_ER_IRQHandler
                0x08002754                EXTI4_IRQHandler
                0x08002754                OTG_HS_EP1_OUT_IRQHandler
                0x08002754                WWDG_IRQHandler
                0x08002754                OTG_FS_WKUP_IRQHandler
                0x08002754                TIM1_TRG_COM_TIM11_IRQHandler
                0x08002754                OTG_HS_IRQHandler
                0x08002754                EXTI1_IRQHandler
                0x08002754                USART2_IRQHandler
                0x08002754                I2C2_ER_IRQHandler
                0x08002754                DMA2_Stream1_IRQHandler
                0x08002754                CAN1_SCE_IRQHandler
                0x08002754                FLASH_IRQHandler
                0x08002754                DMA2_Stream4_IRQHandler
                0x08002754                USART1_IRQHandler
                0x08002754                OTG_FS_IRQHandler
                0x08002754                SPI3_IRQHandler
                0x08002754                DMA1_Stream4_IRQHandler
                0x08002754                I2C1_ER_IRQHandler
                0x08002754                FMC_IRQHandler
                0x08002754                DMA2_Stream6_IRQHandler
                0x08002754                SAI1_IRQHandler
                0x08002754                DMA1_Stream3_IRQHandler
 *fill*         0x08002756        0x2 
 .text.HAL_Init
                0x08002758       0x44 ./Drivers/STM32F4xx_HAL_Driver/Src/stm32f4xx_hal.o
                0x08002758                HAL_Init
 .text.HAL_IncTick
                0x0800279c       0x28 ./Drivers/STM32F4xx_HAL_Driver/Src/stm32f4xx_hal.o
                0x0800279c                HAL_IncTick
 .text.HAL_GetTick
                0x080027c4       0x18 ./Drivers/STM32F4xx_HAL_Driver/Src/stm32f4xx_hal.o
                0x080027c4                HAL_GetTick
 .text.HAL_Delay
                0x080027dc       0x48 ./Drivers/STM32F4xx_HAL_Driver/Src/stm32f4xx_hal.o
                0x080027dc                HAL_Delay
 .text.HAL_ADC_Init
                0x08002824       0x86 ./Drivers/STM32F4xx_HAL_Driver/Src/stm32f4xx_hal_adc.o
                0x08002824                HAL_ADC_Init
 *fill*         0x080028aa        0x2 
 .text.HAL_ADC_Start
                0x080028ac      0x1a4 ./Drivers/STM32F4xx_HAL_Driver/Src/stm32f4xx_hal_adc.o
                0x080028ac                HAL_ADC_Start
 .text.HAL_ADC_Stop
                0x08002a50       0x66 ./Drivers/STM32F4xx_HAL_Driver/Src/stm32f4xx_hal_adc.o
                0x08002a50                HAL_ADC_Stop
 .text.HAL_ADC_PollForConversion
                0x08002ab6      0x116 ./Drivers/STM32F4xx_HAL_Driver/Src/stm32f4xx_hal_adc.o
                0x08002ab6                HAL_ADC_PollForConversion
 .text.HAL_ADC_GetValue
                0x08002bcc       0x1a ./Drivers/STM32F4xx_HAL_Driver/Src/stm32f4xx_hal_adc.o
                0x08002bcc                HAL_ADC_GetValue
 *fill*         0x08002be6        0x2 
 .text.HAL_ADC_ConfigChannel
                0x08002be8      0x264 ./Drivers/STM32F4xx_HAL_Driver/Src/stm32f4xx_hal_adc.o
                0x08002be8                HAL_ADC_ConfigChannel
 .text.ADC_Init
                0x08002e4c      0x1f8 ./Drivers/STM32F4xx_HAL_Driver/Src/stm32f4xx_hal_adc.o
 .text.__NVIC_SetPriorityGrouping
                0x08003044       0x48 ./Drivers/STM32F4xx_HAL_Driver/Src/stm32f4xx_hal_cortex.o
 .text.__NVIC_GetPriorityGrouping
                0x0800308c       0x1c ./Drivers/STM32F4xx_HAL_Driver/Src/stm32f4xx_hal_cortex.o
 .text.__NVIC_EnableIRQ
                0x080030a8       0x3c ./Drivers/STM32F4xx_HAL_Driver/Src/stm32f4xx_hal_cortex.o
 .text.__NVIC_SetPriority
                0x080030e4       0x54 ./Drivers/STM32F4xx_HAL_Driver/Src/stm32f4xx_hal_cortex.o
 .text.NVIC_EncodePriority
                0x08003138       0x66 ./Drivers/STM32F4xx_HAL_Driver/Src/stm32f4xx_hal_cortex.o
 .text.HAL_NVIC_SetPriorityGrouping
                0x0800319e       0x16 ./Drivers/STM32F4xx_HAL_Driver/Src/stm32f4xx_hal_cortex.o
                0x0800319e                HAL_NVIC_SetPriorityGrouping
 .text.HAL_NVIC_SetPriority
                0x080031b4       0x38 ./Drivers/STM32F4xx_HAL_Driver/Src/stm32f4xx_hal_cortex.o
                0x080031b4                HAL_NVIC_SetPriority
 .text.HAL_NVIC_EnableIRQ
                0x080031ec       0x1c ./Drivers/STM32F4xx_HAL_Driver/Src/stm32f4xx_hal_cortex.o
                0x080031ec                HAL_NVIC_EnableIRQ
 .text.HAL_DMA_Init
                0x08003208      0x15c ./Drivers/STM32F4xx_HAL_Driver/Src/stm32f4xx_hal_dma.o
                0x08003208                HAL_DMA_Init
 .text.HAL_DMA_Start_IT
                0x08003364       0xb0 ./Drivers/STM32F4xx_HAL_Driver/Src/stm32f4xx_hal_dma.o
                0x08003364                HAL_DMA_Start_IT
 .text.HAL_DMA_IRQHandler
                0x08003414      0x314 ./Drivers/STM32F4xx_HAL_Driver/Src/stm32f4xx_hal_dma.o
                0x08003414                HAL_DMA_IRQHandler
 .text.DMA_SetConfig
                0x08003728       0x5c ./Drivers/STM32F4xx_HAL_Driver/Src/stm32f4xx_hal_dma.o
 .text.DMA_CalcBaseAndBitshift
                0x08003784       0x6c ./Drivers/STM32F4xx_HAL_Driver/Src/stm32f4xx_hal_dma.o
 .text.DMA_CheckFifoParam
                0x080037f0       0xf8 ./Drivers/STM32F4xx_HAL_Driver/Src/stm32f4xx_hal_dma.o
 .text.HAL_GPIO_Init
                0x080038e8      0x328 ./Drivers/STM32F4xx_HAL_Driver/Src/stm32f4xx_hal_gpio.o
                0x080038e8                HAL_GPIO_Init
 .text.HAL_GPIO_WritePin
                0x08003c10       0x32 ./Drivers/STM32F4xx_HAL_Driver/Src/stm32f4xx_hal_gpio.o
                0x08003c10                HAL_GPIO_WritePin
 *fill*         0x08003c42        0x2 
 .text.HAL_RCC_ClockConfig
                0x08003c44      0x1cc ./Drivers/STM32F4xx_HAL_Driver/Src/stm32f4xx_hal_rcc.o
                0x08003c44                HAL_RCC_ClockConfig
 .text.HAL_RCC_GetHCLKFreq
                0x08003e10       0x18 ./Drivers/STM32F4xx_HAL_Driver/Src/stm32f4xx_hal_rcc.o
                0x08003e10                HAL_RCC_GetHCLKFreq
 .text.HAL_RCC_GetPCLK1Freq
                0x08003e28       0x28 ./Drivers/STM32F4xx_HAL_Driver/Src/stm32f4xx_hal_rcc.o
                0x08003e28                HAL_RCC_GetPCLK1Freq
 .text.HAL_RCC_GetPCLK2Freq
                0x08003e50       0x28 ./Drivers/STM32F4xx_HAL_Driver/Src/stm32f4xx_hal_rcc.o
                0x08003e50                HAL_RCC_GetPCLK2Freq
 .text.HAL_RCC_GetClockConfig
                0x08003e78       0x64 ./Drivers/STM32F4xx_HAL_Driver/Src/stm32f4xx_hal_rcc.o
                0x08003e78                HAL_RCC_GetClockConfig
 .text.HAL_RCC_GetSysClockFreq
                0x08003edc      0x460 ./Drivers/STM32F4xx_HAL_Driver/Src/stm32f4xx_hal_rcc_ex.o
                0x08003edc                HAL_RCC_GetSysClockFreq
 .text.HAL_RCC_OscConfig
                0x0800433c      0x53c ./Drivers/STM32F4xx_HAL_Driver/Src/stm32f4xx_hal_rcc_ex.o
                0x0800433c                HAL_RCC_OscConfig
 .text.HAL_SPI_Init
                0x08004878      0x112 ./Drivers/STM32F4xx_HAL_Driver/Src/stm32f4xx_hal_spi.o
                0x08004878                HAL_SPI_Init
 .text.HAL_SPI_Transmit
                0x0800498a      0x288 ./Drivers/STM32F4xx_HAL_Driver/Src/stm32f4xx_hal_spi.o
                0x0800498a                HAL_SPI_Transmit
 *fill*         0x08004c12        0x2 
 .text.HAL_SPI_Transmit_DMA
                0x08004c14      0x164 ./Drivers/STM32F4xx_HAL_Driver/Src/stm32f4xx_hal_spi.o
                0x08004c14                HAL_SPI_Transmit_DMA
 .text.HAL_SPI_TxCpltCallback
                0x08004d78       0x14 ./Drivers/STM32F4xx_HAL_Driver/Src/stm32f4xx_hal_spi.o
                0x08004d78                HAL_SPI_TxCpltCallback
 .text.HAL_SPI_TxHalfCpltCallback
                0x08004d8c       0x14 ./Drivers/STM32F4xx_HAL_Driver/Src/stm32f4xx_hal_spi.o
                0x08004d8c                HAL_SPI_TxHalfCpltCallback
 .text.HAL_SPI_ErrorCallback
                0x08004da0       0x14 ./Drivers/STM32F4xx_HAL_Driver/Src/stm32f4xx_hal_spi.o
                0x08004da0                HAL_SPI_ErrorCallback
 .text.SPI_DMATransmitCplt
                0x08004db4       0xa8 ./Drivers/STM32F4xx_HAL_Driver/Src/stm32f4xx_hal_spi.o
 .text.SPI_DMAHalfTransmitCplt
                0x08004e5c       0x1c ./Drivers/STM32F4xx_HAL_Driver/Src/stm32f4xx_hal_spi.o
 .text.SPI_DMAError
                0x08004e78       0x40 ./Drivers/STM32F4xx_HAL_Driver/Src/stm32f4xx_hal_spi.o
 .text.SPI_WaitFlagStateUntilTimeout
                0x08004eb8      0x110 ./Drivers/STM32F4xx_HAL_Driver/Src/stm32f4xx_hal_spi.o
 .text.SPI_EndRxTxTransaction
                0x08004fc8       0xa8 ./Drivers/STM32F4xx_HAL_Driver/Src/stm32f4xx_hal_spi.o
 .text.HAL_TIM_Base_Init
                0x08005070       0x9e ./Drivers/STM32F4xx_HAL_Driver/Src/stm32f4xx_hal_tim.o
                0x08005070                HAL_TIM_Base_Init
 *fill*         0x0800510e        0x2 
 .text.HAL_TIM_Base_Start_IT
                0x08005110       0xe0 ./Drivers/STM32F4xx_HAL_Driver/Src/stm32f4xx_hal_tim.o
                0x08005110                HAL_TIM_Base_Start_IT
 .text.HAL_TIM_IRQHandler
                0x080051f0      0x1e0 ./Drivers/STM32F4xx_HAL_Driver/Src/stm32f4xx_hal_tim.o
                0x080051f0                HAL_TIM_IRQHandler
 .text.HAL_TIM_ConfigClockSource
                0x080053d0      0x18e ./Drivers/STM32F4xx_HAL_Driver/Src/stm32f4xx_hal_tim.o
                0x080053d0                HAL_TIM_ConfigClockSource
 .text.HAL_TIM_OC_DelayElapsedCallback
                0x0800555e       0x14 ./Drivers/STM32F4xx_HAL_Driver/Src/stm32f4xx_hal_tim.o
                0x0800555e                HAL_TIM_OC_DelayElapsedCallback
 .text.HAL_TIM_IC_CaptureCallback
                0x08005572       0x14 ./Drivers/STM32F4xx_HAL_Driver/Src/stm32f4xx_hal_tim.o
                0x08005572                HAL_TIM_IC_CaptureCallback
 .text.HAL_TIM_PWM_PulseFinishedCallback
                0x08005586       0x14 ./Drivers/STM32F4xx_HAL_Driver/Src/stm32f4xx_hal_tim.o
                0x08005586                HAL_TIM_PWM_PulseFinishedCallback
 .text.HAL_TIM_TriggerCallback
                0x0800559a       0x14 ./Drivers/STM32F4xx_HAL_Driver/Src/stm32f4xx_hal_tim.o
                0x0800559a                HAL_TIM_TriggerCallback
 *fill*         0x080055ae        0x2 
 .text.TIM_Base_SetConfig
                0x080055b0      0x14c ./Drivers/STM32F4xx_HAL_Driver/Src/stm32f4xx_hal_tim.o
                0x080055b0                TIM_Base_SetConfig
 .text.TIM_TI1_ConfigInputStage
                0x080056fc       0x5e ./Drivers/STM32F4xx_HAL_Driver/Src/stm32f4xx_hal_tim.o
 .text.TIM_TI2_ConfigInputStage
                0x0800575a       0x60 ./Drivers/STM32F4xx_HAL_Driver/Src/stm32f4xx_hal_tim.o
 .text.TIM_ITRx_SetConfig
                0x080057ba       0x36 ./Drivers/STM32F4xx_HAL_Driver/Src/stm32f4xx_hal_tim.o
 .text.TIM_ETR_SetConfig
                0x080057f0       0x40 ./Drivers/STM32F4xx_HAL_Driver/Src/stm32f4xx_hal_tim.o
                0x080057f0                TIM_ETR_SetConfig
 .text.HAL_TIMEx_MasterConfigSynchronization
                0x08005830       0xf8 ./Drivers/STM32F4xx_HAL_Driver/Src/stm32f4xx_hal_tim_ex.o
                0x08005830                HAL_TIMEx_MasterConfigSynchronization
 .text.HAL_TIMEx_CommutCallback
                0x08005928       0x14 ./Drivers/STM32F4xx_HAL_Driver/Src/stm32f4xx_hal_tim_ex.o
                0x08005928                HAL_TIMEx_CommutCallback
 .text.HAL_TIMEx_BreakCallback
                0x0800593c       0x14 ./Drivers/STM32F4xx_HAL_Driver/Src/stm32f4xx_hal_tim_ex.o
                0x0800593c                HAL_TIMEx_BreakCallback
 .text.HAL_UART_Init
                0x08005950       0xa0 ./Drivers/STM32F4xx_HAL_Driver/Src/stm32f4xx_hal_uart.o
                0x08005950                HAL_UART_Init
 .text.HAL_UART_Transmit
                0x080059f0      0x116 ./Drivers/STM32F4xx_HAL_Driver/Src/stm32f4xx_hal_uart.o
                0x080059f0                HAL_UART_Transmit
 .text.UART_WaitOnFlagUntilTimeout
                0x08005b06       0xb2 ./Drivers/STM32F4xx_HAL_Driver/Src/stm32f4xx_hal_uart.o
 .text.UART_EndRxTransfer
                0x08005bb8       0xc6 ./Drivers/STM32F4xx_HAL_Driver/Src/stm32f4xx_hal_uart.o
 *fill*         0x08005c7e        0x2 
 .text.UART_SetConfig
                0x08005c80      0x4e8 ./Drivers/STM32F4xx_HAL_Driver/Src/stm32f4xx_hal_uart.o
 .text.sbrk_aligned
                0x08006168       0x44 C:/Programming/STM32CubeIDE_1.19.0/STM32CubeIDE/plugins/com.st.stm32cube.ide.mcu.externaltools.gnu-tools-for-stm32.13.3.rel1.win32_1.0.0.202411081344/tools/bin/../lib/gcc/arm-none-eabi/13.3.1/../../../../arm-none-eabi/lib/thumb/v7e-m+fp/hard\libc_nano.a(libc_a-mallocr.o)
 .text._malloc_r
                0x080061ac      0x100 C:/Programming/STM32CubeIDE_1.19.0/STM32CubeIDE/plugins/com.st.stm32cube.ide.mcu.externaltools.gnu-tools-for-stm32.13.3.rel1.win32_1.0.0.202411081344/tools/bin/../lib/gcc/arm-none-eabi/13.3.1/../../../../arm-none-eabi/lib/thumb/v7e-m+fp/hard\libc_nano.a(libc_a-mallocr.o)
                0x080061ac                _malloc_r
 .text.__malloc_lock
                0x080062ac        0xc C:/Programming/STM32CubeIDE_1.19.0/STM32CubeIDE/plugins/com.st.stm32cube.ide.mcu.externaltools.gnu-tools-for-stm32.13.3.rel1.win32_1.0.0.202411081344/tools/bin/../lib/gcc/arm-none-eabi/13.3.1/../../../../arm-none-eabi/lib/thumb/v7e-m+fp/hard\libc_nano.a(libc_a-mlock.o)
                0x080062ac                __malloc_lock
 .text.__malloc_unlock
                0x080062b8        0xc C:/Programming/STM32CubeIDE_1.19.0/STM32CubeIDE/plugins/com.st.stm32cube.ide.mcu.externaltools.gnu-tools-for-stm32.13.3.rel1.win32_1.0.0.202411081344/tools/bin/../lib/gcc/arm-none-eabi/13.3.1/../../../../arm-none-eabi/lib/thumb/v7e-m+fp/hard\libc_nano.a(libc_a-mlock.o)
                0x080062b8                __malloc_unlock
 .text._vsnprintf_r
                0x080062c4       0x5c C:/Programming/STM32CubeIDE_1.19.0/STM32CubeIDE/plugins/com.st.stm32cube.ide.mcu.externaltools.gnu-tools-for-stm32.13.3.rel1.win32_1.0.0.202411081344/tools/bin/../lib/gcc/arm-none-eabi/13.3.1/../../../../arm-none-eabi/lib/thumb/v7e-m+fp/hard\libc_nano.a(libc_a-vsnprintf.o)
                0x080062c4                _vsniprintf_r
                0x080062c4                _vsnprintf_r
 .text.vsnprintf
                0x08006320       0x1c C:/Programming/STM32CubeIDE_1.19.0/STM32CubeIDE/plugins/com.st.stm32cube.ide.mcu.externaltools.gnu-tools-for-stm32.13.3.rel1.win32_1.0.0.202411081344/tools/bin/../lib/gcc/arm-none-eabi/13.3.1/../../../../arm-none-eabi/lib/thumb/v7e-m+fp/hard\libc_nano.a(libc_a-vsnprintf.o)
                0x08006320                vsniprintf
                0x08006320                vsnprintf
 .text.memset   0x0800633c       0x10 C:/Programming/STM32CubeIDE_1.19.0/STM32CubeIDE/plugins/com.st.stm32cube.ide.mcu.externaltools.gnu-tools-for-stm32.13.3.rel1.win32_1.0.0.202411081344/tools/bin/../lib/gcc/arm-none-eabi/13.3.1/../../../../arm-none-eabi/lib/thumb/v7e-m+fp/hard\libc_nano.a(libc_a-memset.o)
                0x0800633c                memset
 .text._sbrk_r  0x0800634c       0x20 C:/Programming/STM32CubeIDE_1.19.0/STM32CubeIDE/plugins/com.st.stm32cube.ide.mcu.externaltools.gnu-tools-for-stm32.13.3.rel1.win32_1.0.0.202411081344/tools/bin/../lib/gcc/arm-none-eabi/13.3.1/../../../../arm-none-eabi/lib/thumb/v7e-m+fp/hard\libc_nano.a(libc_a-sbrkr.o)
                0x0800634c                _sbrk_r
 .text.__errno  0x0800636c        0xc C:/Programming/STM32CubeIDE_1.19.0/STM32CubeIDE/plugins/com.st.stm32cube.ide.mcu.externaltools.gnu-tools-for-stm32.13.3.rel1.win32_1.0.0.202411081344/tools/bin/../lib/gcc/arm-none-eabi/13.3.1/../../../../arm-none-eabi/lib/thumb/v7e-m+fp/hard\libc_nano.a(libc_a-errno.o)
                0x0800636c                __errno
 .text.__libc_init_array
                0x08006378       0x48 C:/Programming/STM32CubeIDE_1.19.0/STM32CubeIDE/plugins/com.st.stm32cube.ide.mcu.externaltools.gnu-tools-for-stm32.13.3.rel1.win32_1.0.0.202411081344/tools/bin/../lib/gcc/arm-none-eabi/13.3.1/../../../../arm-none-eabi/lib/thumb/v7e-m+fp/hard\libc_nano.a(libc_a-init.o)
                0x08006378                __libc_init_array
 .text.__retarget_lock_acquire_recursive
                0x080063c0        0x2 C:/Programming/STM32CubeIDE_1.19.0/STM32CubeIDE/plugins/com.st.stm32cube.ide.mcu.externaltools.gnu-tools-for-stm32.13.3.rel1.win32_1.0.0.202411081344/tools/bin/../lib/gcc/arm-none-eabi/13.3.1/../../../../arm-none-eabi/lib/thumb/v7e-m+fp/hard\libc_nano.a(libc_a-lock.o)
                0x080063c0                __retarget_lock_acquire_recursive
 .text.__retarget_lock_release_recursive
                0x080063c2        0x2 C:/Programming/STM32CubeIDE_1.19.0/STM32CubeIDE/plugins/com.st.stm32cube.ide.mcu.externaltools.gnu-tools-for-stm32.13.3.rel1.win32_1.0.0.202411081344/tools/bin/../lib/gcc/arm-none-eabi/13.3.1/../../../../arm-none-eabi/lib/thumb/v7e-m+fp/hard\libc_nano.a(libc_a-lock.o)
                0x080063c2                __retarget_lock_release_recursive
 .text._free_r  0x080063c4       0x94 C:/Programming/STM32CubeIDE_1.19.0/STM32CubeIDE/plugins/com.st.stm32cube.ide.mcu.externaltools.gnu-tools-for-stm32.13.3.rel1.win32_1.0.0.202411081344/tools/bin/../lib/gcc/arm-none-eabi/13.3.1/../../../../arm-none-eabi/lib/thumb/v7e-m+fp/hard\libc_nano.a(libc_a-freer.o)
                0x080063c4                _free_r
 .text.__ssputs_r
                0x08006458       0xb6 C:/Programming/STM32CubeIDE_1.19.0/STM32CubeIDE/plugins/com.st.stm32cube.ide.mcu.externaltools.gnu-tools-for-stm32.13.3.rel1.win32_1.0.0.202411081344/tools/bin/../lib/gcc/arm-none-eabi/13.3.1/../../../../arm-none-eabi/lib/thumb/v7e-m+fp/hard\libc_nano.a(libc_a-nano-svfprintf.o)
                0x08006458                __ssputs_r
 *fill*         0x0800650e        0x2 
 .text._svfprintf_r
                0x08006510      0x1f8 C:/Programming/STM32CubeIDE_1.19.0/STM32CubeIDE/plugins/com.st.stm32cube.ide.mcu.externaltools.gnu-tools-for-stm32.13.3.rel1.win32_1.0.0.202411081344/tools/bin/../lib/gcc/arm-none-eabi/13.3.1/../../../../arm-none-eabi/lib/thumb/v7e-m+fp/hard\libc_nano.a(libc_a-nano-svfprintf.o)
                0x08006510                _svfiprintf_r
                0x08006510                _svfprintf_r
 .text._printf_common
                0x08006708       0xda C:/Programming/STM32CubeIDE_1.19.0/STM32CubeIDE/plugins/com.st.stm32cube.ide.mcu.externaltools.gnu-tools-for-stm32.13.3.rel1.win32_1.0.0.202411081344/tools/bin/../lib/gcc/arm-none-eabi/13.3.1/../../../../arm-none-eabi/lib/thumb/v7e-m+fp/hard\libc_nano.a(libc_a-nano-vfprintf_i.o)
                0x08006708                _printf_common
 *fill*         0x080067e2        0x2 
 .text._printf_i
                0x080067e4      0x23c C:/Programming/STM32CubeIDE_1.19.0/STM32CubeIDE/plugins/com.st.stm32cube.ide.mcu.externaltools.gnu-tools-for-stm32.13.3.rel1.win32_1.0.0.202411081344/tools/bin/../lib/gcc/arm-none-eabi/13.3.1/../../../../arm-none-eabi/lib/thumb/v7e-m+fp/hard\libc_nano.a(libc_a-nano-vfprintf_i.o)
                0x080067e4                _printf_i
 .text.memmove  0x08006a20       0x34 C:/Programming/STM32CubeIDE_1.19.0/STM32CubeIDE/plugins/com.st.stm32cube.ide.mcu.externaltools.gnu-tools-for-stm32.13.3.rel1.win32_1.0.0.202411081344/tools/bin/../lib/gcc/arm-none-eabi/13.3.1/../../../../arm-none-eabi/lib/thumb/v7e-m+fp/hard\libc_nano.a(libc_a-memmove.o)
                0x08006a20                memmove
 .text.memcpy   0x08006a54       0x1c C:/Programming/STM32CubeIDE_1.19.0/STM32CubeIDE/plugins/com.st.stm32cube.ide.mcu.externaltools.gnu-tools-for-stm32.13.3.rel1.win32_1.0.0.202411081344/tools/bin/../lib/gcc/arm-none-eabi/13.3.1/../../../../arm-none-eabi/lib/thumb/v7e-m+fp/hard\libc_nano.a(libc_a-memcpy-stub.o)
                0x08006a54                memcpy
 .text._realloc_r
                0x08006a70       0x5c C:/Programming/STM32CubeIDE_1.19.0/STM32CubeIDE/plugins/com.st.stm32cube.ide.mcu.externaltools.gnu-tools-for-stm32.13.3.rel1.win32_1.0.0.202411081344/tools/bin/../lib/gcc/arm-none-eabi/13.3.1/../../../../arm-none-eabi/lib/thumb/v7e-m+fp/hard\libc_nano.a(libc_a-reallocr.o)
                0x08006a70                _realloc_r
 .text._malloc_usable_size_r
                0x08006acc       0x10 C:/Programming/STM32CubeIDE_1.19.0/STM32CubeIDE/plugins/com.st.stm32cube.ide.mcu.externaltools.gnu-tools-for-stm32.13.3.rel1.win32_1.0.0.202411081344/tools/bin/../lib/gcc/arm-none-eabi/13.3.1/../../../../arm-none-eabi/lib/thumb/v7e-m+fp/hard\libc_nano.a(libc_a-msizer.o)
                0x08006acc                _malloc_usable_size_r
 .text.powf     0x08006adc       0xae C:/Programming/STM32CubeIDE_1.19.0/STM32CubeIDE/plugins/com.st.stm32cube.ide.mcu.externaltools.gnu-tools-for-stm32.13.3.rel1.win32_1.0.0.202411081344/tools/bin/../lib/gcc/arm-none-eabi/13.3.1/../../../../arm-none-eabi/lib/thumb/v7e-m+fp/hard\libm.a(libm_a-wf_pow.o)
                0x08006adc                powf
 .text.finitef  0x08006b8a       0x14 C:/Programming/STM32CubeIDE_1.19.0/STM32CubeIDE/plugins/com.st.stm32cube.ide.mcu.externaltools.gnu-tools-for-stm32.13.3.rel1.win32_1.0.0.202411081344/tools/bin/../lib/gcc/arm-none-eabi/13.3.1/../../../../arm-none-eabi/lib/thumb/v7e-m+fp/hard\libm.a(libm_a-sf_finite.o)
                0x08006b8a                finitef
 *fill*         0x08006b9e        0x2 
 .text.__ieee754_powf
                0x08006ba0      0x59c C:/Programming/STM32CubeIDE_1.19.0/STM32CubeIDE/plugins/com.st.stm32cube.ide.mcu.externaltools.gnu-tools-for-stm32.13.3.rel1.win32_1.0.0.202411081344/tools/bin/../lib/gcc/arm-none-eabi/13.3.1/../../../../arm-none-eabi/lib/thumb/v7e-m+fp/hard\libm.a(libm_a-ef_pow.o)
                0x08006ba0                __ieee754_powf
 .text.fabsf    0x0800713c        0xe C:/Programming/STM32CubeIDE_1.19.0/STM32CubeIDE/plugins/com.st.stm32cube.ide.mcu.externaltools.gnu-tools-for-stm32.13.3.rel1.win32_1.0.0.202411081344/tools/bin/../lib/gcc/arm-none-eabi/13.3.1/../../../../arm-none-eabi/lib/thumb/v7e-m+fp/hard\libm.a(libm_a-sf_fabs.o)
                0x0800713c                fabsf
 *fill*         0x0800714a        0x2 
 .text.scalbnf  0x0800714c       0xcc C:/Programming/STM32CubeIDE_1.19.0/STM32CubeIDE/plugins/com.st.stm32cube.ide.mcu.externaltools.gnu-tools-for-stm32.13.3.rel1.win32_1.0.0.202411081344/tools/bin/../lib/gcc/arm-none-eabi/13.3.1/../../../../arm-none-eabi/lib/thumb/v7e-m+fp/hard\libm.a(libm_a-sf_scalbn.o)
                0x0800714c                scalbnf
 .text.with_errnof
                0x08007218       0x1c C:/Programming/STM32CubeIDE_1.19.0/STM32CubeIDE/plugins/com.st.stm32cube.ide.mcu.externaltools.gnu-tools-for-stm32.13.3.rel1.win32_1.0.0.202411081344/tools/bin/../lib/gcc/arm-none-eabi/13.3.1/../../../../arm-none-eabi/lib/thumb/v7e-m+fp/hard\libm.a(libm_a-math_errf.o)
 .text.xflowf   0x08007234       0x16 C:/Programming/STM32CubeIDE_1.19.0/STM32CubeIDE/plugins/com.st.stm32cube.ide.mcu.externaltools.gnu-tools-for-stm32.13.3.rel1.win32_1.0.0.202411081344/tools/bin/../lib/gcc/arm-none-eabi/13.3.1/../../../../arm-none-eabi/lib/thumb/v7e-m+fp/hard\libm.a(libm_a-math_errf.o)
 *fill*         0x0800724a        0x2 
 .text.__math_uflowf
                0x0800724c        0xc C:/Programming/STM32CubeIDE_1.19.0/STM32CubeIDE/plugins/com.st.stm32cube.ide.mcu.externaltools.gnu-tools-for-stm32.13.3.rel1.win32_1.0.0.202411081344/tools/bin/../lib/gcc/arm-none-eabi/13.3.1/../../../../arm-none-eabi/lib/thumb/v7e-m+fp/hard\libm.a(libm_a-math_errf.o)
                0x0800724c                __math_uflowf
 .text.__math_oflowf
                0x08007258        0xc C:/Programming/STM32CubeIDE_1.19.0/STM32CubeIDE/plugins/com.st.stm32cube.ide.mcu.externaltools.gnu-tools-for-stm32.13.3.rel1.win32_1.0.0.202411081344/tools/bin/../lib/gcc/arm-none-eabi/13.3.1/../../../../arm-none-eabi/lib/thumb/v7e-m+fp/hard\libm.a(libm_a-math_errf.o)
                0x08007258                __math_oflowf
 .text.__ieee754_sqrtf
                0x08007264        0x6 C:/Programming/STM32CubeIDE_1.19.0/STM32CubeIDE/plugins/com.st.stm32cube.ide.mcu.externaltools.gnu-tools-for-stm32.13.3.rel1.win32_1.0.0.202411081344/tools/bin/../lib/gcc/arm-none-eabi/13.3.1/../../../../arm-none-eabi/lib/thumb/v7e-m+fp/hard\libm.a(libm_a-ef_sqrt.o)
                0x08007264                __ieee754_sqrtf
 *(.glue_7)
 .glue_7        0x0800726a        0x0 linker stubs
 *(.glue_7t)
 .glue_7t       0x0800726a        0x0 linker stubs
 *(.eh_frame)
 *fill*         0x0800726a        0x2 
 .eh_frame      0x0800726c        0x0 C:/Programming/STM32CubeIDE_1.19.0/STM32CubeIDE/plugins/com.st.stm32cube.ide.mcu.externaltools.gnu-tools-for-stm32.13.3.rel1.win32_1.0.0.202411081344/tools/bin/../lib/gcc/arm-none-eabi/13.3.1/thumb/v7e-m+fp/hard/crtbegin.o
 *(.init)
 .init          0x0800726c        0x4 C:/Programming/STM32CubeIDE_1.19.0/STM32CubeIDE/plugins/com.st.stm32cube.ide.mcu.externaltools.gnu-tools-for-stm32.13.3.rel1.win32_1.0.0.202411081344/tools/bin/../lib/gcc/arm-none-eabi/13.3.1/thumb/v7e-m+fp/hard/crti.o
                0x0800726c                _init
 .init          0x08007270        0x8 C:/Programming/STM32CubeIDE_1.19.0/STM32CubeIDE/plugins/com.st.stm32cube.ide.mcu.externaltools.gnu-tools-for-stm32.13.3.rel1.win32_1.0.0.202411081344/tools/bin/../lib/gcc/arm-none-eabi/13.3.1/thumb/v7e-m+fp/hard/crtn.o
 *(.fini)
 .fini          0x08007278        0x4 C:/Programming/STM32CubeIDE_1.19.0/STM32CubeIDE/plugins/com.st.stm32cube.ide.mcu.externaltools.gnu-tools-for-stm32.13.3.rel1.win32_1.0.0.202411081344/tools/bin/../lib/gcc/arm-none-eabi/13.3.1/thumb/v7e-m+fp/hard/crti.o
                0x08007278                _fini
 .fini          0x0800727c        0x8 C:/Programming/STM32CubeIDE_1.19.0/STM32CubeIDE/plugins/com.st.stm32cube.ide.mcu.externaltools.gnu-tools-for-stm32.13.3.rel1.win32_1.0.0.202411081344/tools/bin/../lib/gcc/arm-none-eabi/13.3.1/thumb/v7e-m+fp/hard/crtn.o
                0x08007284                        . = ALIGN (0x4)
                0x08007284                        _etext = .

.vfp11_veneer   0x08007284        0x0
 .vfp11_veneer  0x08007284        0x0 linker stubs

.v4_bx          0x08007284        0x0
 .v4_bx         0x08007284        0x0 linker stubs

.iplt           0x08007284        0x0
 .iplt          0x08007284        0x0 C:/Programming/STM32CubeIDE_1.19.0/STM32CubeIDE/plugins/com.st.stm32cube.ide.mcu.externaltools.gnu-tools-for-stm32.13.3.rel1.win32_1.0.0.202411081344/tools/bin/../lib/gcc/arm-none-eabi/13.3.1/thumb/v7e-m+fp/hard/crtbegin.o

.rodata         0x08007284     0xaa3c
                0x08007284                        . = ALIGN (0x4)
 *(.rodata)
 .rodata        0x08007284       0x28 ./Core/Src/debug.o
 .rodata        0x080072ac       0x6c ./Core/Src/encoder.o
 .rodata        0x08007318       0x28 ./Core/Src/main.o
 .rodata        0x08007340       0x68 ./Core/Src/potentiometer.o
 .rodata        0x080073a8       0x97 ./Core/Src/st7789.o
 *(.rodata*)
 *fill*         0x0800743f        0x1 
 .rodata.Font7x10
                0x08007440      0x76c ./Core/Src/fonts.o
 .rodata.Font11x18
                0x08007bac      0xd5c ./Core/Src/fonts.o
 .rodata.Font16x26
                0x08008908     0x134c ./Core/Src/fonts.o
 .rodata.saber  0x08009c54     0x8000 ./Core/Src/fonts.o
                0x08009c54                saber
 .rodata.AHBPrescTable
                0x08011c54       0x10 ./Core/Src/system_stm32f4xx.o
                0x08011c54                AHBPrescTable
 .rodata.APBPrescTable
                0x08011c64        0x8 ./Core/Src/system_stm32f4xx.o
                0x08011c64                APBPrescTable
 .rodata.flagBitshiftOffset.0
                0x08011c6c        0x8 ./Drivers/STM32F4xx_HAL_Driver/Src/stm32f4xx_hal_dma.o
 .rodata._svfprintf_r.str1.1
                0x08011c74       0x33 C:/Programming/STM32CubeIDE_1.19.0/STM32CubeIDE/plugins/com.st.stm32cube.ide.mcu.externaltools.gnu-tools-for-stm32.13.3.rel1.win32_1.0.0.202411081344/tools/bin/../lib/gcc/arm-none-eabi/13.3.1/../../../../arm-none-eabi/lib/thumb/v7e-m+fp/hard\libc_nano.a(libc_a-nano-svfprintf.o)
                                 0x11 (size before relaxing)
 .rodata._printf_i.str1.1
                0x08011ca7       0x22 C:/Programming/STM32CubeIDE_1.19.0/STM32CubeIDE/plugins/com.st.stm32cube.ide.mcu.externaltools.gnu-tools-for-stm32.13.3.rel1.win32_1.0.0.202411081344/tools/bin/../lib/gcc/arm-none-eabi/13.3.1/../../../../arm-none-eabi/lib/thumb/v7e-m+fp/hard\libc_nano.a(libc_a-nano-vfprintf_i.o)
 *fill*         0x08011ca7        0x1 
 .rodata.dp_l   0x08011ca8        0x8 C:/Programming/STM32CubeIDE_1.19.0/STM32CubeIDE/plugins/com.st.stm32cube.ide.mcu.externaltools.gnu-tools-for-stm32.13.3.rel1.win32_1.0.0.202411081344/tools/bin/../lib/gcc/arm-none-eabi/13.3.1/../../../../arm-none-eabi/lib/thumb/v7e-m+fp/hard\libm.a(libm_a-ef_pow.o)
 .rodata.dp_h   0x08011cb0        0x8 C:/Programming/STM32CubeIDE_1.19.0/STM32CubeIDE/plugins/com.st.stm32cube.ide.mcu.externaltools.gnu-tools-for-stm32.13.3.rel1.win32_1.0.0.202411081344/tools/bin/../lib/gcc/arm-none-eabi/13.3.1/../../../../arm-none-eabi/lib/thumb/v7e-m+fp/hard\libm.a(libm_a-ef_pow.o)
 .rodata.bp     0x08011cb8        0x8 C:/Programming/STM32CubeIDE_1.19.0/STM32CubeIDE/plugins/com.st.stm32cube.ide.mcu.externaltools.gnu-tools-for-stm32.13.3.rel1.win32_1.0.0.202411081344/tools/bin/../lib/gcc/arm-none-eabi/13.3.1/../../../../arm-none-eabi/lib/thumb/v7e-m+fp/hard\libm.a(libm_a-ef_pow.o)
                0x08011cc0                        . = ALIGN (0x4)

.ARM.extab      0x08011cc0        0x0
                0x08011cc0                        . = ALIGN (0x4)
 *(.ARM.extab* .gnu.linkonce.armextab.*)
                0x08011cc0                        . = ALIGN (0x4)

.ARM            0x08011cc0        0x8
                0x08011cc0                        . = ALIGN (0x4)
                0x08011cc0                        __exidx_start = .
 *(.ARM.exidx*)
 .ARM.exidx     0x08011cc0        0x8 C:/Programming/STM32CubeIDE_1.19.0/STM32CubeIDE/plugins/com.st.stm32cube.ide.mcu.externaltools.gnu-tools-for-stm32.13.3.rel1.win32_1.0.0.202411081344/tools/bin/../lib/gcc/arm-none-eabi/13.3.1/../../../../arm-none-eabi/lib/thumb/v7e-m+fp/hard\libc_nano.a(libc_a-strlen.o)
 .ARM.exidx     0x08011cc8        0x0 C:/Programming/STM32CubeIDE_1.19.0/STM32CubeIDE/plugins/com.st.stm32cube.ide.mcu.externaltools.gnu-tools-for-stm32.13.3.rel1.win32_1.0.0.202411081344/tools/bin/../lib/gcc/arm-none-eabi/13.3.1/../../../../arm-none-eabi/lib/thumb/v7e-m+fp/hard\libc_nano.a(libc_a-memchr.o)
                                  0x8 (size before relaxing)
 .ARM.exidx     0x08011cc8        0x0 C:/Programming/STM32CubeIDE_1.19.0/STM32CubeIDE/plugins/com.st.stm32cube.ide.mcu.externaltools.gnu-tools-for-stm32.13.3.rel1.win32_1.0.0.202411081344/tools/bin/../lib/gcc/arm-none-eabi/13.3.1/thumb/v7e-m+fp/hard\libgcc.a(_udivmoddi4.o)
                                  0x8 (size before relaxing)
                0x08011cc8                        __exidx_end = .
                0x08011cc8                        . = ALIGN (0x4)

.preinit_array  0x08011cc8        0x0
                0x08011cc8                        . = ALIGN (0x4)
                0x08011cc8                        PROVIDE (__preinit_array_start = .)
 *(.preinit_array*)
                0x08011cc8                        PROVIDE (__preinit_array_end = .)
                0x08011cc8                        . = ALIGN (0x4)

.init_array     0x08011cc8        0x4
                0x08011cc8                        . = ALIGN (0x4)
                0x08011cc8                        PROVIDE (__init_array_start = .)
 *(SORT_BY_NAME(.init_array.*))
 *(.init_array*)
 .init_array    0x08011cc8        0x4 C:/Programming/STM32CubeIDE_1.19.0/STM32CubeIDE/plugins/com.st.stm32cube.ide.mcu.externaltools.gnu-tools-for-stm32.13.3.rel1.win32_1.0.0.202411081344/tools/bin/../lib/gcc/arm-none-eabi/13.3.1/thumb/v7e-m+fp/hard/crtbegin.o
                0x08011ccc                        PROVIDE (__init_array_end = .)
                0x08011ccc                        . = ALIGN (0x4)

.fini_array     0x08011ccc        0x4
                0x08011ccc                        . = ALIGN (0x4)
                [!provide]                        PROVIDE (__fini_array_start = .)
 *(SORT_BY_NAME(.fini_array.*))
 *(.fini_array*)
 .fini_array    0x08011ccc        0x4 C:/Programming/STM32CubeIDE_1.19.0/STM32CubeIDE/plugins/com.st.stm32cube.ide.mcu.externaltools.gnu-tools-for-stm32.13.3.rel1.win32_1.0.0.202411081344/tools/bin/../lib/gcc/arm-none-eabi/13.3.1/thumb/v7e-m+fp/hard/crtbegin.o
                [!provide]                        PROVIDE (__fini_array_end = .)
                0x08011cd0                        . = ALIGN (0x4)
                0x08011cd0                        _sidata = LOADADDR (.data)

.rel.dyn        0x08011cd0        0x0
 .rel.iplt      0x08011cd0        0x0 C:/Programming/STM32CubeIDE_1.19.0/STM32CubeIDE/plugins/com.st.stm32cube.ide.mcu.externaltools.gnu-tools-for-stm32.13.3.rel1.win32_1.0.0.202411081344/tools/bin/../lib/gcc/arm-none-eabi/13.3.1/thumb/v7e-m+fp/hard/crtbegin.o

.data           0x20000000       0x78 load address 0x08011cd0
                0x20000000                        . = ALIGN (0x4)
                0x20000000                        _sdata = .
 *(.data)
 *(.data*)
 .data.Font_7x10
                0x20000000        0x8 ./Core/Src/fonts.o
                0x20000000                Font_7x10
 .data.Font_11x18
                0x20000008        0x8 ./Core/Src/fonts.o
                0x20000008                Font_11x18
 .data.Font_16x26
                0x20000010        0x8 ./Core/Src/fonts.o
                0x20000010                Font_16x26
 .data.DMA_MIN_SIZE
                0x20000018        0x2 ./Core/Src/st7789.o
                0x20000018                DMA_MIN_SIZE
 *fill*         0x2000001a        0x2 
 .data.SystemCoreClock
                0x2000001c        0x4 ./Core/Src/system_stm32f4xx.o
                0x2000001c                SystemCoreClock
 .data.uwTickPrio
                0x20000020        0x4 ./Drivers/STM32F4xx_HAL_Driver/Src/stm32f4xx_hal.o
                0x20000020                uwTickPrio
 .data.uwTickFreq
                0x20000024        0x1 ./Drivers/STM32F4xx_HAL_Driver/Src/stm32f4xx_hal.o
                0x20000024                uwTickFreq
 *fill*         0x20000025        0x3 
 .data._impure_ptr
                0x20000028        0x4 C:/Programming/STM32CubeIDE_1.19.0/STM32CubeIDE/plugins/com.st.stm32cube.ide.mcu.externaltools.gnu-tools-for-stm32.13.3.rel1.win32_1.0.0.202411081344/tools/bin/../lib/gcc/arm-none-eabi/13.3.1/../../../../arm-none-eabi/lib/thumb/v7e-m+fp/hard\libc_nano.a(libc_a-impure.o)
                0x20000028                _impure_ptr
 .data._impure_data
                0x2000002c       0x4c C:/Programming/STM32CubeIDE_1.19.0/STM32CubeIDE/plugins/com.st.stm32cube.ide.mcu.externaltools.gnu-tools-for-stm32.13.3.rel1.win32_1.0.0.202411081344/tools/bin/../lib/gcc/arm-none-eabi/13.3.1/../../../../arm-none-eabi/lib/thumb/v7e-m+fp/hard\libc_nano.a(libc_a-impure.o)
                0x2000002c                _impure_data
 *(.RamFunc)
 *(.RamFunc*)
                0x20000078                        . = ALIGN (0x4)
                0x20000078                        _edata = .

.igot.plt       0x20000078        0x0 load address 0x08011d48
 .igot.plt      0x20000078        0x0 C:/Programming/STM32CubeIDE_1.19.0/STM32CubeIDE/plugins/com.st.stm32cube.ide.mcu.externaltools.gnu-tools-for-stm32.13.3.rel1.win32_1.0.0.202411081344/tools/bin/../lib/gcc/arm-none-eabi/13.3.1/thumb/v7e-m+fp/hard/crtbegin.o
                0x20000078                        . = ALIGN (0x4)

.bss            0x20000078     0x99b0 load address 0x08011d48
                0x20000078                        _sbss = .
                0x20000078                        __bss_start__ = _sbss
 *(.bss)
 .bss           0x20000078       0x1c C:/Programming/STM32CubeIDE_1.19.0/STM32CubeIDE/plugins/com.st.stm32cube.ide.mcu.externaltools.gnu-tools-for-stm32.13.3.rel1.win32_1.0.0.202411081344/tools/bin/../lib/gcc/arm-none-eabi/13.3.1/thumb/v7e-m+fp/hard/crtbegin.o
 *(.bss*)
 .bss.hadc1     0x20000094       0x48 ./Core/Src/main.o
                0x20000094                hadc1
 .bss.hspi1     0x200000dc       0x58 ./Core/Src/main.o
                0x200000dc                hspi1
 .bss.hdma_spi1_tx
                0x20000134       0x60 ./Core/Src/main.o
                0x20000134                hdma_spi1_tx
 .bss.htim2     0x20000194       0x48 ./Core/Src/main.o
                0x20000194                htim2
 .bss.huart2    0x200001dc       0x48 ./Core/Src/main.o
                0x200001dc                huart2
 .bss.huart3    0x20000224       0x48 ./Core/Src/main.o
                0x20000224                huart3
 .bss.encoder1  0x2000026c       0x10 ./Core/Src/main.o
                0x2000026c                encoder1
 .bss.pot1      0x2000027c       0x14 ./Core/Src/main.o
                0x2000027c                pot1
 .bss.disp_buf  0x20000290     0x9600 ./Core/Src/st7789.o
                0x20000290                disp_buf
 .bss.htim6     0x20009890       0x48 ./Core/Src/stm32f4xx_hal_timebase_tim.o
                0x20009890                htim6
 .bss.__sbrk_heap_end
                0x200098d8        0x4 ./Core/Src/sysmem.o
 .bss.uwTick    0x200098dc        0x4 ./Drivers/STM32F4xx_HAL_Driver/Src/stm32f4xx_hal.o
                0x200098dc                uwTick
 .bss.__malloc_sbrk_start
                0x200098e0        0x4 C:/Programming/STM32CubeIDE_1.19.0/STM32CubeIDE/plugins/com.st.stm32cube.ide.mcu.externaltools.gnu-tools-for-stm32.13.3.rel1.win32_1.0.0.202411081344/tools/bin/../lib/gcc/arm-none-eabi/13.3.1/../../../../arm-none-eabi/lib/thumb/v7e-m+fp/hard\libc_nano.a(libc_a-mallocr.o)
                0x200098e0                __malloc_sbrk_start
 .bss.__malloc_free_list
                0x200098e4        0x4 C:/Programming/STM32CubeIDE_1.19.0/STM32CubeIDE/plugins/com.st.stm32cube.ide.mcu.externaltools.gnu-tools-for-stm32.13.3.rel1.win32_1.0.0.202411081344/tools/bin/../lib/gcc/arm-none-eabi/13.3.1/../../../../arm-none-eabi/lib/thumb/v7e-m+fp/hard\libc_nano.a(libc_a-mallocr.o)
                0x200098e4                __malloc_free_list
 .bss.__sf      0x200098e8      0x138 C:/Programming/STM32CubeIDE_1.19.0/STM32CubeIDE/plugins/com.st.stm32cube.ide.mcu.externaltools.gnu-tools-for-stm32.13.3.rel1.win32_1.0.0.202411081344/tools/bin/../lib/gcc/arm-none-eabi/13.3.1/../../../../arm-none-eabi/lib/thumb/v7e-m+fp/hard\libc_nano.a(libc_a-findfp.o)
                0x200098e8                __sf
 .bss.errno     0x20009a20        0x4 C:/Programming/STM32CubeIDE_1.19.0/STM32CubeIDE/plugins/com.st.stm32cube.ide.mcu.externaltools.gnu-tools-for-stm32.13.3.rel1.win32_1.0.0.202411081344/tools/bin/../lib/gcc/arm-none-eabi/13.3.1/../../../../arm-none-eabi/lib/thumb/v7e-m+fp/hard\libc_nano.a(libc_a-reent.o)
                0x20009a20                errno
 .bss.__lock___malloc_recursive_mutex
                0x20009a24        0x1 C:/Programming/STM32CubeIDE_1.19.0/STM32CubeIDE/plugins/com.st.stm32cube.ide.mcu.externaltools.gnu-tools-for-stm32.13.3.rel1.win32_1.0.0.202411081344/tools/bin/../lib/gcc/arm-none-eabi/13.3.1/../../../../arm-none-eabi/lib/thumb/v7e-m+fp/hard\libc_nano.a(libc_a-lock.o)
                0x20009a24                __lock___malloc_recursive_mutex
 *(COMMON)
                0x20009a28                        . = ALIGN (0x4)
 *fill*         0x20009a25        0x3 
                0x20009a28                        _ebss = .
                0x20009a28                        __bss_end__ = _ebss

._user_heap_stack
                0x20009a28      0x600 load address 0x08011d48
                0x20009a28                        . = ALIGN (0x8)
                [!provide]                        PROVIDE (end = .)
                0x20009a28                        PROVIDE (_end = .)
                0x20009c28                        . = (. + _Min_Heap_Size)
 *fill*         0x20009a28      0x200 
                0x2000a028                        . = (. + _Min_Stack_Size)
 *fill*         0x20009c28      0x400 
                0x2000a028                        . = ALIGN (0x8)

/DISCARD/
 libc.a(*)
 libm.a(*)
 libgcc.a(*)

.ARM.attributes
                0x00000000       0x30
 *(.ARM.attributes)
 .ARM.attributes
                0x00000000       0x22 C:/Programming/STM32CubeIDE_1.19.0/STM32CubeIDE/plugins/com.st.stm32cube.ide.mcu.externaltools.gnu-tools-for-stm32.13.3.rel1.win32_1.0.0.202411081344/tools/bin/../lib/gcc/arm-none-eabi/13.3.1/thumb/v7e-m+fp/hard/crti.o
 .ARM.attributes
                0x00000022       0x34 C:/Programming/STM32CubeIDE_1.19.0/STM32CubeIDE/plugins/com.st.stm32cube.ide.mcu.externaltools.gnu-tools-for-stm32.13.3.rel1.win32_1.0.0.202411081344/tools/bin/../lib/gcc/arm-none-eabi/13.3.1/thumb/v7e-m+fp/hard/crtbegin.o
 .ARM.attributes
                0x00000056       0x34 ./Core/Src/debug.o
 .ARM.attributes
                0x0000008a       0x34 ./Core/Src/encoder.o
 .ARM.attributes
                0x000000be       0x34 ./Core/Src/fonts.o
 .ARM.attributes
                0x000000f2       0x34 ./Core/Src/main.o
 .ARM.attributes
                0x00000126       0x34 ./Core/Src/potentiometer.o
 .ARM.attributes
                0x0000015a       0x34 ./Core/Src/st7789.o
 .ARM.attributes
                0x0000018e       0x34 ./Core/Src/stm32f4xx_hal_msp.o
 .ARM.attributes
                0x000001c2       0x34 ./Core/Src/stm32f4xx_hal_timebase_tim.o
 .ARM.attributes
                0x000001f6       0x34 ./Core/Src/stm32f4xx_it.o
 .ARM.attributes
                0x0000022a       0x34 ./Core/Src/sysmem.o
 .ARM.attributes
                0x0000025e       0x34 ./Core/Src/system_stm32f4xx.o
 .ARM.attributes
                0x00000292       0x21 ./Core/Startup/startup_stm32f446retx.o
 .ARM.attributes
                0x000002b3       0x34 ./Drivers/STM32F4xx_HAL_Driver/Src/stm32f4xx_hal.o
 .ARM.attributes
                0x000002e7       0x34 ./Drivers/STM32F4xx_HAL_Driver/Src/stm32f4xx_hal_adc.o
 .ARM.attributes
                0x0000031b       0x34 ./Drivers/STM32F4xx_HAL_Driver/Src/stm32f4xx_hal_cortex.o
 .ARM.attributes
                0x0000034f       0x34 ./Drivers/STM32F4xx_HAL_Driver/Src/stm32f4xx_hal_dma.o
 .ARM.attributes
                0x00000383       0x34 ./Drivers/STM32F4xx_HAL_Driver/Src/stm32f4xx_hal_gpio.o
 .ARM.attributes
                0x000003b7       0x34 ./Drivers/STM32F4xx_HAL_Driver/Src/stm32f4xx_hal_rcc.o
 .ARM.attributes
                0x000003eb       0x34 ./Drivers/STM32F4xx_HAL_Driver/Src/stm32f4xx_hal_rcc_ex.o
 .ARM.attributes
                0x0000041f       0x34 ./Drivers/STM32F4xx_HAL_Driver/Src/stm32f4xx_hal_spi.o
 .ARM.attributes
                0x00000453       0x34 ./Drivers/STM32F4xx_HAL_Driver/Src/stm32f4xx_hal_tim.o
 .ARM.attributes
                0x00000487       0x34 ./Drivers/STM32F4xx_HAL_Driver/Src/stm32f4xx_hal_tim_ex.o
 .ARM.attributes
                0x000004bb       0x34 ./Drivers/STM32F4xx_HAL_Driver/Src/stm32f4xx_hal_uart.o
 .ARM.attributes
                0x000004ef       0x34 C:/Programming/STM32CubeIDE_1.19.0/STM32CubeIDE/plugins/com.st.stm32cube.ide.mcu.externaltools.gnu-tools-for-stm32.13.3.rel1.win32_1.0.0.202411081344/tools/bin/../lib/gcc/arm-none-eabi/13.3.1/../../../../arm-none-eabi/lib/thumb/v7e-m+fp/hard\libc_nano.a(libc_a-mallocr.o)
 .ARM.attributes
                0x00000523       0x34 C:/Programming/STM32CubeIDE_1.19.0/STM32CubeIDE/plugins/com.st.stm32cube.ide.mcu.externaltools.gnu-tools-for-stm32.13.3.rel1.win32_1.0.0.202411081344/tools/bin/../lib/gcc/arm-none-eabi/13.3.1/../../../../arm-none-eabi/lib/thumb/v7e-m+fp/hard\libc_nano.a(libc_a-mlock.o)
 .ARM.attributes
                0x00000557       0x34 C:/Programming/STM32CubeIDE_1.19.0/STM32CubeIDE/plugins/com.st.stm32cube.ide.mcu.externaltools.gnu-tools-for-stm32.13.3.rel1.win32_1.0.0.202411081344/tools/bin/../lib/gcc/arm-none-eabi/13.3.1/../../../../arm-none-eabi/lib/thumb/v7e-m+fp/hard\libc_nano.a(libc_a-findfp.o)
 .ARM.attributes
                0x0000058b       0x34 C:/Programming/STM32CubeIDE_1.19.0/STM32CubeIDE/plugins/com.st.stm32cube.ide.mcu.externaltools.gnu-tools-for-stm32.13.3.rel1.win32_1.0.0.202411081344/tools/bin/../lib/gcc/arm-none-eabi/13.3.1/../../../../arm-none-eabi/lib/thumb/v7e-m+fp/hard\libc_nano.a(libc_a-vsnprintf.o)
 .ARM.attributes
                0x000005bf       0x34 C:/Programming/STM32CubeIDE_1.19.0/STM32CubeIDE/plugins/com.st.stm32cube.ide.mcu.externaltools.gnu-tools-for-stm32.13.3.rel1.win32_1.0.0.202411081344/tools/bin/../lib/gcc/arm-none-eabi/13.3.1/../../../../arm-none-eabi/lib/thumb/v7e-m+fp/hard\libc_nano.a(libc_a-memset.o)
 .ARM.attributes
                0x000005f3       0x34 C:/Programming/STM32CubeIDE_1.19.0/STM32CubeIDE/plugins/com.st.stm32cube.ide.mcu.externaltools.gnu-tools-for-stm32.13.3.rel1.win32_1.0.0.202411081344/tools/bin/../lib/gcc/arm-none-eabi/13.3.1/../../../../arm-none-eabi/lib/thumb/v7e-m+fp/hard\libc_nano.a(libc_a-reent.o)
 .ARM.attributes
                0x00000627       0x34 C:/Programming/STM32CubeIDE_1.19.0/STM32CubeIDE/plugins/com.st.stm32cube.ide.mcu.externaltools.gnu-tools-for-stm32.13.3.rel1.win32_1.0.0.202411081344/tools/bin/../lib/gcc/arm-none-eabi/13.3.1/../../../../arm-none-eabi/lib/thumb/v7e-m+fp/hard\libc_nano.a(libc_a-impure.o)
 .ARM.attributes
                0x0000065b       0x34 C:/Programming/STM32CubeIDE_1.19.0/STM32CubeIDE/plugins/com.st.stm32cube.ide.mcu.externaltools.gnu-tools-for-stm32.13.3.rel1.win32_1.0.0.202411081344/tools/bin/../lib/gcc/arm-none-eabi/13.3.1/../../../../arm-none-eabi/lib/thumb/v7e-m+fp/hard\libc_nano.a(libc_a-sbrkr.o)
 .ARM.attributes
                0x0000068f       0x34 C:/Programming/STM32CubeIDE_1.19.0/STM32CubeIDE/plugins/com.st.stm32cube.ide.mcu.externaltools.gnu-tools-for-stm32.13.3.rel1.win32_1.0.0.202411081344/tools/bin/../lib/gcc/arm-none-eabi/13.3.1/../../../../arm-none-eabi/lib/thumb/v7e-m+fp/hard\libc_nano.a(libc_a-errno.o)
 .ARM.attributes
                0x000006c3       0x34 C:/Programming/STM32CubeIDE_1.19.0/STM32CubeIDE/plugins/com.st.stm32cube.ide.mcu.externaltools.gnu-tools-for-stm32.13.3.rel1.win32_1.0.0.202411081344/tools/bin/../lib/gcc/arm-none-eabi/13.3.1/../../../../arm-none-eabi/lib/thumb/v7e-m+fp/hard\libc_nano.a(libc_a-init.o)
 .ARM.attributes
                0x000006f7       0x34 C:/Programming/STM32CubeIDE_1.19.0/STM32CubeIDE/plugins/com.st.stm32cube.ide.mcu.externaltools.gnu-tools-for-stm32.13.3.rel1.win32_1.0.0.202411081344/tools/bin/../lib/gcc/arm-none-eabi/13.3.1/../../../../arm-none-eabi/lib/thumb/v7e-m+fp/hard\libc_nano.a(libc_a-lock.o)
 .ARM.attributes
                0x0000072b       0x17 C:/Programming/STM32CubeIDE_1.19.0/STM32CubeIDE/plugins/com.st.stm32cube.ide.mcu.externaltools.gnu-tools-for-stm32.13.3.rel1.win32_1.0.0.202411081344/tools/bin/../lib/gcc/arm-none-eabi/13.3.1/../../../../arm-none-eabi/lib/thumb/v7e-m+fp/hard\libc_nano.a(libc_a-strlen.o)
 .ARM.attributes
                0x00000742       0x34 C:/Programming/STM32CubeIDE_1.19.0/STM32CubeIDE/plugins/com.st.stm32cube.ide.mcu.externaltools.gnu-tools-for-stm32.13.3.rel1.win32_1.0.0.202411081344/tools/bin/../lib/gcc/arm-none-eabi/13.3.1/../../../../arm-none-eabi/lib/thumb/v7e-m+fp/hard\libc_nano.a(libc_a-freer.o)
 .ARM.attributes
                0x00000776       0x34 C:/Programming/STM32CubeIDE_1.19.0/STM32CubeIDE/plugins/com.st.stm32cube.ide.mcu.externaltools.gnu-tools-for-stm32.13.3.rel1.win32_1.0.0.202411081344/tools/bin/../lib/gcc/arm-none-eabi/13.3.1/../../../../arm-none-eabi/lib/thumb/v7e-m+fp/hard\libc_nano.a(libc_a-nano-svfprintf.o)
 .ARM.attributes
                0x000007aa       0x34 C:/Programming/STM32CubeIDE_1.19.0/STM32CubeIDE/plugins/com.st.stm32cube.ide.mcu.externaltools.gnu-tools-for-stm32.13.3.rel1.win32_1.0.0.202411081344/tools/bin/../lib/gcc/arm-none-eabi/13.3.1/../../../../arm-none-eabi/lib/thumb/v7e-m+fp/hard\libc_nano.a(libc_a-nano-vfprintf_i.o)
 .ARM.attributes
                0x000007de       0x34 C:/Programming/STM32CubeIDE_1.19.0/STM32CubeIDE/plugins/com.st.stm32cube.ide.mcu.externaltools.gnu-tools-for-stm32.13.3.rel1.win32_1.0.0.202411081344/tools/bin/../lib/gcc/arm-none-eabi/13.3.1/../../../../arm-none-eabi/lib/thumb/v7e-m+fp/hard\libc_nano.a(libc_a-memmove.o)
 .ARM.attributes
                0x00000812       0x1c C:/Programming/STM32CubeIDE_1.19.0/STM32CubeIDE/plugins/com.st.stm32cube.ide.mcu.externaltools.gnu-tools-for-stm32.13.3.rel1.win32_1.0.0.202411081344/tools/bin/../lib/gcc/arm-none-eabi/13.3.1/../../../../arm-none-eabi/lib/thumb/v7e-m+fp/hard\libc_nano.a(libc_a-memchr.o)
 .ARM.attributes
                0x0000082e       0x34 C:/Programming/STM32CubeIDE_1.19.0/STM32CubeIDE/plugins/com.st.stm32cube.ide.mcu.externaltools.gnu-tools-for-stm32.13.3.rel1.win32_1.0.0.202411081344/tools/bin/../lib/gcc/arm-none-eabi/13.3.1/../../../../arm-none-eabi/lib/thumb/v7e-m+fp/hard\libc_nano.a(libc_a-memcpy-stub.o)
 .ARM.attributes
                0x00000862       0x34 C:/Programming/STM32CubeIDE_1.19.0/STM32CubeIDE/plugins/com.st.stm32cube.ide.mcu.externaltools.gnu-tools-for-stm32.13.3.rel1.win32_1.0.0.202411081344/tools/bin/../lib/gcc/arm-none-eabi/13.3.1/../../../../arm-none-eabi/lib/thumb/v7e-m+fp/hard\libc_nano.a(libc_a-reallocr.o)
 .ARM.attributes
                0x00000896       0x34 C:/Programming/STM32CubeIDE_1.19.0/STM32CubeIDE/plugins/com.st.stm32cube.ide.mcu.externaltools.gnu-tools-for-stm32.13.3.rel1.win32_1.0.0.202411081344/tools/bin/../lib/gcc/arm-none-eabi/13.3.1/../../../../arm-none-eabi/lib/thumb/v7e-m+fp/hard\libc_nano.a(libc_a-msizer.o)
 .ARM.attributes
                0x000008ca       0x34 C:/Programming/STM32CubeIDE_1.19.0/STM32CubeIDE/plugins/com.st.stm32cube.ide.mcu.externaltools.gnu-tools-for-stm32.13.3.rel1.win32_1.0.0.202411081344/tools/bin/../lib/gcc/arm-none-eabi/13.3.1/../../../../arm-none-eabi/lib/thumb/v7e-m+fp/hard\libm.a(libm_a-wf_pow.o)
 .ARM.attributes
                0x000008fe       0x34 C:/Programming/STM32CubeIDE_1.19.0/STM32CubeIDE/plugins/com.st.stm32cube.ide.mcu.externaltools.gnu-tools-for-stm32.13.3.rel1.win32_1.0.0.202411081344/tools/bin/../lib/gcc/arm-none-eabi/13.3.1/../../../../arm-none-eabi/lib/thumb/v7e-m+fp/hard\libm.a(libm_a-sf_finite.o)
 .ARM.attributes
                0x00000932       0x34 C:/Programming/STM32CubeIDE_1.19.0/STM32CubeIDE/plugins/com.st.stm32cube.ide.mcu.externaltools.gnu-tools-for-stm32.13.3.rel1.win32_1.0.0.202411081344/tools/bin/../lib/gcc/arm-none-eabi/13.3.1/../../../../arm-none-eabi/lib/thumb/v7e-m+fp/hard\libm.a(libm_a-ef_pow.o)
 .ARM.attributes
                0x00000966       0x34 C:/Programming/STM32CubeIDE_1.19.0/STM32CubeIDE/plugins/com.st.stm32cube.ide.mcu.externaltools.gnu-tools-for-stm32.13.3.rel1.win32_1.0.0.202411081344/tools/bin/../lib/gcc/arm-none-eabi/13.3.1/../../../../arm-none-eabi/lib/thumb/v7e-m+fp/hard\libm.a(libm_a-sf_fabs.o)
 .ARM.attributes
                0x0000099a       0x34 C:/Programming/STM32CubeIDE_1.19.0/STM32CubeIDE/plugins/com.st.stm32cube.ide.mcu.externaltools.gnu-tools-for-stm32.13.3.rel1.win32_1.0.0.202411081344/tools/bin/../lib/gcc/arm-none-eabi/13.3.1/../../../../arm-none-eabi/lib/thumb/v7e-m+fp/hard\libm.a(libm_a-sf_scalbn.o)
 .ARM.attributes
                0x000009ce       0x34 C:/Programming/STM32CubeIDE_1.19.0/STM32CubeIDE/plugins/com.st.stm32cube.ide.mcu.externaltools.gnu-tools-for-stm32.13.3.rel1.win32_1.0.0.202411081344/tools/bin/../lib/gcc/arm-none-eabi/13.3.1/../../../../arm-none-eabi/lib/thumb/v7e-m+fp/hard\libm.a(libm_a-math_errf.o)
 .ARM.attributes
                0x00000a02       0x34 C:/Programming/STM32CubeIDE_1.19.0/STM32CubeIDE/plugins/com.st.stm32cube.ide.mcu.externaltools.gnu-tools-for-stm32.13.3.rel1.win32_1.0.0.202411081344/tools/bin/../lib/gcc/arm-none-eabi/13.3.1/../../../../arm-none-eabi/lib/thumb/v7e-m+fp/hard\libm.a(libm_a-ef_sqrt.o)
 .ARM.attributes
                0x00000a36       0x22 C:/Programming/STM32CubeIDE_1.19.0/STM32CubeIDE/plugins/com.st.stm32cube.ide.mcu.externaltools.gnu-tools-for-stm32.13.3.rel1.win32_1.0.0.202411081344/tools/bin/../lib/gcc/arm-none-eabi/13.3.1/thumb/v7e-m+fp/hard\libgcc.a(_aeabi_uldivmod.o)
 .ARM.attributes
                0x00000a58       0x34 C:/Programming/STM32CubeIDE_1.19.0/STM32CubeIDE/plugins/com.st.stm32cube.ide.mcu.externaltools.gnu-tools-for-stm32.13.3.rel1.win32_1.0.0.202411081344/tools/bin/../lib/gcc/arm-none-eabi/13.3.1/thumb/v7e-m+fp/hard\libgcc.a(_udivmoddi4.o)
 .ARM.attributes
                0x00000a8c       0x22 C:/Programming/STM32CubeIDE_1.19.0/STM32CubeIDE/plugins/com.st.stm32cube.ide.mcu.externaltools.gnu-tools-for-stm32.13.3.rel1.win32_1.0.0.202411081344/tools/bin/../lib/gcc/arm-none-eabi/13.3.1/thumb/v7e-m+fp/hard\libgcc.a(_dvmd_tls.o)
 .ARM.attributes
                0x00000aae       0x22 C:/Programming/STM32CubeIDE_1.19.0/STM32CubeIDE/plugins/com.st.stm32cube.ide.mcu.externaltools.gnu-tools-for-stm32.13.3.rel1.win32_1.0.0.202411081344/tools/bin/../lib/gcc/arm-none-eabi/13.3.1/thumb/v7e-m+fp/hard/crtn.o
OUTPUT(Poly3.elf elf32-littlearm)
LOAD linker stubs
LOAD C:/Programming/STM32CubeIDE_1.19.0/STM32CubeIDE/plugins/com.st.stm32cube.ide.mcu.externaltools.gnu-tools-for-stm32.13.3.rel1.win32_1.0.0.202411081344/tools/bin/../lib/gcc/arm-none-eabi/13.3.1/../../../../arm-none-eabi/lib/thumb/v7e-m+fp/hard\libc.a
LOAD C:/Programming/STM32CubeIDE_1.19.0/STM32CubeIDE/plugins/com.st.stm32cube.ide.mcu.externaltools.gnu-tools-for-stm32.13.3.rel1.win32_1.0.0.202411081344/tools/bin/../lib/gcc/arm-none-eabi/13.3.1/../../../../arm-none-eabi/lib/thumb/v7e-m+fp/hard\libm.a
LOAD C:/Programming/STM32CubeIDE_1.19.0/STM32CubeIDE/plugins/com.st.stm32cube.ide.mcu.externaltools.gnu-tools-for-stm32.13.3.rel1.win32_1.0.0.202411081344/tools/bin/../lib/gcc/arm-none-eabi/13.3.1/thumb/v7e-m+fp/hard\libgcc.a

.debug_info     0x00000000    0x13e12
 .debug_info    0x00000000      0x6ea ./Core/Src/debug.o
 .debug_info    0x000006ea      0x326 ./Core/Src/encoder.o
 .debug_info    0x00000a10      0x1e9 ./Core/Src/fonts.o
 .debug_info    0x00000bf9     0x1c8a ./Core/Src/main.o
 .debug_info    0x00002883      0xa0c ./Core/Src/potentiometer.o
 .debug_info    0x0000328f     0x11a3 ./Core/Src/st7789.o
 .debug_info    0x00004432     0x1638 ./Core/Src/stm32f4xx_hal_msp.o
 .debug_info    0x00005a6a      0xc44 ./Core/Src/stm32f4xx_hal_timebase_tim.o
 .debug_info    0x000066ae      0x71e ./Core/Src/stm32f4xx_it.o
 .debug_info    0x00006dcc      0x168 ./Core/Src/sysmem.o
 .debug_info    0x00006f34      0x54a ./Core/Src/system_stm32f4xx.o
 .debug_info    0x0000747e       0x30 ./Core/Startup/startup_stm32f446retx.o
 .debug_info    0x000074ae      0x99a ./Drivers/STM32F4xx_HAL_Driver/Src/stm32f4xx_hal.o
 .debug_info    0x00007e48      0xce3 ./Drivers/STM32F4xx_HAL_Driver/Src/stm32f4xx_hal_adc.o
 .debug_info    0x00008b2b      0xdaa ./Drivers/STM32F4xx_HAL_Driver/Src/stm32f4xx_hal_cortex.o
 .debug_info    0x000098d5      0x8e7 ./Drivers/STM32F4xx_HAL_Driver/Src/stm32f4xx_hal_dma.o
 .debug_info    0x0000a1bc      0x70b ./Drivers/STM32F4xx_HAL_Driver/Src/stm32f4xx_hal_gpio.o
 .debug_info    0x0000a8c7      0x8ff ./Drivers/STM32F4xx_HAL_Driver/Src/stm32f4xx_hal_rcc.o
 .debug_info    0x0000b1c6      0x960 ./Drivers/STM32F4xx_HAL_Driver/Src/stm32f4xx_hal_rcc_ex.o
 .debug_info    0x0000bb26     0x1525 ./Drivers/STM32F4xx_HAL_Driver/Src/stm32f4xx_hal_spi.o
 .debug_info    0x0000d04b     0x299d ./Drivers/STM32F4xx_HAL_Driver/Src/stm32f4xx_hal_tim.o
 .debug_info    0x0000f9e8     0x14db ./Drivers/STM32F4xx_HAL_Driver/Src/stm32f4xx_hal_tim_ex.o
 .debug_info    0x00010ec3     0x2f4f ./Drivers/STM32F4xx_HAL_Driver/Src/stm32f4xx_hal_uart.o

.debug_abbrev   0x00000000     0x2fa1
 .debug_abbrev  0x00000000      0x1e2 ./Core/Src/debug.o
 .debug_abbrev  0x000001e2      0x1a2 ./Core/Src/encoder.o
 .debug_abbrev  0x00000384       0xd3 ./Core/Src/fonts.o
 .debug_abbrev  0x00000457      0x373 ./Core/Src/main.o
 .debug_abbrev  0x000007ca      0x238 ./Core/Src/potentiometer.o
 .debug_abbrev  0x00000a02      0x2cc ./Core/Src/st7789.o
 .debug_abbrev  0x00000cce      0x25e ./Core/Src/stm32f4xx_hal_msp.o
 .debug_abbrev  0x00000f2c      0x1f4 ./Core/Src/stm32f4xx_hal_timebase_tim.o
 .debug_abbrev  0x00001120      0x181 ./Core/Src/stm32f4xx_it.o
 .debug_abbrev  0x000012a1       0xbc ./Core/Src/sysmem.o
 .debug_abbrev  0x0000135d      0x11a ./Core/Src/system_stm32f4xx.o
 .debug_abbrev  0x00001477       0x24 ./Core/Startup/startup_stm32f446retx.o
 .debug_abbrev  0x0000149b      0x214 ./Drivers/STM32F4xx_HAL_Driver/Src/stm32f4xx_hal.o
 .debug_abbrev  0x000016af      0x252 ./Drivers/STM32F4xx_HAL_Driver/Src/stm32f4xx_hal_adc.o
 .debug_abbrev  0x00001901      0x31d ./Drivers/STM32F4xx_HAL_Driver/Src/stm32f4xx_hal_cortex.o
 .debug_abbrev  0x00001c1e      0x264 ./Drivers/STM32F4xx_HAL_Driver/Src/stm32f4xx_hal_dma.o
 .debug_abbrev  0x00001e82      0x1d4 ./Drivers/STM32F4xx_HAL_Driver/Src/stm32f4xx_hal_gpio.o
 .debug_abbrev  0x00002056      0x2b7 ./Drivers/STM32F4xx_HAL_Driver/Src/stm32f4xx_hal_rcc.o
 .debug_abbrev  0x0000230d      0x211 ./Drivers/STM32F4xx_HAL_Driver/Src/stm32f4xx_hal_rcc_ex.o
 .debug_abbrev  0x0000251e      0x27a ./Drivers/STM32F4xx_HAL_Driver/Src/stm32f4xx_hal_spi.o
 .debug_abbrev  0x00002798      0x278 ./Drivers/STM32F4xx_HAL_Driver/Src/stm32f4xx_hal_tim.o
 .debug_abbrev  0x00002a10      0x283 ./Drivers/STM32F4xx_HAL_Driver/Src/stm32f4xx_hal_tim_ex.o
 .debug_abbrev  0x00002c93      0x30e ./Drivers/STM32F4xx_HAL_Driver/Src/stm32f4xx_hal_uart.o

.debug_aranges  0x00000000     0x11b0
 .debug_aranges
                0x00000000       0x30 ./Core/Src/debug.o
 .debug_aranges
                0x00000030       0x48 ./Core/Src/encoder.o
 .debug_aranges
                0x00000078       0x18 ./Core/Src/fonts.o
 .debug_aranges
                0x00000090       0x78 ./Core/Src/main.o
 .debug_aranges
                0x00000108       0x60 ./Core/Src/potentiometer.o
 .debug_aranges
                0x00000168       0xd0 ./Core/Src/st7789.o
 .debug_aranges
                0x00000238       0x60 ./Core/Src/stm32f4xx_hal_msp.o
 .debug_aranges
                0x00000298       0x30 ./Core/Src/stm32f4xx_hal_timebase_tim.o
 .debug_aranges
                0x000002c8       0x78 ./Core/Src/stm32f4xx_it.o
 .debug_aranges
                0x00000340       0x20 ./Core/Src/sysmem.o
 .debug_aranges
                0x00000360       0x28 ./Core/Src/system_stm32f4xx.o
 .debug_aranges
                0x00000388       0x28 ./Core/Startup/startup_stm32f446retx.o
 .debug_aranges
                0x000003b0       0xf0 ./Drivers/STM32F4xx_HAL_Driver/Src/stm32f4xx_hal.o
 .debug_aranges
                0x000004a0       0xe8 ./Drivers/STM32F4xx_HAL_Driver/Src/stm32f4xx_hal_adc.o
 .debug_aranges
                0x00000588      0x130 ./Drivers/STM32F4xx_HAL_Driver/Src/stm32f4xx_hal_cortex.o
 .debug_aranges
                0x000006b8       0x90 ./Drivers/STM32F4xx_HAL_Driver/Src/stm32f4xx_hal_dma.o
 .debug_aranges
                0x00000748       0x58 ./Drivers/STM32F4xx_HAL_Driver/Src/stm32f4xx_hal_gpio.o
 .debug_aranges
                0x000007a0       0x88 ./Drivers/STM32F4xx_HAL_Driver/Src/stm32f4xx_hal_rcc.o
 .debug_aranges
                0x00000828       0x78 ./Drivers/STM32F4xx_HAL_Driver/Src/stm32f4xx_hal_rcc_ex.o
 .debug_aranges
                0x000008a0      0x1d0 ./Drivers/STM32F4xx_HAL_Driver/Src/stm32f4xx_hal_spi.o
 .debug_aranges
                0x00000a70      0x3d0 ./Drivers/STM32F4xx_HAL_Driver/Src/stm32f4xx_hal_tim.o
 .debug_aranges
                0x00000e40      0x168 ./Drivers/STM32F4xx_HAL_Driver/Src/stm32f4xx_hal_tim_ex.o
 .debug_aranges
                0x00000fa8      0x208 ./Drivers/STM32F4xx_HAL_Driver/Src/stm32f4xx_hal_uart.o

.debug_rnglists
                0x00000000      0xdb8
 .debug_rnglists
                0x00000000       0x1f ./Core/Src/debug.o
 .debug_rnglists
                0x0000001f       0x33 ./Core/Src/encoder.o
 .debug_rnglists
                0x00000052       0x5a ./Core/Src/main.o
 .debug_rnglists
                0x000000ac       0x45 ./Core/Src/potentiometer.o
 .debug_rnglists
                0x000000f1       0xa5 ./Core/Src/st7789.o
 .debug_rnglists
                0x00000196       0x46 ./Core/Src/stm32f4xx_hal_msp.o
 .debug_rnglists
                0x000001dc       0x20 ./Core/Src/stm32f4xx_hal_timebase_tim.o
 .debug_rnglists
                0x000001fc       0x55 ./Core/Src/stm32f4xx_it.o
 .debug_rnglists
                0x00000251       0x13 ./Core/Src/sysmem.o
 .debug_rnglists
                0x00000264       0x1a ./Core/Src/system_stm32f4xx.o
 .debug_rnglists
                0x0000027e       0x19 ./Core/Startup/startup_stm32f446retx.o
 .debug_rnglists
                0x00000297       0xaf ./Drivers/STM32F4xx_HAL_Driver/Src/stm32f4xx_hal.o
 .debug_rnglists
                0x00000346       0xb5 ./Drivers/STM32F4xx_HAL_Driver/Src/stm32f4xx_hal_adc.o
 .debug_rnglists
                0x000003fb       0xe0 ./Drivers/STM32F4xx_HAL_Driver/Src/stm32f4xx_hal_cortex.o
 .debug_rnglists
                0x000004db       0x70 ./Drivers/STM32F4xx_HAL_Driver/Src/stm32f4xx_hal_dma.o
 .debug_rnglists
                0x0000054b       0x3f ./Drivers/STM32F4xx_HAL_Driver/Src/stm32f4xx_hal_gpio.o
 .debug_rnglists
                0x0000058a       0x66 ./Drivers/STM32F4xx_HAL_Driver/Src/stm32f4xx_hal_rcc.o
 .debug_rnglists
                0x000005f0       0x5e ./Drivers/STM32F4xx_HAL_Driver/Src/stm32f4xx_hal_rcc_ex.o
 .debug_rnglists
                0x0000064e      0x16f ./Drivers/STM32F4xx_HAL_Driver/Src/stm32f4xx_hal_spi.o
 .debug_rnglists
                0x000007bd      0x31a ./Drivers/STM32F4xx_HAL_Driver/Src/stm32f4xx_hal_tim.o
 .debug_rnglists
                0x00000ad7      0x125 ./Drivers/STM32F4xx_HAL_Driver/Src/stm32f4xx_hal_tim_ex.o
 .debug_rnglists
                0x00000bfc      0x1bc ./Drivers/STM32F4xx_HAL_Driver/Src/stm32f4xx_hal_uart.o

.debug_macro    0x00000000    0x24a37
 .debug_macro   0x00000000      0x334 ./Core/Src/debug.o
 .debug_macro   0x00000334      0xad8 ./Core/Src/debug.o
 .debug_macro   0x00000e0c       0x22 ./Core/Src/debug.o
 .debug_macro   0x00000e2e       0x8e ./Core/Src/debug.o
 .debug_macro   0x00000ebc       0x51 ./Core/Src/debug.o
 .debug_macro   0x00000f0d      0x103 ./Core/Src/debug.o
 .debug_macro   0x00001010       0x6a ./Core/Src/debug.o
 .debug_macro   0x0000107a      0x1df ./Core/Src/debug.o
 .debug_macro   0x00001259      0x2a7 ./Core/Src/debug.o
 .debug_macro   0x00001500       0x2e ./Core/Src/debug.o
 .debug_macro   0x0000152e       0x28 ./Core/Src/debug.o
 .debug_macro   0x00001556       0x1c ./Core/Src/debug.o
 .debug_macro   0x00001572       0x22 ./Core/Src/debug.o
 .debug_macro   0x00001594       0xfb ./Core/Src/debug.o
 .debug_macro   0x0000168f     0x1011 ./Core/Src/debug.o
 .debug_macro   0x000026a0      0x11f ./Core/Src/debug.o
 .debug_macro   0x000027bf    0x1675e ./Core/Src/debug.o
 .debug_macro   0x00018f1d       0x6d ./Core/Src/debug.o
 .debug_macro   0x00018f8a     0x3693 ./Core/Src/debug.o
 .debug_macro   0x0001c61d      0x190 ./Core/Src/debug.o
 .debug_macro   0x0001c7ad       0x5c ./Core/Src/debug.o
 .debug_macro   0x0001c809      0xca5 ./Core/Src/debug.o
 .debug_macro   0x0001d4ae      0x9e9 ./Core/Src/debug.o
 .debug_macro   0x0001de97      0x115 ./Core/Src/debug.o
 .debug_macro   0x0001dfac      0x1a0 ./Core/Src/debug.o
 .debug_macro   0x0001e14c       0xa5 ./Core/Src/debug.o
 .debug_macro   0x0001e1f1      0x16d ./Core/Src/debug.o
 .debug_macro   0x0001e35e      0x287 ./Core/Src/debug.o
 .debug_macro   0x0001e5e5       0x5f ./Core/Src/debug.o
 .debug_macro   0x0001e644      0x236 ./Core/Src/debug.o
 .debug_macro   0x0001e87a      0xb5b ./Core/Src/debug.o
 .debug_macro   0x0001f3d5      0x38b ./Core/Src/debug.o
 .debug_macro   0x0001f760      0x17d ./Core/Src/debug.o
 .debug_macro   0x0001f8dd       0xf9 ./Core/Src/debug.o
 .debug_macro   0x0001f9d6      0x132 ./Core/Src/debug.o
 .debug_macro   0x0001fb08      0x29c ./Core/Src/debug.o
 .debug_macro   0x0001fda4       0x2e ./Core/Src/debug.o
 .debug_macro   0x0001fdd2      0x127 ./Core/Src/debug.o
 .debug_macro   0x0001fef9       0xe8 ./Core/Src/debug.o
 .debug_macro   0x0001ffe1       0x89 ./Core/Src/debug.o
 .debug_macro   0x0002006a      0x225 ./Core/Src/debug.o
 .debug_macro   0x0002028f      0x8ed ./Core/Src/debug.o
 .debug_macro   0x00020b7c       0x53 ./Core/Src/debug.o
 .debug_macro   0x00020bcf      0x2aa ./Core/Src/debug.o
 .debug_macro   0x00020e79      0x126 ./Core/Src/debug.o
 .debug_macro   0x00020f9f       0x94 ./Core/Src/debug.o
 .debug_macro   0x00021033       0x61 ./Core/Src/debug.o
 .debug_macro   0x00021094       0x2a ./Core/Src/debug.o
 .debug_macro   0x000210be       0x43 ./Core/Src/debug.o
 .debug_macro   0x00021101       0x34 ./Core/Src/debug.o
 .debug_macro   0x00021135       0x16 ./Core/Src/debug.o
 .debug_macro   0x0002114b       0x3c ./Core/Src/debug.o
 .debug_macro   0x00021187      0x370 ./Core/Src/debug.o
 .debug_macro   0x000214f7       0x10 ./Core/Src/debug.o
 .debug_macro   0x00021507       0x16 ./Core/Src/debug.o
 .debug_macro   0x0002151d       0x4a ./Core/Src/debug.o
 .debug_macro   0x00021567       0x34 ./Core/Src/debug.o
 .debug_macro   0x0002159b       0x10 ./Core/Src/debug.o
 .debug_macro   0x000215ab       0x58 ./Core/Src/debug.o
 .debug_macro   0x00021603       0x8e ./Core/Src/debug.o
 .debug_macro   0x00021691       0x1c ./Core/Src/debug.o
 .debug_macro   0x000216ad      0x185 ./Core/Src/debug.o
 .debug_macro   0x00021832       0x16 ./Core/Src/debug.o
 .debug_macro   0x00021848       0x16 ./Core/Src/debug.o
 .debug_macro   0x0002185e      0x146 ./Core/Src/debug.o
 .debug_macro   0x000219a4       0x4c ./Core/Src/debug.o
 .debug_macro   0x000219f0       0x16 ./Core/Src/debug.o
 .debug_macro   0x00021a06       0x20 ./Core/Src/debug.o
 .debug_macro   0x00021a26      0x242 ./Core/Src/encoder.o
 .debug_macro   0x00021c68       0x22 ./Core/Src/encoder.o
 .debug_macro   0x00021c8a       0x6d ./Core/Src/fonts.o
 .debug_macro   0x00021cf7      0x330 ./Core/Src/main.o
 .debug_macro   0x00022027       0x16 ./Core/Src/main.o
 .debug_macro   0x0002203d       0x10 ./Core/Src/main.o
 .debug_macro   0x0002204d      0x32b ./Core/Src/potentiometer.o
 .debug_macro   0x00022378       0x5b ./Core/Src/potentiometer.o
 .debug_macro   0x000223d3       0x94 ./Core/Src/potentiometer.o
 .debug_macro   0x00022467       0x57 ./Core/Src/potentiometer.o
 .debug_macro   0x000224be       0x16 ./Core/Src/potentiometer.o
 .debug_macro   0x000224d4       0x16 ./Core/Src/potentiometer.o
 .debug_macro   0x000224ea       0x29 ./Core/Src/potentiometer.o
 .debug_macro   0x00022513      0x2fc ./Core/Src/st7789.o
 .debug_macro   0x0002280f       0x10 ./Core/Src/st7789.o
 .debug_macro   0x0002281f      0x20f ./Core/Src/stm32f4xx_hal_msp.o
 .debug_macro   0x00022a2e      0x200 ./Core/Src/stm32f4xx_hal_timebase_tim.o
 .debug_macro   0x00022c2e      0x219 ./Core/Src/stm32f4xx_it.o
 .debug_macro   0x00022e47      0x112 ./Core/Src/sysmem.o
 .debug_macro   0x00022f59      0x23c ./Core/Src/sysmem.o
 .debug_macro   0x00023195      0x200 ./Core/Src/system_stm32f4xx.o
 .debug_macro   0x00023395      0x260 ./Drivers/STM32F4xx_HAL_Driver/Src/stm32f4xx_hal.o
 .debug_macro   0x000235f5      0x201 ./Drivers/STM32F4xx_HAL_Driver/Src/stm32f4xx_hal_adc.o
 .debug_macro   0x000237f6      0x200 ./Drivers/STM32F4xx_HAL_Driver/Src/stm32f4xx_hal_cortex.o
 .debug_macro   0x000239f6      0x206 ./Drivers/STM32F4xx_HAL_Driver/Src/stm32f4xx_hal_dma.o
 .debug_macro   0x00023bfc      0x206 ./Drivers/STM32F4xx_HAL_Driver/Src/stm32f4xx_hal_gpio.o
 .debug_macro   0x00023e02      0x224 ./Drivers/STM32F4xx_HAL_Driver/Src/stm32f4xx_hal_rcc.o
 .debug_macro   0x00024026      0x200 ./Drivers/STM32F4xx_HAL_Driver/Src/stm32f4xx_hal_rcc_ex.o
 .debug_macro   0x00024226      0x20f ./Drivers/STM32F4xx_HAL_Driver/Src/stm32f4xx_hal_spi.o
 .debug_macro   0x00024435      0x201 ./Drivers/STM32F4xx_HAL_Driver/Src/stm32f4xx_hal_tim.o
 .debug_macro   0x00024636      0x200 ./Drivers/STM32F4xx_HAL_Driver/Src/stm32f4xx_hal_tim_ex.o
 .debug_macro   0x00024836      0x201 ./Drivers/STM32F4xx_HAL_Driver/Src/stm32f4xx_hal_uart.o

.debug_line     0x00000000    0x16878
 .debug_line    0x00000000      0xa5a ./Core/Src/debug.o
 .debug_line    0x00000a5a      0x8bb ./Core/Src/encoder.o
 .debug_line    0x00001315      0x3fe ./Core/Src/fonts.o
 .debug_line    0x00001713      0xcfe ./Core/Src/main.o
 .debug_line    0x00002411      0xbfe ./Core/Src/potentiometer.o
 .debug_line    0x0000300f     0x107e ./Core/Src/st7789.o
 .debug_line    0x0000408d      0x924 ./Core/Src/stm32f4xx_hal_msp.o
 .debug_line    0x000049b1      0x816 ./Core/Src/stm32f4xx_hal_timebase_tim.o
 .debug_line    0x000051c7      0x88a ./Core/Src/stm32f4xx_it.o
 .debug_line    0x00005a51      0x66f ./Core/Src/sysmem.o
 .debug_line    0x000060c0      0x80e ./Core/Src/system_stm32f4xx.o
 .debug_line    0x000068ce       0x7a ./Core/Startup/startup_stm32f446retx.o
 .debug_line    0x00006948      0xa8a ./Drivers/STM32F4xx_HAL_Driver/Src/stm32f4xx_hal.o
 .debug_line    0x000073d2     0x12ad ./Drivers/STM32F4xx_HAL_Driver/Src/stm32f4xx_hal_adc.o
 .debug_line    0x0000867f      0xd5a ./Drivers/STM32F4xx_HAL_Driver/Src/stm32f4xx_hal_cortex.o
 .debug_line    0x000093d9      0xff6 ./Drivers/STM32F4xx_HAL_Driver/Src/stm32f4xx_hal_dma.o
 .debug_line    0x0000a3cf      0xbce ./Drivers/STM32F4xx_HAL_Driver/Src/stm32f4xx_hal_gpio.o
 .debug_line    0x0000af9d      0xea5 ./Drivers/STM32F4xx_HAL_Driver/Src/stm32f4xx_hal_rcc.o
 .debug_line    0x0000be42     0x1556 ./Drivers/STM32F4xx_HAL_Driver/Src/stm32f4xx_hal_rcc_ex.o
 .debug_line    0x0000d398     0x1d25 ./Drivers/STM32F4xx_HAL_Driver/Src/stm32f4xx_hal_spi.o
 .debug_line    0x0000f0bd     0x37ff ./Drivers/STM32F4xx_HAL_Driver/Src/stm32f4xx_hal_tim.o
 .debug_line    0x000128bc     0x19ea ./Drivers/STM32F4xx_HAL_Driver/Src/stm32f4xx_hal_tim_ex.o
 .debug_line    0x000142a6     0x25d2 ./Drivers/STM32F4xx_HAL_Driver/Src/stm32f4xx_hal_uart.o

.debug_str      0x00000000    0xe1151
 .debug_str     0x00000000    0xe1151 ./Core/Src/debug.o
                              0xdb1e2 (size before relaxing)
 .debug_str     0x000e1151    0xd75a1 ./Core/Src/encoder.o
 .debug_str     0x000e1151     0x3e00 ./Core/Src/fonts.o
 .debug_str     0x000e1151    0xdcce9 ./Core/Src/main.o
 .debug_str     0x000e1151    0xdb532 ./Core/Src/potentiometer.o
 .debug_str     0x000e1151    0xdb458 ./Core/Src/st7789.o
 .debug_str     0x000e1151    0xd8620 ./Core/Src/stm32f4xx_hal_msp.o
 .debug_str     0x000e1151    0xd7e76 ./Core/Src/stm32f4xx_hal_timebase_tim.o
 .debug_str     0x000e1151    0xd79b9 ./Core/Src/stm32f4xx_it.o
 .debug_str     0x000e1151     0x7763 ./Core/Src/sysmem.o
 .debug_str     0x000e1151    0xd733e ./Core/Src/system_stm32f4xx.o
 .debug_str     0x000e1151       0x65 ./Core/Startup/startup_stm32f446retx.o
 .debug_str     0x000e1151    0xd7f03 ./Drivers/STM32F4xx_HAL_Driver/Src/stm32f4xx_hal.o
 .debug_str     0x000e1151    0xd7906 ./Drivers/STM32F4xx_HAL_Driver/Src/stm32f4xx_hal_adc.o
 .debug_str     0x000e1151    0xd7c5a ./Drivers/STM32F4xx_HAL_Driver/Src/stm32f4xx_hal_cortex.o
 .debug_str     0x000e1151    0xd7733 ./Drivers/STM32F4xx_HAL_Driver/Src/stm32f4xx_hal_dma.o
 .debug_str     0x000e1151    0xd74b9 ./Drivers/STM32F4xx_HAL_Driver/Src/stm32f4xx_hal_gpio.o
 .debug_str     0x000e1151    0xd7777 ./Drivers/STM32F4xx_HAL_Driver/Src/stm32f4xx_hal_rcc.o
 .debug_str     0x000e1151    0xd77aa ./Drivers/STM32F4xx_HAL_Driver/Src/stm32f4xx_hal_rcc_ex.o
 .debug_str     0x000e1151    0xd7bd7 ./Drivers/STM32F4xx_HAL_Driver/Src/stm32f4xx_hal_spi.o
 .debug_str     0x000e1151    0xd86a3 ./Drivers/STM32F4xx_HAL_Driver/Src/stm32f4xx_hal_tim.o
 .debug_str     0x000e1151    0xd7eaf ./Drivers/STM32F4xx_HAL_Driver/Src/stm32f4xx_hal_tim_ex.o
 .debug_str     0x000e1151    0xd7d2e ./Drivers/STM32F4xx_HAL_Driver/Src/stm32f4xx_hal_uart.o

.comment        0x00000000       0x43
 .comment       0x00000000       0x43 ./Core/Src/debug.o
                                 0x44 (size before relaxing)
 .comment       0x00000043       0x44 ./Core/Src/encoder.o
 .comment       0x00000043       0x44 ./Core/Src/fonts.o
 .comment       0x00000043       0x44 ./Core/Src/main.o
 .comment       0x00000043       0x44 ./Core/Src/potentiometer.o
 .comment       0x00000043       0x44 ./Core/Src/st7789.o
 .comment       0x00000043       0x44 ./Core/Src/stm32f4xx_hal_msp.o
 .comment       0x00000043       0x44 ./Core/Src/stm32f4xx_hal_timebase_tim.o
 .comment       0x00000043       0x44 ./Core/Src/stm32f4xx_it.o
 .comment       0x00000043       0x44 ./Core/Src/sysmem.o
 .comment       0x00000043       0x44 ./Core/Src/system_stm32f4xx.o
 .comment       0x00000043       0x44 ./Drivers/STM32F4xx_HAL_Driver/Src/stm32f4xx_hal.o
 .comment       0x00000043       0x44 ./Drivers/STM32F4xx_HAL_Driver/Src/stm32f4xx_hal_adc.o
 .comment       0x00000043       0x44 ./Drivers/STM32F4xx_HAL_Driver/Src/stm32f4xx_hal_cortex.o
 .comment       0x00000043       0x44 ./Drivers/STM32F4xx_HAL_Driver/Src/stm32f4xx_hal_dma.o
 .comment       0x00000043       0x44 ./Drivers/STM32F4xx_HAL_Driver/Src/stm32f4xx_hal_gpio.o
 .comment       0x00000043       0x44 ./Drivers/STM32F4xx_HAL_Driver/Src/stm32f4xx_hal_rcc.o
 .comment       0x00000043       0x44 ./Drivers/STM32F4xx_HAL_Driver/Src/stm32f4xx_hal_rcc_ex.o
 .comment       0x00000043       0x44 ./Drivers/STM32F4xx_HAL_Driver/Src/stm32f4xx_hal_spi.o
 .comment       0x00000043       0x44 ./Drivers/STM32F4xx_HAL_Driver/Src/stm32f4xx_hal_tim.o
 .comment       0x00000043       0x44 ./Drivers/STM32F4xx_HAL_Driver/Src/stm32f4xx_hal_tim_ex.o
 .comment       0x00000043       0x44 ./Drivers/STM32F4xx_HAL_Driver/Src/stm32f4xx_hal_uart.o

.debug_frame    0x00000000     0x50d0
 .debug_frame   0x00000000       0x8c ./Core/Src/debug.o
 .debug_frame   0x0000008c       0xf8 ./Core/Src/encoder.o
 .debug_frame   0x00000184      0x198 ./Core/Src/main.o
 .debug_frame   0x0000031c      0x16c ./Core/Src/potentiometer.o
 .debug_frame   0x00000488      0x394 ./Core/Src/st7789.o
 .debug_frame   0x0000081c      0x158 ./Core/Src/stm32f4xx_hal_msp.o
 .debug_frame   0x00000974       0x74 ./Core/Src/stm32f4xx_hal_timebase_tim.o
 .debug_frame   0x000009e8      0x15c ./Core/Src/stm32f4xx_it.o
 .debug_frame   0x00000b44       0x34 ./Core/Src/sysmem.o
 .debug_frame   0x00000b78       0x58 ./Core/Src/system_stm32f4xx.o
 .debug_frame   0x00000bd0      0x374 ./Drivers/STM32F4xx_HAL_Driver/Src/stm32f4xx_hal.o
 .debug_frame   0x00000f44      0x3fc ./Drivers/STM32F4xx_HAL_Driver/Src/stm32f4xx_hal_adc.o
 .debug_frame   0x00001340      0x508 ./Drivers/STM32F4xx_HAL_Driver/Src/stm32f4xx_hal_cortex.o