Archive member included to satisfy reference by file (symbol)

C:/Programming/STM32CubeIDE_1.19.0/STM32CubeIDE/plugins/com.st.stm32cube.ide.mcu.externaltools.gnu-tools-for-stm32.13.3.rel1.win32_1.0.0.202411081344/tools/bin/../lib/gcc/arm-none-eabi/13.3.1/../../../../arm-none-eabi/lib/thumb/v7e-m+fp/hard\libc_nano.a(libc_a-exit.o)
                              C:/Programming/STM32CubeIDE_1.19.0/STM32CubeIDE/plugins/com.st.stm32cube.ide.mcu.externaltools.gnu-tools-for-stm32.13.3.rel1.win32_1.0.0.202411081344/tools/bin/../lib/gcc/arm-none-eabi/13.3.1/../../../../arm-none-eabi/lib/thumb/v7e-m+fp/hard/crt0.o (exit)
C:/Programming/STM32CubeIDE_1.19.0/STM32CubeIDE/plugins/com.st.stm32cube.ide.mcu.externaltools.gnu-tools-for-stm32.13.3.rel1.win32_1.0.0.202411081344/tools/bin/../lib/gcc/arm-none-eabi/13.3.1/../../../../arm-none-eabi/lib/thumb/v7e-m+fp/hard\libc_nano.a(libc_a-malloc.o)
                              ./Core/Src/sequencer.o (malloc)
C:/Programming/STM32CubeIDE_1.19.0/STM32CubeIDE/plugins/com.st.stm32cube.ide.mcu.externaltools.gnu-tools-for-stm32.13.3.rel1.win32_1.0.0.202411081344/tools/bin/../lib/gcc/arm-none-eabi/13.3.1/../../../../arm-none-eabi/lib/thumb/v7e-m+fp/hard\libc_nano.a(libc_a-mallocr.o)
                              C:/Programming/STM32CubeIDE_1.19.0/STM32CubeIDE/plugins/com.st.stm32cube.ide.mcu.externaltools.gnu-tools-for-stm32.13.3.rel1.win32_1.0.0.202411081344/tools/bin/../lib/gcc/arm-none-eabi/13.3.1/../../../../arm-none-eabi/lib/thumb/v7e-m+fp/hard\libc_nano.a(libc_a-malloc.o) (_malloc_r)
C:/Programming/STM32CubeIDE_1.19.0/STM32CubeIDE/plugins/com.st.stm32cube.ide.mcu.externaltools.gnu-tools-for-stm32.13.3.rel1.win32_1.0.0.202411081344/tools/bin/../lib/gcc/arm-none-eabi/13.3.1/../../../../arm-none-eabi/lib/thumb/v7e-m+fp/hard\libc_nano.a(libc_a-mlock.o)
                              C:/Programming/STM32CubeIDE_1.19.0/STM32CubeIDE/plugins/com.st.stm32cube.ide.mcu.externaltools.gnu-tools-for-stm32.13.3.rel1.win32_1.0.0.202411081344/tools/bin/../lib/gcc/arm-none-eabi/13.3.1/../../../../arm-none-eabi/lib/thumb/v7e-m+fp/hard\libc_nano.a(libc_a-mallocr.o) (__malloc_lock)
C:/Programming/STM32CubeIDE_1.19.0/STM32CubeIDE/plugins/com.st.stm32cube.ide.mcu.externaltools.gnu-tools-for-stm32.13.3.rel1.win32_1.0.0.202411081344/tools/bin/../lib/gcc/arm-none-eabi/13.3.1/../../../../arm-none-eabi/lib/thumb/v7e-m+fp/hard\libc_nano.a(libc_a-findfp.o)
                              ./Middlewares/Third_Party/FreeRTOS/Source/tasks.o (__sf)
C:/Programming/STM32CubeIDE_1.19.0/STM32CubeIDE/plugins/com.st.stm32cube.ide.mcu.externaltools.gnu-tools-for-stm32.13.3.rel1.win32_1.0.0.202411081344/tools/bin/../lib/gcc/arm-none-eabi/13.3.1/../../../../arm-none-eabi/lib/thumb/v7e-m+fp/hard\libc_nano.a(libc_a-fwalk.o)
                              C:/Programming/STM32CubeIDE_1.19.0/STM32CubeIDE/plugins/com.st.stm32cube.ide.mcu.externaltools.gnu-tools-for-stm32.13.3.rel1.win32_1.0.0.202411081344/tools/bin/../lib/gcc/arm-none-eabi/13.3.1/../../../../arm-none-eabi/lib/thumb/v7e-m+fp/hard\libc_nano.a(libc_a-findfp.o) (_fwalk_sglue)
C:/Programming/STM32CubeIDE_1.19.0/STM32CubeIDE/plugins/com.st.stm32cube.ide.mcu.externaltools.gnu-tools-for-stm32.13.3.rel1.win32_1.0.0.202411081344/tools/bin/../lib/gcc/arm-none-eabi/13.3.1/../../../../arm-none-eabi/lib/thumb/v7e-m+fp/hard\libc_nano.a(libc_a-stdio.o)
                              C:/Programming/STM32CubeIDE_1.19.0/STM32CubeIDE/plugins/com.st.stm32cube.ide.mcu.externaltools.gnu-tools-for-stm32.13.3.rel1.win32_1.0.0.202411081344/tools/bin/../lib/gcc/arm-none-eabi/13.3.1/../../../../arm-none-eabi/lib/thumb/v7e-m+fp/hard\libc_nano.a(libc_a-findfp.o) (__sread)
C:/Programming/STM32CubeIDE_1.19.0/STM32CubeIDE/plugins/com.st.stm32cube.ide.mcu.externaltools.gnu-tools-for-stm32.13.3.rel1.win32_1.0.0.202411081344/tools/bin/../lib/gcc/arm-none-eabi/13.3.1/../../../../arm-none-eabi/lib/thumb/v7e-m+fp/hard\libc_nano.a(libc_a-memset.o)
                              C:/Programming/STM32CubeIDE_1.19.0/STM32CubeIDE/plugins/com.st.stm32cube.ide.mcu.externaltools.gnu-tools-for-stm32.13.3.rel1.win32_1.0.0.202411081344/tools/bin/../lib/gcc/arm-none-eabi/13.3.1/../../../../arm-none-eabi/lib/thumb/v7e-m+fp/hard/crt0.o (memset)
C:/Programming/STM32CubeIDE_1.19.0/STM32CubeIDE/plugins/com.st.stm32cube.ide.mcu.externaltools.gnu-tools-for-stm32.13.3.rel1.win32_1.0.0.202411081344/tools/bin/../lib/gcc/arm-none-eabi/13.3.1/../../../../arm-none-eabi/lib/thumb/v7e-m+fp/hard\libc_nano.a(libc_a-closer.o)
                              C:/Programming/STM32CubeIDE_1.19.0/STM32CubeIDE/plugins/com.st.stm32cube.ide.mcu.externaltools.gnu-tools-for-stm32.13.3.rel1.win32_1.0.0.202411081344/tools/bin/../lib/gcc/arm-none-eabi/13.3.1/../../../../arm-none-eabi/lib/thumb/v7e-m+fp/hard\libc_nano.a(libc_a-stdio.o) (_close_r)
[...]
Memory Configuration

Name             Origin             Length             Attributes
RAM              0x20000000         0x00020000         xrw
FLASH            0x08000000         0x00080000         xr
*default*        0x00000000         0xffffffff

Linker script and memory map

LOAD C:/Programming/STM32CubeIDE_1.19.0/STM32CubeIDE/plugins/com.st.stm32cube.ide.mcu.externaltools.gnu-tools-for-stm32.13.3.rel1.win32_1.0.0.202411081344/tools/bin/../lib/gcc/arm-none-eabi/13.3.1/thumb/v7e-m+fp/hard/crti.o
LOAD C:/Programming/STM32CubeIDE_1.19.0/STM32CubeIDE/plugins/com.st.stm32cube.ide.mcu.externaltools.gnu-tools-for-stm32.13.3.rel1.win32_1.0.0.202411081344/tools/bin/../lib/gcc/arm-none-eabi/13.3.1/thumb/v7e-m+fp/hard/crtbegin.o
LOAD C:/Programming/STM32CubeIDE_1.19.0/STM32CubeIDE/plugins/com.st.stm32cube.ide.mcu.externaltools.gnu-tools-for-stm32.13.3.rel1.win32_1.0.0.202411081344/tools/bin/../lib/gcc/arm-none-eabi/13.3.1/../../../../arm-none-eabi/lib/thumb/v7e-m+fp/hard/crt0.o
LOAD ./Core/Src/display.o
LOAD ./Core/Src/fonts.o
LOAD ./Core/Src/freertos.o
LOAD ./Core/Src/main.o
LOAD ./Core/Src/midi.o
LOAD ./Core/Src/sequencer.o
LOAD ./Core/Src/st7789.o
LOAD ./Core/Src/stm32f4xx_hal_msp.o
LOAD ./Core/Src/stm32f4xx_hal_timebase_tim.o
LOAD ./Core/Src/stm32f4xx_it.o
LOAD ./Core/Src/syscalls.o
LOAD ./Core/Src/sysmem.o
LOAD ./Core/Src/system_stm32f4xx.o
LOAD ./Core/Startup/startup_stm32f446retx.o
LOAD ./Drivers/STM32F4xx_HAL_Driver/Src/stm32f4xx_hal.o
LOAD ./Drivers/STM32F4xx_HAL_Driver/Src/stm32f4xx_hal_cortex.o
LOAD ./Drivers/STM32F4xx_HAL_Driver/Src/stm32f4xx_hal_dma.o
LOAD ./Drivers/STM32F4xx_HAL_Driver/Src/stm32f4xx_hal_dma_ex.o
LOAD ./Drivers/STM32F4xx_HAL_Driver/Src/stm32f4xx_hal_exti.o
LOAD ./Drivers/STM32F4xx_HAL_Driver/Src/stm32f4xx_hal_flash.o
LOAD ./Drivers/STM32F4xx_HAL_Driver/Src/stm32f4xx_hal_flash_ex.o
LOAD ./Drivers/STM32F4xx_HAL_Driver/Src/stm32f4xx_hal_flash_ramfunc.o
LOAD ./Drivers/STM32F4xx_HAL_Driver/Src/stm32f4xx_hal_gpio.o
LOAD ./Drivers/STM32F4xx_HAL_Driver/Src/stm32f4xx_hal_pwr.o
LOAD ./Drivers/STM32F4xx_HAL_Driver/Src/stm32f4xx_hal_pwr_ex.o
LOAD ./Drivers/STM32F4xx_HAL_Driver/Src/stm32f4xx_hal_rcc.o
LOAD ./Drivers/STM32F4xx_HAL_Driver/Src/stm32f4xx_hal_rcc_ex.o
LOAD ./Drivers/STM32F4xx_HAL_Driver/Src/stm32f4xx_hal_spi.o
LOAD ./Drivers/STM32F4xx_HAL_Driver/Src/stm32f4xx_hal_tim.o
LOAD ./Drivers/STM32F4xx_HAL_Driver/Src/stm32f4xx_hal_tim_ex.o
LOAD ./Drivers/STM32F4xx_HAL_Driver/Src/stm32f4xx_hal_uart.o
LOAD ./Middlewares/Third_Party/FreeRTOS/Source/CMSIS_RTOS_V2/cmsis_os2.o
LOAD ./Middlewares/Third_Party/FreeRTOS/Source/croutine.o
LOAD ./Middlewares/Third_Party/FreeRTOS/Source/event_groups.o
LOAD ./Middlewares/Third_Party/FreeRTOS/Source/list.o
LOAD ./Middlewares/Third_Party/FreeRTOS/Source/queue.o
LOAD ./Middlewares/Third_Party/FreeRTOS/Source/stream_buffer.o
LOAD ./Middlewares/Third_Party/FreeRTOS/Source/tasks.o
LOAD ./Middlewares/Third_Party/FreeRTOS/Source/timers.o
LOAD ./Middlewares/Third_Party/FreeRTOS/Source/portable/GCC/ARM_CM4F/port.o
LOAD ./Middlewares/Third_Party/FreeRTOS/Source/portable/MemMang/heap_4.o
START GROUP
LOAD C:/Programming/STM32CubeIDE_1.19.0/STM32CubeIDE/plugins/com.st.stm32cube.ide.mcu.externaltools.gnu-tools-for-stm32.13.3.rel1.win32_1.0.0.202411081344/tools/bin/../lib/gcc/arm-none-eabi/13.3.1/../../../../arm-none-eabi/lib/thumb/v7e-m+fp/hard\libc_nano.a
LOAD C:/Programming/STM32CubeIDE_1.19.0/STM32CubeIDE/plugins/com.st.stm32cube.ide.mcu.externaltools.gnu-tools-for-stm32.13.3.rel1.win32_1.0.0.202411081344/tools/bin/../lib/gcc/arm-none-eabi/13.3.1/../../../../arm-none-eabi/lib/thumb/v7e-m+fp/hard\libm.a
END GROUP
START GROUP
LOAD C:/Programming/STM32CubeIDE_1.19.0/STM32CubeIDE/plugins/com.st.stm32cube.ide.mcu.externaltools.gnu-tools-for-stm32.13.3.rel1.win32_1.0.0.202411081344/tools/bin/../lib/gcc/arm-none-eabi/13.3.1/thumb/v7e-m+fp/hard\libgcc.a
LOAD C:/Programming/STM32CubeIDE_1.19.0/STM32CubeIDE/plugins/com.st.stm32cube.ide.mcu.externaltools.gnu-tools-for-stm32.13.3.rel1.win32_1.0.0.202411081344/tools/bin/../lib/gcc/arm-none-eabi/13.3.1/../../../../arm-none-eabi/lib/thumb/v7e-m+fp/hard\libc_nano.a
END GROUP
START GROUP
LOAD C:/Programming/STM32CubeIDE_1.19.0/STM32CubeIDE/plugins/com.st.stm32cube.ide.mcu.externaltools.gnu-tools-for-stm32.13.3.rel1.win32_1.0.0.202411081344/tools/bin/../lib/gcc/arm-none-eabi/13.3.1/thumb/v7e-m+fp/hard\libgcc.a
LOAD C:/Programming/STM32CubeIDE_1.19.0/STM32CubeIDE/plugins/com.st.stm32cube.ide.mcu.externaltools.gnu-tools-for-stm32.13.3.rel1.win32_1.0.0.202411081344/tools/bin/../lib/gcc/arm-none-eabi/13.3.1/../../../../arm-none-eabi/lib/thumb/v7e-m+fp/hard\libc_nano.a
LOAD C:/Programming/STM32CubeIDE_1.19.0/STM32CubeIDE/plugins/com.st.stm32cube.ide.mcu.externaltools.gnu-tools-for-stm32.13.3.rel1.win32_1.0.0.202411081344/tools/bin/../lib/gcc/arm-none-eabi/13.3.1/../../../../arm-none-eabi/lib/thumb/v7e-m+fp/hard\libnosys.a
END GROUP
START GROUP
LOAD C:/Programming/STM32CubeIDE_1.19.0/STM32CubeIDE/plugins/com.st.stm32cube.ide.mcu.externaltools.gnu-tools-for-stm32.13.3.rel1.win32_1.0.0.202411081344/tools/bin/../lib/gcc/arm-none-eabi/13.3.1/thumb/v7e-m+fp/hard\libgcc.a
LOAD C:/Programming/STM32CubeIDE_1.19.0/STM32CubeIDE/plugins/com.st.stm32cube.ide.mcu.externaltools.gnu-tools-for-stm32.13.3.rel1.win32_1.0.0.202411081344/tools/bin/../lib/gcc/arm-none-eabi/13.3.1/../../../../arm-none-eabi/lib/thumb/v7e-m+fp/hard\libc_nano.a
LOAD C:/Programming/STM32CubeIDE_1.19.0/STM32CubeIDE/plugins/com.st.stm32cube.ide.mcu.externaltools.gnu-tools-for-stm32.13.3.rel1.win32_1.0.0.202411081344/tools/bin/../lib/gcc/arm-none-eabi/13.3.1/../../../../arm-none-eabi/lib/thumb/v7e-m+fp/hard\libnosys.a
END GROUP
LOAD C:/Programming/STM32CubeIDE_1.19.0/STM32CubeIDE/plugins/com.st.stm32cube.ide.mcu.externaltools.gnu-tools-for-stm32.13.3.rel1.win32_1.0.0.202411081344/tools/bin/../lib/gcc/arm-none-eabi/13.3.1/thumb/v7e-m+fp/hard/crtend.o
LOAD C:/Programming/STM32CubeIDE_1.19.0/STM32CubeIDE/plugins/com.st.stm32cube.ide.mcu.externaltools.gnu-tools-for-stm32.13.3.rel1.win32_1.0.0.202411081344/tools/bin/../lib/gcc/arm-none-eabi/13.3.1/thumb/v7e-m+fp/hard/crtn.o
                0x20020000                        _estack = (ORIGIN (RAM) + LENGTH (RAM))
                0x00000200                        _Min_Heap_Size = 0x200
                0x00000400                        _Min_Stack_Size = 0x400

.isr_vector     0x08000000      0x1c4
                0x08000000                        . = ALIGN (0x4)
 *(.isr_vector)
 .isr_vector    0x08000000      0x1c4 ./Core/Startup/startup_stm32f446retx.o
                0x08000000                g_pfnVectors
                0x080001c4                        . = ALIGN (0x4)

.text           0x080001d0     0x6d30
                0x080001d0                        . = ALIGN (0x4)
 *(.text)
 .text          0x080001d0       0x40 C:/Programming/STM32CubeIDE_1.19.0/STM32CubeIDE/plugins/com.st.stm32cube.ide.mcu.externaltools.gnu-tools-for-stm32.13.3.rel1.win32_1.0.0.202411081344/tools/bin/../lib/gcc/arm-none-eabi/13.3.1/thumb/v7e-m+fp/hard/crtbegin.o
 .text          0x08000210      0x378 C:/Programming/STM32CubeIDE_1.19.0/STM32CubeIDE/plugins/com.st.stm32cube.ide.mcu.externaltools.gnu-tools-for-stm32.13.3.rel1.win32_1.0.0.202411081344/tools/bin/../lib/gcc/arm-none-eabi/13.3.1/thumb/v7e-m+fp/hard\libgcc.a(_arm_addsubdf3.o)
                0x08000210                __aeabi_drsub
                0x08000218                __aeabi_dsub
                0x08000218                __subdf3
                0x0800021c                __aeabi_dadd
                0x0800021c                __adddf3
                0x08000494                __floatunsidf
                0x08000494                __aeabi_ui2d
                0x080004b4                __floatsidf
                0x080004b4                __aeabi_i2d
                0x080004d8                __aeabi_f2d
                0x080004d8                __extendsfdf2
                0x0800051c                __floatundidf
                0x0800051c                __aeabi_ul2d
                0x0800052c                __floatdidf
                0x0800052c                __aeabi_l2d
 .text          0x08000588      0x424 C:/Programming/STM32CubeIDE_1.19.0/STM32CubeIDE/plugins/com.st.stm32cube.ide.mcu.externaltools.gnu-tools-for-stm32.13.3.rel1.win32_1.0.0.202411081344/tools/bin/../lib/gcc/arm-none-eabi/13.3.1/thumb/v7e-m+fp/hard\libgcc.a(_arm_muldivdf3.o)
                0x08000588                __aeabi_dmul
                0x08000588                __muldf3
                0x080007dc                __divdf3
                0x080007dc                __aeabi_ddiv
 .text          0x080009ac      0x110 C:/Programming/STM32CubeIDE_1.19.0/STM32CubeIDE/plugins/com.st.stm32cube.ide.mcu.externaltools.gnu-tools-for-stm32.13.3.rel1.win32_1.0.0.202411081344/tools/bin/../lib/gcc/arm-none-eabi/13.3.1/thumb/v7e-m+fp/hard\libgcc.a(_arm_cmpdf2.o)
                0x080009ac                __gtdf2
                0x080009ac                __gedf2
                0x080009b4                __ltdf2
                0x080009b4                __ledf2
                0x080009bc                __nedf2
                0x080009bc                __eqdf2
                0x080009bc                __cmpdf2
                0x08000a38                __aeabi_cdrcmple
                0x08000a48                __aeabi_cdcmpeq
                0x08000a48                __aeabi_cdcmple
                0x08000a58                __aeabi_dcmpeq
                0x08000a6c                __aeabi_dcmplt
                0x08000a80                __aeabi_dcmple
                0x08000a94                __aeabi_dcmpge
                0x08000aa8                __aeabi_dcmpgt
 .text          0x08000abc       0x50 C:/Programming/STM32CubeIDE_1.19.0/STM32CubeIDE/plugins/com.st.stm32cube.ide.mcu.externaltools.gnu-tools-for-stm32.13.3.rel1.win32_1.0.0.202411081344/tools/bin/../lib/gcc/arm-none-eabi/13.3.1/thumb/v7e-m+fp/hard\libgcc.a(_arm_fixdfsi.o)
                0x08000abc                __aeabi_d2iz
                0x08000abc                __fixdfsi
 .text          0x08000b0c       0x30 C:/Programming/STM32CubeIDE_1.19.0/STM32CubeIDE/plugins/com.st.stm32cube.ide.mcu.externaltools.gnu-tools-for-stm32.13.3.rel1.win32_1.0.0.202411081344/tools/bin/../lib/gcc/arm-none-eabi/13.3.1/thumb/v7e-m+fp/hard\libgcc.a(_aeabi_uldivmod.o)
                0x08000b0c                __aeabi_uldivmod
 .text          0x08000b3c      0x2f8 C:/Programming/STM32CubeIDE_1.19.0/STM32CubeIDE/plugins/com.st.stm32cube.ide.mcu.externaltools.gnu-tools-for-stm32.13.3.rel1.win32_1.0.0.202411081344/tools/bin/../lib/gcc/arm-none-eabi/13.3.1/thumb/v7e-m+fp/hard\libgcc.a(_udivmoddi4.o)
                0x08000b3c                __udivmoddi4
 .text          0x08000e34        0x4 C:/Programming/STM32CubeIDE_1.19.0/STM32CubeIDE/plugins/com.st.stm32cube.ide.mcu.externaltools.gnu-tools-for-stm32.13.3.rel1.win32_1.0.0.202411081344/tools/bin/../lib/gcc/arm-none-eabi/13.3.1/thumb/v7e-m+fp/hard\libgcc.a(_dvmd_tls.o)
                0x08000e34                __aeabi_idiv0
                0x08000e34                __aeabi_ldiv0
 *(.text*)
 .text.polarToCartesian
                0x08000e38       0xec ./Core/Src/display.o
 .text.Display_Init
                0x08000f24       0x48 ./Core/Src/display.o
                0x08000f24                Display_Init
 .text.Display_Main
                0x08000f6c       0x1c ./Core/Src/display.o
                0x08000f6c                Display_Main
 .text.DrawShapes
                0x08000f88       0x24 ./Core/Src/display.o
                0x08000f88                DrawShapes
 .text.DrawShape
                0x08000fac      0x24c ./Core/Src/display.o
                0x08000fac                DrawShape
 .text.getColorForIndex
                0x080011f8       0x58 ./Core/Src/display.o
                0x080011f8                getColorForIndex
 .text.main     0x08001250       0x30 ./Core/Src/main.o
                0x08001250                main
 .text.SystemClock_Config
                0x08001280       0xdc ./Core/Src/main.o
                0x08001280                SystemClock_Config
 .text.MX_SPI1_Init
                0x0800135c       0x6c ./Core/Src/main.o
 .text.MX_TIM2_Init
                0x080013c8       0xb0 ./Core/Src/main.o
 .text.MX_USART2_UART_Init
                0x08001478       0x54 ./Core/Src/main.o
 .text.MX_DMA_Init
                0x080014cc       0x40 ./Core/Src/main.o
 .text.MX_GPIO_Init
                0x0800150c      0x134 ./Core/Src/main.o
 .text.HAL_TIM_PeriodElapsedCallback
                0x08001640       0x24 ./Core/Src/main.o
                0x08001640                HAL_TIM_PeriodElapsedCallback
 .text.Error_Handler
                0x08001664        0xc ./Core/Src/main.o
                0x08001664                Error_Handler
 .text.MIDI_Init
                0x08001670       0x6c ./Core/Src/midi.o
                0x08001670                MIDI_Init
 .text.MIDI_Test
                0x080016dc       0xbc ./Core/Src/midi.o
                0x080016dc                MIDI_Test
 .text.Sequencer_Init
                0x08001798       0x38 ./Core/Src/sequencer.o
                0x08001798                Sequencer_Init
 .text.getDefaultSequencer
                0x080017d0       0x32 ./Core/Src/sequencer.o
                0x080017d0                getDefaultSequencer
 .text.createShape
                0x08001802       0x7e ./Core/Src/sequencer.o
 .text.destroyShape
                0x08001880       0x16 ./Core/Src/sequencer.o
 *fill*         0x08001896        0x2 
 .text.addShape
                0x08001898       0x3c ./Core/Src/sequencer.o
                0x08001898                addShape
 .text.removeShape
                0x080018d4       0x30 ./Core/Src/sequencer.o
                0x080018d4                removeShape
 .text.ST7789_WriteCommand
                0x08001904       0x4c ./Core/Src/st7789.o
 .text.ST7789_WriteData
                0x08001950       0xa0 ./Core/Src/st7789.o
 .text.ST7789_WriteSmallData
                0x080019f0       0x4c ./Core/Src/st7789.o
 .text.ST7789_SetRotation
                0x08001a3c       0x58 ./Core/Src/st7789.o
                0x08001a3c                ST7789_SetRotation
 .text.ST7789_SetAddressWindow
                0x08001a94       0xbc ./Core/Src/st7789.o
 .text.ST7789_Init
                0x08001b50      0x150 ./Core/Src/st7789.o
                0x08001b50                ST7789_Init
 .text.ST7789_Fill_Color
                0x08001ca0       0x6c ./Core/Src/st7789.o
                0x08001ca0                ST7789_Fill_Color
 .text.ST7789_DrawPixel
                0x08001d0c       0x70 ./Core/Src/st7789.o
                0x08001d0c                ST7789_DrawPixel
 .text.ST7789_DrawLine
                0x08001d7c      0x118 ./Core/Src/st7789.o
                0x08001d7c                ST7789_DrawLine
 .text.ST7789_DrawCircle
                0x08001e94      0x1d0 ./Core/Src/st7789.o
                0x08001e94                ST7789_DrawCircle
 .text.HAL_MspInit
                0x08002064       0x58 ./Core/Src/stm32f4xx_hal_msp.o
                0x08002064                HAL_MspInit
 .text.HAL_SPI_MspInit
                0x080020bc       0xf4 ./Core/Src/stm32f4xx_hal_msp.o
                0x080020bc                HAL_SPI_MspInit
 .text.HAL_TIM_Base_MspInit
                0x080021b0       0x4c ./Core/Src/stm32f4xx_hal_msp.o
                0x080021b0                HAL_TIM_Base_MspInit
 .text.HAL_UART_MspInit
                0x080021fc       0x90 ./Core/Src/stm32f4xx_hal_msp.o
                0x080021fc                HAL_UART_MspInit
 .text.HAL_InitTick
                0x0800228c       0xf8 ./Core/Src/stm32f4xx_hal_timebase_tim.o
                0x0800228c                HAL_InitTick
 .text.NMI_Handler
                0x08002384        0x8 ./Core/Src/stm32f4xx_it.o
                0x08002384                NMI_Handler
 .text.HardFault_Handler
                0x0800238c        0x8 ./Core/Src/stm32f4xx_it.o
                0x0800238c                HardFault_Handler
 .text.MemManage_Handler
                0x08002394        0x8 ./Core/Src/stm32f4xx_it.o
                0x08002394                MemManage_Handler
 .text.BusFault_Handler
                0x0800239c        0x8 ./Core/Src/stm32f4xx_it.o
                0x0800239c                BusFault_Handler
 .text.UsageFault_Handler
                0x080023a4        0x8 ./Core/Src/stm32f4xx_it.o
                0x080023a4                UsageFault_Handler
 .text.DebugMon_Handler
                0x080023ac        0xe ./Core/Src/stm32f4xx_it.o
                0x080023ac                DebugMon_Handler
 *fill*         0x080023ba        0x2 
 .text.TIM2_IRQHandler
                0x080023bc       0x14 ./Core/Src/stm32f4xx_it.o
                0x080023bc                TIM2_IRQHandler
 .text.TIM6_DAC_IRQHandler
                0x080023d0       0x14 ./Core/Src/stm32f4xx_it.o
                0x080023d0                TIM6_DAC_IRQHandler
 .text.DMA2_Stream3_IRQHandler
                0x080023e4       0x14 ./Core/Src/stm32f4xx_it.o
                0x080023e4                DMA2_Stream3_IRQHandler
 .text._sbrk    0x080023f8       0x6c ./Core/Src/sysmem.o
                0x080023f8                _sbrk
 .text.SystemInit
                0x08002464       0x24 ./Core/Src/system_stm32f4xx.o
                0x08002464                SystemInit
 .text.Reset_Handler
                0x08002488       0x50 ./Core/Startup/startup_stm32f446retx.o
                0x08002488                Reset_Handler
 .text.Default_Handler
                0x080024d8        0x2 ./Core/Startup/startup_stm32f446retx.o
                0x080024d8                RTC_Alarm_IRQHandler
                0x080024d8                EXTI2_IRQHandler
                0x080024d8                TIM8_CC_IRQHandler
                0x080024d8                FMPI2C1_EV_IRQHandler
                0x080024d8                SPI4_IRQHandler
                0x080024d8                TIM1_CC_IRQHandler
                0x080024d8                DMA2_Stream5_IRQHandler
                0x080024d8                DMA1_Stream5_IRQHandler
                0x080024d8                PVD_IRQHandler
                0x080024d8                SDIO_IRQHandler
                0x080024d8                TAMP_STAMP_IRQHandler
                0x080024d8                CAN2_RX1_IRQHandler
                0x080024d8                EXTI3_IRQHandler
                0x080024d8                TIM8_TRG_COM_TIM14_IRQHandler
                0x080024d8                TIM1_UP_TIM10_IRQHandler
                0x080024d8                TIM8_UP_TIM13_IRQHandler
                0x080024d8                I2C3_ER_IRQHandler
                0x080024d8                EXTI0_IRQHandler
                0x080024d8                I2C2_EV_IRQHandler
                0x080024d8                DMA1_Stream2_IRQHandler
                0x080024d8                CAN1_RX0_IRQHandler
                0x080024d8                FPU_IRQHandler
                0x080024d8                OTG_HS_WKUP_IRQHandler
                0x080024d8                CAN2_SCE_IRQHandler
                0x080024d8                DMA2_Stream2_IRQHandler
                0x080024d8                SPI1_IRQHandler
                0x080024d8                TIM1_BRK_TIM9_IRQHandler
                0x080024d8                DCMI_IRQHandler
                0x080024d8                CAN2_RX0_IRQHandler
                0x080024d8                SAI2_IRQHandler
                0x080024d8                USART6_IRQHandler
                0x080024d8                USART3_IRQHandler
                0x080024d8                CAN1_RX1_IRQHandler
                0x080024d8                UART5_IRQHandler
                0x080024d8                DMA2_Stream0_IRQHandler
                0x080024d8                TIM4_IRQHandler
                0x080024d8                QUADSPI_IRQHandler
                0x080024d8                I2C1_EV_IRQHandler
                0x080024d8                DMA1_Stream6_IRQHandler
                0x080024d8                DMA1_Stream1_IRQHandler
                0x080024d8                UART4_IRQHandler
                0x080024d8                TIM3_IRQHandler
                0x080024d8                RCC_IRQHandler
                0x080024d8                TIM8_BRK_TIM12_IRQHandler
                0x080024d8                Default_Handler
                0x080024d8                CEC_IRQHandler
                0x080024d8                EXTI15_10_IRQHandler
                0x080024d8                ADC_IRQHandler
                0x080024d8                DMA1_Stream7_IRQHandler
                0x080024d8                TIM7_IRQHandler
                0x080024d8                CAN2_TX_IRQHandler
                0x080024d8                TIM5_IRQHandler
                0x080024d8                DMA2_Stream7_IRQHandler
                0x080024d8                I2C3_EV_IRQHandler
                0x080024d8                EXTI9_5_IRQHandler
                0x080024d8                RTC_WKUP_IRQHandler
                0x080024d8                SPDIF_RX_IRQHandler
                0x080024d8                SPI2_IRQHandler
                0x080024d8                OTG_HS_EP1_IN_IRQHandler
                0x080024d8                DMA1_Stream0_IRQHandler
                0x080024d8                CAN1_TX_IRQHandler
                0x080024d8                FMPI2C1_ER_IRQHandler
                0x080024d8                EXTI4_IRQHandler
                0x080024d8                OTG_HS_EP1_OUT_IRQHandler
                0x080024d8                WWDG_IRQHandler
                0x080024d8                OTG_FS_WKUP_IRQHandler
                0x080024d8                TIM1_TRG_COM_TIM11_IRQHandler
                0x080024d8                OTG_HS_IRQHandler
                0x080024d8                EXTI1_IRQHandler
                0x080024d8                USART2_IRQHandler
                0x080024d8                I2C2_ER_IRQHandler
                0x080024d8                DMA2_Stream1_IRQHandler
                0x080024d8                CAN1_SCE_IRQHandler
                0x080024d8                FLASH_IRQHandler
                0x080024d8                DMA2_Stream4_IRQHandler
                0x080024d8                USART1_IRQHandler
                0x080024d8                OTG_FS_IRQHandler
                0x080024d8                SPI3_IRQHandler
                0x080024d8                DMA1_Stream4_IRQHandler
                0x080024d8                I2C1_ER_IRQHandler
                0x080024d8                FMC_IRQHandler
                0x080024d8                DMA2_Stream6_IRQHandler
                0x080024d8                SAI1_IRQHandler
                0x080024d8                DMA1_Stream3_IRQHandler
 *fill*         0x080024da        0x2 
 .text.HAL_Init
                0x080024dc       0x44 ./Drivers/STM32F4xx_HAL_Driver/Src/stm32f4xx_hal.o
                0x080024dc                HAL_Init
 .text.HAL_IncTick
                0x08002520       0x28 ./Drivers/STM32F4xx_HAL_Driver/Src/stm32f4xx_hal.o
                0x08002520                HAL_IncTick
 .text.HAL_GetTick
                0x08002548       0x18 ./Drivers/STM32F4xx_HAL_Driver/Src/stm32f4xx_hal.o
                0x08002548                HAL_GetTick
 .text.HAL_Delay
                0x08002560       0x48 ./Drivers/STM32F4xx_HAL_Driver/Src/stm32f4xx_hal.o
                0x08002560                HAL_Delay
 .text.__NVIC_SetPriorityGrouping
                0x080025a8       0x48 ./Drivers/STM32F4xx_HAL_Driver/Src/stm32f4xx_hal_cortex.o
 .text.__NVIC_GetPriorityGrouping
                0x080025f0       0x1c ./Drivers/STM32F4xx_HAL_Driver/Src/stm32f4xx_hal_cortex.o
 .text.__NVIC_EnableIRQ
                0x0800260c       0x3c ./Drivers/STM32F4xx_HAL_Driver/Src/stm32f4xx_hal_cortex.o
 .text.__NVIC_SetPriority
                0x08002648       0x54 ./Drivers/STM32F4xx_HAL_Driver/Src/stm32f4xx_hal_cortex.o
 .text.NVIC_EncodePriority
                0x0800269c       0x66 ./Drivers/STM32F4xx_HAL_Driver/Src/stm32f4xx_hal_cortex.o
 .text.HAL_NVIC_SetPriorityGrouping
                0x08002702       0x16 ./Drivers/STM32F4xx_HAL_Driver/Src/stm32f4xx_hal_cortex.o
                0x08002702                HAL_NVIC_SetPriorityGrouping
 .text.HAL_NVIC_SetPriority
                0x08002718       0x38 ./Drivers/STM32F4xx_HAL_Driver/Src/stm32f4xx_hal_cortex.o
                0x08002718                HAL_NVIC_SetPriority
 .text.HAL_NVIC_EnableIRQ
                0x08002750       0x1c ./Drivers/STM32F4xx_HAL_Driver/Src/stm32f4xx_hal_cortex.o
                0x08002750                HAL_NVIC_EnableIRQ
 .text.HAL_DMA_Init
                0x0800276c      0x15c ./Drivers/STM32F4xx_HAL_Driver/Src/stm32f4xx_hal_dma.o
                0x0800276c                HAL_DMA_Init
 .text.HAL_DMA_Start_IT
                0x080028c8       0xb0 ./Drivers/STM32F4xx_HAL_Driver/Src/stm32f4xx_hal_dma.o
                0x080028c8                HAL_DMA_Start_IT
 .text.HAL_DMA_IRQHandler
                0x08002978      0x314 ./Drivers/STM32F4xx_HAL_Driver/Src/stm32f4xx_hal_dma.o
                0x08002978                HAL_DMA_IRQHandler
 .text.DMA_SetConfig
                0x08002c8c       0x5c ./Drivers/STM32F4xx_HAL_Driver/Src/stm32f4xx_hal_dma.o
 .text.DMA_CalcBaseAndBitshift
                0x08002ce8       0x6c ./Drivers/STM32F4xx_HAL_Driver/Src/stm32f4xx_hal_dma.o
 .text.DMA_CheckFifoParam
                0x08002d54       0xf8 ./Drivers/STM32F4xx_HAL_Driver/Src/stm32f4xx_hal_dma.o
 .text.HAL_GPIO_Init
                0x08002e4c      0x328 ./Drivers/STM32F4xx_HAL_Driver/Src/stm32f4xx_hal_gpio.o
                0x08002e4c                HAL_GPIO_Init
 .text.HAL_GPIO_WritePin
                0x08003174       0x32 ./Drivers/STM32F4xx_HAL_Driver/Src/stm32f4xx_hal_gpio.o
                0x08003174                HAL_GPIO_WritePin
 .text.HAL_GPIO_TogglePin
                0x080031a6       0x34 ./Drivers/STM32F4xx_HAL_Driver/Src/stm32f4xx_hal_gpio.o
                0x080031a6                HAL_GPIO_TogglePin
 *fill*         0x080031da        0x2 
 .text.HAL_RCC_ClockConfig
                0x080031dc      0x1cc ./Drivers/STM32F4xx_HAL_Driver/Src/stm32f4xx_hal_rcc.o
                0x080031dc                HAL_RCC_ClockConfig
 .text.HAL_RCC_GetHCLKFreq
                0x080033a8       0x18 ./Drivers/STM32F4xx_HAL_Driver/Src/stm32f4xx_hal_rcc.o
                0x080033a8                HAL_RCC_GetHCLKFreq
 .text.HAL_RCC_GetPCLK1Freq
                0x080033c0       0x28 ./Drivers/STM32F4xx_HAL_Driver/Src/stm32f4xx_hal_rcc.o
                0x080033c0                HAL_RCC_GetPCLK1Freq
 .text.HAL_RCC_GetPCLK2Freq
                0x080033e8       0x28 ./Drivers/STM32F4xx_HAL_Driver/Src/stm32f4xx_hal_rcc.o
                0x080033e8                HAL_RCC_GetPCLK2Freq
 .text.HAL_RCC_GetClockConfig
                0x08003410       0x64 ./Drivers/STM32F4xx_HAL_Driver/Src/stm32f4xx_hal_rcc.o
                0x08003410                HAL_RCC_GetClockConfig
 .text.HAL_RCC_GetSysClockFreq
                0x08003474      0x460 ./Drivers/STM32F4xx_HAL_Driver/Src/stm32f4xx_hal_rcc_ex.o
                0x08003474                HAL_RCC_GetSysClockFreq
 .text.HAL_RCC_OscConfig
                0x080038d4      0x53c ./Drivers/STM32F4xx_HAL_Driver/Src/stm32f4xx_hal_rcc_ex.o
                0x080038d4                HAL_RCC_OscConfig
 .text.HAL_SPI_Init
                0x08003e10      0x112 ./Drivers/STM32F4xx_HAL_Driver/Src/stm32f4xx_hal_spi.o
                0x08003e10                HAL_SPI_Init
 .text.HAL_SPI_Transmit
                0x08003f22      0x288 ./Drivers/STM32F4xx_HAL_Driver/Src/stm32f4xx_hal_spi.o
                0x08003f22                HAL_SPI_Transmit
 *fill*         0x080041aa        0x2 
 .text.HAL_SPI_Transmit_DMA
                0x080041ac      0x164 ./Drivers/STM32F4xx_HAL_Driver/Src/stm32f4xx_hal_spi.o
                0x080041ac                HAL_SPI_Transmit_DMA
 .text.HAL_SPI_TxCpltCallback
                0x08004310       0x14 ./Drivers/STM32F4xx_HAL_Driver/Src/stm32f4xx_hal_spi.o
                0x08004310                HAL_SPI_TxCpltCallback
 .text.HAL_SPI_TxHalfCpltCallback
                0x08004324       0x14 ./Drivers/STM32F4xx_HAL_Driver/Src/stm32f4xx_hal_spi.o
                0x08004324                HAL_SPI_TxHalfCpltCallback
 .text.HAL_SPI_ErrorCallback
                0x08004338       0x14 ./Drivers/STM32F4xx_HAL_Driver/Src/stm32f4xx_hal_spi.o
                0x08004338                HAL_SPI_ErrorCallback
 .text.SPI_DMATransmitCplt
                0x0800434c       0xa8 ./Drivers/STM32F4xx_HAL_Driver/Src/stm32f4xx_hal_spi.o
 .text.SPI_DMAHalfTransmitCplt
                0x080043f4       0x1c ./Drivers/STM32F4xx_HAL_Driver/Src/stm32f4xx_hal_spi.o
 .text.SPI_DMAError
                0x08004410       0x40 ./Drivers/STM32F4xx_HAL_Driver/Src/stm32f4xx_hal_spi.o
 .text.SPI_WaitFlagStateUntilTimeout
                0x08004450      0x110 ./Drivers/STM32F4xx_HAL_Driver/Src/stm32f4xx_hal_spi.o
 .text.SPI_EndRxTxTransaction
                0x08004560       0xa8 ./Drivers/STM32F4xx_HAL_Driver/Src/stm32f4xx_hal_spi.o
 .text.HAL_TIM_Base_Init
                0x08004608       0x9e ./Drivers/STM32F4xx_HAL_Driver/Src/stm32f4xx_hal_tim.o
                0x08004608                HAL_TIM_Base_Init
 *fill*         0x080046a6        0x2 
 .text.HAL_TIM_Base_Start_IT
                0x080046a8       0xe0 ./Drivers/STM32F4xx_HAL_Driver/Src/stm32f4xx_hal_tim.o
                0x080046a8                HAL_TIM_Base_Start_IT
 .text.HAL_TIM_IRQHandler
                0x08004788      0x1e0 ./Drivers/STM32F4xx_HAL_Driver/Src/stm32f4xx_hal_tim.o
                0x08004788                HAL_TIM_IRQHandler
 .text.HAL_TIM_ConfigClockSource
                0x08004968      0x18e ./Drivers/STM32F4xx_HAL_Driver/Src/stm32f4xx_hal_tim.o
                0x08004968                HAL_TIM_ConfigClockSource
 .text.HAL_TIM_OC_DelayElapsedCallback
                0x08004af6       0x14 ./Drivers/STM32F4xx_HAL_Driver/Src/stm32f4xx_hal_tim.o
                0x08004af6                HAL_TIM_OC_DelayElapsedCallback
 .text.HAL_TIM_IC_CaptureCallback
                0x08004b0a       0x14 ./Drivers/STM32F4xx_HAL_Driver/Src/stm32f4xx_hal_tim.o
                0x08004b0a                HAL_TIM_IC_CaptureCallback
 .text.HAL_TIM_PWM_PulseFinishedCallback
                0x08004b1e       0x14 ./Drivers/STM32F4xx_HAL_Driver/Src/stm32f4xx_hal_tim.o
                0x08004b1e                HAL_TIM_PWM_PulseFinishedCallback
 .text.HAL_TIM_TriggerCallback
                0x08004b32       0x14 ./Drivers/STM32F4xx_HAL_Driver/Src/stm32f4xx_hal_tim.o
                0x08004b32                HAL_TIM_TriggerCallback
 *fill*         0x08004b46        0x2 
 .text.TIM_Base_SetConfig
                0x08004b48      0x14c ./Drivers/STM32F4xx_HAL_Driver/Src/stm32f4xx_hal_tim.o
                0x08004b48                TIM_Base_SetConfig
 .text.TIM_TI1_ConfigInputStage
                0x08004c94       0x5e ./Drivers/STM32F4xx_HAL_Driver/Src/stm32f4xx_hal_tim.o
 .text.TIM_TI2_ConfigInputStage
                0x08004cf2       0x60 ./Drivers/STM32F4xx_HAL_Driver/Src/stm32f4xx_hal_tim.o
 .text.TIM_ITRx_SetConfig
                0x08004d52       0x36 ./Drivers/STM32F4xx_HAL_Driver/Src/stm32f4xx_hal_tim.o
 .text.TIM_ETR_SetConfig
                0x08004d88       0x40 ./Drivers/STM32F4xx_HAL_Driver/Src/stm32f4xx_hal_tim.o
                0x08004d88                TIM_ETR_SetConfig
 .text.HAL_TIMEx_MasterConfigSynchronization
                0x08004dc8       0xf8 ./Drivers/STM32F4xx_HAL_Driver/Src/stm32f4xx_hal_tim_ex.o
                0x08004dc8                HAL_TIMEx_MasterConfigSynchronization
 .text.HAL_TIMEx_CommutCallback
                0x08004ec0       0x14 ./Drivers/STM32F4xx_HAL_Driver/Src/stm32f4xx_hal_tim_ex.o
                0x08004ec0                HAL_TIMEx_CommutCallback
 .text.HAL_TIMEx_BreakCallback
                0x08004ed4       0x14 ./Drivers/STM32F4xx_HAL_Driver/Src/stm32f4xx_hal_tim_ex.o
                0x08004ed4                HAL_TIMEx_BreakCallback
 .text.HAL_UART_Init
                0x08004ee8       0xa0 ./Drivers/STM32F4xx_HAL_Driver/Src/stm32f4xx_hal_uart.o
                0x08004ee8                HAL_UART_Init
 .text.HAL_UART_Transmit
                0x08004f88      0x116 ./Drivers/STM32F4xx_HAL_Driver/Src/stm32f4xx_hal_uart.o
                0x08004f88                HAL_UART_Transmit
 .text.UART_WaitOnFlagUntilTimeout
                0x0800509e       0xb2 ./Drivers/STM32F4xx_HAL_Driver/Src/stm32f4xx_hal_uart.o
 .text.UART_EndRxTransfer
                0x08005150       0xc6 ./Drivers/STM32F4xx_HAL_Driver/Src/stm32f4xx_hal_uart.o
 *fill*         0x08005216        0x2 
 .text.UART_SetConfig
                0x08005218      0x4e8 ./Drivers/STM32F4xx_HAL_Driver/Src/stm32f4xx_hal_uart.o
 .text.SysTick_Handler
                0x08005700       0x20 ./Middlewares/Third_Party/FreeRTOS/Source/CMSIS_RTOS_V2/cmsis_os2.o
                0x08005700                SysTick_Handler
 .text.vListInsertEnd
                0x08005720       0x48 ./Middlewares/Third_Party/FreeRTOS/Source/list.o
                0x08005720                vListInsertEnd
 .text.uxListRemove
                0x08005768       0x54 ./Middlewares/Third_Party/FreeRTOS/Source/list.o
                0x08005768                uxListRemove
 .text.xTaskIncrementTick
                0x080057bc      0x174 ./Middlewares/Third_Party/FreeRTOS/Source/tasks.o
                0x080057bc                xTaskIncrementTick
 .text.vTaskSwitchContext
                0x08005930       0xcc ./Middlewares/Third_Party/FreeRTOS/Source/tasks.o
                0x08005930                vTaskSwitchContext
 .text.prvResetNextTaskUnblockTime
                0x080059fc       0x40 ./Middlewares/Third_Party/FreeRTOS/Source/tasks.o
 .text.xTaskGetSchedulerState
                0x08005a3c       0x3c ./Middlewares/Third_Party/FreeRTOS/Source/tasks.o
                0x08005a3c                xTaskGetSchedulerState
 *fill*         0x08005a78        0x8 
 .text.SVC_Handler
                0x08005a80       0x28 ./Middlewares/Third_Party/FreeRTOS/Source/portable/GCC/ARM_CM4F/port.o
                0x08005a80                SVC_Handler
 *fill*         0x08005aa8        0x8 
 .text.PendSV_Handler
                0x08005ab0       0x68 ./Middlewares/Third_Party/FreeRTOS/Source/portable/GCC/ARM_CM4F/port.o
                0x08005ab0                PendSV_Handler
 .text.xPortSysTickHandler
                0x08005b18       0x44 ./Middlewares/Third_Party/FreeRTOS/Source/portable/GCC/ARM_CM4F/port.o
                0x08005b18                xPortSysTickHandler
 .text.malloc   0x08005b5c       0x10 C:/Programming/STM32CubeIDE_1.19.0/STM32CubeIDE/plugins/com.st.stm32cube.ide.mcu.externaltools.gnu-tools-for-stm32.13.3.rel1.win32_1.0.0.202411081344/tools/bin/../lib/gcc/arm-none-eabi/13.3.1/../../../../arm-none-eabi/lib/thumb/v7e-m+fp/hard\libc_nano.a(libc_a-malloc.o)
                0x08005b5c                malloc
 .text.free     0x08005b6c       0x10 C:/Programming/STM32CubeIDE_1.19.0/STM32CubeIDE/plugins/com.st.stm32cube.ide.mcu.externaltools.gnu-tools-for-stm32.13.3.rel1.win32_1.0.0.202411081344/tools/bin/../lib/gcc/arm-none-eabi/13.3.1/../../../../arm-none-eabi/lib/thumb/v7e-m+fp/hard\libc_nano.a(libc_a-malloc.o)
                0x08005b6c                free
 .text.sbrk_aligned
                0x08005b7c       0x44 C:/Programming/STM32CubeIDE_1.19.0/STM32CubeIDE/plugins/com.st.stm32cube.ide.mcu.externaltools.gnu-tools-for-stm32.13.3.rel1.win32_1.0.0.202411081344/tools/bin/../lib/gcc/arm-none-eabi/13.3.1/../../../../arm-none-eabi/lib/thumb/v7e-m+fp/hard\libc_nano.a(libc_a-mallocr.o)
 .text._malloc_r
                0x08005bc0      0x100 C:/Programming/STM32CubeIDE_1.19.0/STM32CubeIDE/plugins/com.st.stm32cube.ide.mcu.externaltools.gnu-tools-for-stm32.13.3.rel1.win32_1.0.0.202411081344/tools/bin/../lib/gcc/arm-none-eabi/13.3.1/../../../../arm-none-eabi/lib/thumb/v7e-m+fp/hard\libc_nano.a(libc_a-mallocr.o)
                0x08005bc0                _malloc_r
 .text.__malloc_lock
                0x08005cc0        0xc C:/Programming/STM32CubeIDE_1.19.0/STM32CubeIDE/plugins/com.st.stm32cube.ide.mcu.externaltools.gnu-tools-for-stm32.13.3.rel1.win32_1.0.0.202411081344/tools/bin/../lib/gcc/arm-none-eabi/13.3.1/../../../../arm-none-eabi/lib/thumb/v7e-m+fp/hard\libc_nano.a(libc_a-mlock.o)
                0x08005cc0                __malloc_lock
 .text.__malloc_unlock
                0x08005ccc        0xc C:/Programming/STM32CubeIDE_1.19.0/STM32CubeIDE/plugins/com.st.stm32cube.ide.mcu.externaltools.gnu-tools-for-stm32.13.3.rel1.win32_1.0.0.202411081344/tools/bin/../lib/gcc/arm-none-eabi/13.3.1/../../../../arm-none-eabi/lib/thumb/v7e-m+fp/hard\libc_nano.a(libc_a-mlock.o)
                0x08005ccc                __malloc_unlock
 .text.memset   0x08005cd8       0x10 C:/Programming/STM32CubeIDE_1.19.0/STM32CubeIDE/plugins/com.st.stm32cube.ide.mcu.externaltools.gnu-tools-for-stm32.13.3.rel1.win32_1.0.0.202411081344/tools/bin/../lib/gcc/arm-none-eabi/13.3.1/../../../../arm-none-eabi/lib/thumb/v7e-m+fp/hard\libc_nano.a(libc_a-memset.o)
                0x08005cd8                memset
 .text._sbrk_r  0x08005ce8       0x20 C:/Programming/STM32CubeIDE_1.19.0/STM32CubeIDE/plugins/com.st.stm32cube.ide.mcu.externaltools.gnu-tools-for-stm32.13.3.rel1.win32_1.0.0.202411081344/tools/bin/../lib/gcc/arm-none-eabi/13.3.1/../../../../arm-none-eabi/lib/thumb/v7e-m+fp/hard\libc_nano.a(libc_a-sbrkr.o)
                0x08005ce8                _sbrk_r
 .text.__errno  0x08005d08        0xc C:/Programming/STM32CubeIDE_1.19.0/STM32CubeIDE/plugins/com.st.stm32cube.ide.mcu.externaltools.gnu-tools-for-stm32.13.3.rel1.win32_1.0.0.202411081344/tools/bin/../lib/gcc/arm-none-eabi/13.3.1/../../../../arm-none-eabi/lib/thumb/v7e-m+fp/hard\libc_nano.a(libc_a-errno.o)
                0x08005d08                __errno
 .text.__libc_init_array
                0x08005d14       0x48 C:/Programming/STM32CubeIDE_1.19.0/STM32CubeIDE/plugins/com.st.stm32cube.ide.mcu.externaltools.gnu-tools-for-stm32.13.3.rel1.win32_1.0.0.202411081344/tools/bin/../lib/gcc/arm-none-eabi/13.3.1/../../../../arm-none-eabi/lib/thumb/v7e-m+fp/hard\libc_nano.a(libc_a-init.o)
                0x08005d14                __libc_init_array
 .text.__retarget_lock_acquire_recursive
                0x08005d5c        0x2 C:/Programming/STM32CubeIDE_1.19.0/STM32CubeIDE/plugins/com.st.stm32cube.ide.mcu.externaltools.gnu-tools-for-stm32.13.3.rel1.win32_1.0.0.202411081344/tools/bin/../lib/gcc/arm-none-eabi/13.3.1/../../../../arm-none-eabi/lib/thumb/v7e-m+fp/hard\libc_nano.a(libc_a-lock.o)
                0x08005d5c                __retarget_lock_acquire_recursive
 .text.__retarget_lock_release_recursive
                0x08005d5e        0x2 C:/Programming/STM32CubeIDE_1.19.0/STM32CubeIDE/plugins/com.st.stm32cube.ide.mcu.externaltools.gnu-tools-for-stm32.13.3.rel1.win32_1.0.0.202411081344/tools/bin/../lib/gcc/arm-none-eabi/13.3.1/../../../../arm-none-eabi/lib/thumb/v7e-m+fp/hard\libc_nano.a(libc_a-lock.o)
                0x08005d5e                __retarget_lock_release_recursive
 .text._free_r  0x08005d60       0x94 C:/Programming/STM32CubeIDE_1.19.0/STM32CubeIDE/plugins/com.st.stm32cube.ide.mcu.externaltools.gnu-tools-for-stm32.13.3.rel1.win32_1.0.0.202411081344/tools/bin/../lib/gcc/arm-none-eabi/13.3.1/../../../../arm-none-eabi/lib/thumb/v7e-m+fp/hard\libc_nano.a(libc_a-freer.o)
                0x08005d60                _free_r
 *fill*         0x08005df4        0x4 
 .text.cos      0x08005df8       0xa8 C:/Programming/STM32CubeIDE_1.19.0/STM32CubeIDE/plugins/com.st.stm32cube.ide.mcu.externaltools.gnu-tools-for-stm32.13.3.rel1.win32_1.0.0.202411081344/tools/bin/../lib/gcc/arm-none-eabi/13.3.1/../../../../arm-none-eabi/lib/thumb/v7e-m+fp/hard\libm.a(libm_a-s_cos.o)
                0x08005df8                cos
 .text.sin      0x08005ea0       0xa8 C:/Programming/STM32CubeIDE_1.19.0/STM32CubeIDE/plugins/com.st.stm32cube.ide.mcu.externaltools.gnu-tools-for-stm32.13.3.rel1.win32_1.0.0.202411081344/tools/bin/../lib/gcc/arm-none-eabi/13.3.1/../../../../arm-none-eabi/lib/thumb/v7e-m+fp/hard\libm.a(libm_a-s_sin.o)
                0x08005ea0                sin
 .text.__kernel_cos
                0x08005f48      0x18c C:/Programming/STM32CubeIDE_1.19.0/STM32CubeIDE/plugins/com.st.stm32cube.ide.mcu.externaltools.gnu-tools-for-stm32.13.3.rel1.win32_1.0.0.202411081344/tools/bin/../lib/gcc/arm-none-eabi/13.3.1/../../../../arm-none-eabi/lib/thumb/v7e-m+fp/hard\libm.a(libm_a-k_cos.o)
                0x08005f48                __kernel_cos
 *fill*         0x080060d4        0x4 
 .text.__kernel_sin
                0x080060d8      0x174 C:/Programming/STM32CubeIDE_1.19.0/STM32CubeIDE/plugins/com.st.stm32cube.ide.mcu.externaltools.gnu-tools-for-stm32.13.3.rel1.win32_1.0.0.202411081344/tools/bin/../lib/gcc/arm-none-eabi/13.3.1/../../../../arm-none-eabi/lib/thumb/v7e-m+fp/hard\libm.a(libm_a-k_sin.o)
                0x080060d8                __kernel_sin
 *fill*         0x0800624c        0x4 
 .text.__ieee754_rem_pio2
                0x08006250      0x3f8 C:/Programming/STM32CubeIDE_1.19.0/STM32CubeIDE/plugins/com.st.stm32cube.ide.mcu.externaltools.gnu-tools-for-stm32.13.3.rel1.win32_1.0.0.202411081344/tools/bin/../lib/gcc/arm-none-eabi/13.3.1/../../../../arm-none-eabi/lib/thumb/v7e-m+fp/hard\libm.a(libm_a-e_rem_pio2.o)
                0x08006250                __ieee754_rem_pio2
 .text.fabs     0x08006648       0x10 C:/Programming/STM32CubeIDE_1.19.0/STM32CubeIDE/plugins/com.st.stm32cube.ide.mcu.externaltools.gnu-tools-for-stm32.13.3.rel1.win32_1.0.0.202411081344/tools/bin/../lib/gcc/arm-none-eabi/13.3.1/../../../../arm-none-eabi/lib/thumb/v7e-m+fp/hard\libm.a(libm_a-s_fabs.o)
                0x08006648                fabs
 .text.__kernel_rem_pio2
                0x08006658      0x6a0 C:/Programming/STM32CubeIDE_1.19.0/STM32CubeIDE/plugins/com.st.stm32cube.ide.mcu.externaltools.gnu-tools-for-stm32.13.3.rel1.win32_1.0.0.202411081344/tools/bin/../lib/gcc/arm-none-eabi/13.3.1/../../../../arm-none-eabi/lib/thumb/v7e-m+fp/hard\libm.a(libm_a-k_rem_pio2.o)
                0x08006658                __kernel_rem_pio2
 .text.scalbn   0x08006cf8       0xf4 C:/Programming/STM32CubeIDE_1.19.0/STM32CubeIDE/plugins/com.st.stm32cube.ide.mcu.externaltools.gnu-tools-for-stm32.13.3.rel1.win32_1.0.0.202411081344/tools/bin/../lib/gcc/arm-none-eabi/13.3.1/../../../../arm-none-eabi/lib/thumb/v7e-m+fp/hard\libm.a(libm_a-s_scalbn.o)
                0x08006cf8                scalbn
 *fill*         0x08006dec        0x4 
 .text.floor    0x08006df0       0xf8 C:/Programming/STM32CubeIDE_1.19.0/STM32CubeIDE/plugins/com.st.stm32cube.ide.mcu.externaltools.gnu-tools-for-stm32.13.3.rel1.win32_1.0.0.202411081344/tools/bin/../lib/gcc/arm-none-eabi/13.3.1/../../../../arm-none-eabi/lib/thumb/v7e-m+fp/hard\libm.a(libm_a-s_floor.o)
                0x08006df0                floor
 *(.glue_7)
 .glue_7        0x08006ee8        0x0 linker stubs
 *(.glue_7t)
 .glue_7t       0x08006ee8        0x0 linker stubs
 *(.eh_frame)
 .eh_frame      0x08006ee8        0x0 C:/Programming/STM32CubeIDE_1.19.0/STM32CubeIDE/plugins/com.st.stm32cube.ide.mcu.externaltools.gnu-tools-for-stm32.13.3.rel1.win32_1.0.0.202411081344/tools/bin/../lib/gcc/arm-none-eabi/13.3.1/thumb/v7e-m+fp/hard/crtbegin.o
 *(.init)
 .init          0x08006ee8        0x4 C:/Programming/STM32CubeIDE_1.19.0/STM32CubeIDE/plugins/com.st.stm32cube.ide.mcu.externaltools.gnu-tools-for-stm32.13.3.rel1.win32_1.0.0.202411081344/tools/bin/../lib/gcc/arm-none-eabi/13.3.1/thumb/v7e-m+fp/hard/crti.o
                0x08006ee8                _init
 .init          0x08006eec        0x8 C:/Programming/STM32CubeIDE_1.19.0/STM32CubeIDE/plugins/com.st.stm32cube.ide.mcu.externaltools.gnu-tools-for-stm32.13.3.rel1.win32_1.0.0.202411081344/tools/bin/../lib/gcc/arm-none-eabi/13.3.1/thumb/v7e-m+fp/hard/crtn.o
 *(.fini)
 .fini          0x08006ef4        0x4 C:/Programming/STM32CubeIDE_1.19.0/STM32CubeIDE/plugins/com.st.stm32cube.ide.mcu.externaltools.gnu-tools-for-stm32.13.3.rel1.win32_1.0.0.202411081344/tools/bin/../lib/gcc/arm-none-eabi/13.3.1/thumb/v7e-m+fp/hard/crti.o
                0x08006ef4                _fini
 .fini          0x08006ef8        0x8 C:/Programming/STM32CubeIDE_1.19.0/STM32CubeIDE/plugins/com.st.stm32cube.ide.mcu.externaltools.gnu-tools-for-stm32.13.3.rel1.win32_1.0.0.202411081344/tools/bin/../lib/gcc/arm-none-eabi/13.3.1/thumb/v7e-m+fp/hard/crtn.o
                0x08006f00                        . = ALIGN (0x4)
                0x08006f00                        _etext = .

.vfp11_veneer   0x08006f00        0x0
 .vfp11_veneer  0x08006f00        0x0 linker stubs

.v4_bx          0x08006f00        0x0
 .v4_bx         0x08006f00        0x0 linker stubs

.iplt           0x08006f00        0x0
 .iplt          0x08006f00        0x0 C:/Programming/STM32CubeIDE_1.19.0/STM32CubeIDE/plugins/com.st.stm32cube.ide.mcu.externaltools.gnu-tools-for-stm32.13.3.rel1.win32_1.0.0.202411081344/tools/bin/../lib/gcc/arm-none-eabi/13.3.1/thumb/v7e-m+fp/hard/crtbegin.o

.rodata         0x08006f00      0x290
                0x08006f00                        . = ALIGN (0x4)
 *(.rodata)
 .rodata        0x08006f00       0x97 ./Core/Src/st7789.o
 *(.rodata*)
 *fill*         0x08006f97        0x1 
 .rodata.AHBPrescTable
                0x08006f98       0x10 ./Core/Src/system_stm32f4xx.o
                0x08006f98                AHBPrescTable
 .rodata.APBPrescTable
                0x08006fa8        0x8 ./Core/Src/system_stm32f4xx.o
                0x08006fa8                APBPrescTable
 .rodata.flagBitshiftOffset.0
                0x08006fb0        0x8 ./Drivers/STM32F4xx_HAL_Driver/Src/stm32f4xx_hal_dma.o
 .rodata.npio2_hw
                0x08006fb8       0x80 C:/Programming/STM32CubeIDE_1.19.0/STM32CubeIDE/plugins/com.st.stm32cube.ide.mcu.externaltools.gnu-tools-for-stm32.13.3.rel1.win32_1.0.0.202411081344/tools/bin/../lib/gcc/arm-none-eabi/13.3.1/../../../../arm-none-eabi/lib/thumb/v7e-m+fp/hard\libm.a(libm_a-e_rem_pio2.o)
 .rodata.two_over_pi
                0x08007038      0x108 C:/Programming/STM32CubeIDE_1.19.0/STM32CubeIDE/plugins/com.st.stm32cube.ide.mcu.externaltools.gnu-tools-for-stm32.13.3.rel1.win32_1.0.0.202411081344/tools/bin/../lib/gcc/arm-none-eabi/13.3.1/../../../../arm-none-eabi/lib/thumb/v7e-m+fp/hard\libm.a(libm_a-e_rem_pio2.o)
 .rodata.PIo2   0x08007140       0x40 C:/Programming/STM32CubeIDE_1.19.0/STM32CubeIDE/plugins/com.st.stm32cube.ide.mcu.externaltools.gnu-tools-for-stm32.13.3.rel1.win32_1.0.0.202411081344/tools/bin/../lib/gcc/arm-none-eabi/13.3.1/../../../../arm-none-eabi/lib/thumb/v7e-m+fp/hard\libm.a(libm_a-k_rem_pio2.o)
 .rodata.init_jk
                0x08007180       0x10 C:/Programming/STM32CubeIDE_1.19.0/STM32CubeIDE/plugins/com.st.stm32cube.ide.mcu.externaltools.gnu-tools-for-stm32.13.3.rel1.win32_1.0.0.202411081344/tools/bin/../lib/gcc/arm-none-eabi/13.3.1/../../../../arm-none-eabi/lib/thumb/v7e-m+fp/hard\libm.a(libm_a-k_rem_pio2.o)
                0x08007190                        . = ALIGN (0x4)

.ARM.extab      0x08007190        0x0
                0x08007190                        . = ALIGN (0x4)
 *(.ARM.extab* .gnu.linkonce.armextab.*)
                0x08007190                        . = ALIGN (0x4)

.ARM            0x08007190        0x8
                0x08007190                        . = ALIGN (0x4)
                0x08007190                        __exidx_start = .
 *(.ARM.exidx*)
 .ARM.exidx     0x08007190        0x8 C:/Programming/STM32CubeIDE_1.19.0/STM32CubeIDE/plugins/com.st.stm32cube.ide.mcu.externaltools.gnu-tools-for-stm32.13.3.rel1.win32_1.0.0.202411081344/tools/bin/../lib/gcc/arm-none-eabi/13.3.1/thumb/v7e-m+fp/hard\libgcc.a(_udivmoddi4.o)
                0x08007198                        __exidx_end = .
                0x08007198                        . = ALIGN (0x4)

.preinit_array  0x08007198        0x0
                0x08007198                        . = ALIGN (0x4)
                0x08007198                        PROVIDE (__preinit_array_start = .)
 *(.preinit_array*)
                0x08007198                        PROVIDE (__preinit_array_end = .)
                0x08007198                        . = ALIGN (0x4)

.init_array     0x08007198        0x4
                0x08007198                        . = ALIGN (0x4)
                0x08007198                        PROVIDE (__init_array_start = .)
 *(SORT_BY_NAME(.init_array.*))
 *(.init_array*)
 .init_array    0x08007198        0x4 C:/Programming/STM32CubeIDE_1.19.0/STM32CubeIDE/plugins/com.st.stm32cube.ide.mcu.externaltools.gnu-tools-for-stm32.13.3.rel1.win32_1.0.0.202411081344/tools/bin/../lib/gcc/arm-none-eabi/13.3.1/thumb/v7e-m+fp/hard/crtbegin.o
                0x0800719c                        PROVIDE (__init_array_end = .)
                0x0800719c                        . = ALIGN (0x4)

.fini_array     0x0800719c        0x4
                0x0800719c                        . = ALIGN (0x4)
                [!provide]                        PROVIDE (__fini_array_start = .)
 *(SORT_BY_NAME(.fini_array.*))
 *(.fini_array*)
 .fini_array    0x0800719c        0x4 C:/Programming/STM32CubeIDE_1.19.0/STM32CubeIDE/plugins/com.st.stm32cube.ide.mcu.externaltools.gnu-tools-for-stm32.13.3.rel1.win32_1.0.0.202411081344/tools/bin/../lib/gcc/arm-none-eabi/13.3.1/thumb/v7e-m+fp/hard/crtbegin.o
                [!provide]                        PROVIDE (__fini_array_end = .)
                0x080071a0                        . = ALIGN (0x4)
                0x080071a0                        _sidata = LOADADDR (.data)

.rel.dyn        0x080071a0        0x0
 .rel.iplt      0x080071a0        0x0 C:/Programming/STM32CubeIDE_1.19.0/STM32CubeIDE/plugins/com.st.stm32cube.ide.mcu.externaltools.gnu-tools-for-stm32.13.3.rel1.win32_1.0.0.202411081344/tools/bin/../lib/gcc/arm-none-eabi/13.3.1/thumb/v7e-m+fp/hard/crtbegin.o

.data           0x20000000       0x60 load address 0x080071a0
                0x20000000                        . = ALIGN (0x4)
                0x20000000                        _sdata = .
 *(.data)
 *(.data*)
 .data.DMA_MIN_SIZE
                0x20000000        0x2 ./Core/Src/st7789.o
                0x20000000                DMA_MIN_SIZE
 *fill*         0x20000002        0x2 
 .data.SystemCoreClock
                0x20000004        0x4 ./Core/Src/system_stm32f4xx.o
                0x20000004                SystemCoreClock
 .data.uwTickPrio
                0x20000008        0x4 ./Drivers/STM32F4xx_HAL_Driver/Src/stm32f4xx_hal.o
                0x20000008                uwTickPrio
 .data.uwTickFreq
                0x2000000c        0x1 ./Drivers/STM32F4xx_HAL_Driver/Src/stm32f4xx_hal.o
                0x2000000c                uwTickFreq
 *fill*         0x2000000d        0x3 
 .data._impure_ptr
                0x20000010        0x4 C:/Programming/STM32CubeIDE_1.19.0/STM32CubeIDE/plugins/com.st.stm32cube.ide.mcu.externaltools.gnu-tools-for-stm32.13.3.rel1.win32_1.0.0.202411081344/tools/bin/../lib/gcc/arm-none-eabi/13.3.1/../../../../arm-none-eabi/lib/thumb/v7e-m+fp/hard\libc_nano.a(libc_a-impure.o)
                0x20000010                _impure_ptr
 .data._impure_data
                0x20000014       0x4c C:/Programming/STM32CubeIDE_1.19.0/STM32CubeIDE/plugins/com.st.stm32cube.ide.mcu.externaltools.gnu-tools-for-stm32.13.3.rel1.win32_1.0.0.202411081344/tools/bin/../lib/gcc/arm-none-eabi/13.3.1/../../../../arm-none-eabi/lib/thumb/v7e-m+fp/hard\libc_nano.a(libc_a-impure.o)
                0x20000014                _impure_data
 *(.RamFunc)
 *(.RamFunc*)
                0x20000060                        . = ALIGN (0x4)
                0x20000060                        _edata = .

.igot.plt       0x20000060        0x0 load address 0x08007200
 .igot.plt      0x20000060        0x0 C:/Programming/STM32CubeIDE_1.19.0/STM32CubeIDE/plugins/com.st.stm32cube.ide.mcu.externaltools.gnu-tools-for-stm32.13.3.rel1.win32_1.0.0.202411081344/tools/bin/../lib/gcc/arm-none-eabi/13.3.1/thumb/v7e-m+fp/hard/crtbegin.o
                0x20000060                        . = ALIGN (0x4)

.bss            0x20000060     0x9dac load address 0x08007200
                0x20000060                        _sbss = .
                0x20000060                        __bss_start__ = _sbss
 *(.bss)
 .bss           0x20000060       0x1c C:/Programming/STM32CubeIDE_1.19.0/STM32CubeIDE/plugins/com.st.stm32cube.ide.mcu.externaltools.gnu-tools-for-stm32.13.3.rel1.win32_1.0.0.202411081344/tools/bin/../lib/gcc/arm-none-eabi/13.3.1/thumb/v7e-m+fp/hard/crtbegin.o
 *(.bss*)
 .bss.shapes    0x2000007c       0x10 ./Core/Src/display.o
 .bss.hspi1     0x2000008c       0x58 ./Core/Src/main.o
                0x2000008c                hspi1
 .bss.hdma_spi1_tx
                0x200000e4       0x60 ./Core/Src/main.o
                0x200000e4                hdma_spi1_tx
 .bss.htim2     0x20000144       0x48 ./Core/Src/main.o
                0x20000144                htim2
 .bss.huart2    0x2000018c       0x48 ./Core/Src/main.o
                0x2000018c                huart2
 .bss.g_sequencer_pattern
                0x200001d4       0x14 ./Core/Src/sequencer.o
                0x200001d4                g_sequencer_pattern
 .bss.disp_buf  0x200001e8     0x9600 ./Core/Src/st7789.o
                0x200001e8                disp_buf
 .bss.htim6     0x200097e8       0x48 ./Core/Src/stm32f4xx_hal_timebase_tim.o
                0x200097e8                htim6
 .bss.__sbrk_heap_end
                0x20009830        0x4 ./Core/Src/sysmem.o
 .bss.uwTick    0x20009834        0x4 ./Drivers/STM32F4xx_HAL_Driver/Src/stm32f4xx_hal.o
                0x20009834                uwTick
 .bss.pxCurrentTCB
                0x20009838        0x4 ./Middlewares/Third_Party/FreeRTOS/Source/tasks.o
                0x20009838                pxCurrentTCB
 .bss.pxReadyTasksLists
                0x2000983c      0x460 ./Middlewares/Third_Party/FreeRTOS/Source/tasks.o
 .bss.pxDelayedTaskList
                0x20009c9c        0x4 ./Middlewares/Third_Party/FreeRTOS/Source/tasks.o
 .bss.pxOverflowDelayedTaskList
                0x20009ca0        0x4 ./Middlewares/Third_Party/FreeRTOS/Source/tasks.o
 .bss.xTickCount
                0x20009ca4        0x4 ./Middlewares/Third_Party/FreeRTOS/Source/tasks.o
 .bss.uxTopReadyPriority
                0x20009ca8        0x4 ./Middlewares/Third_Party/FreeRTOS/Source/tasks.o
 .bss.xSchedulerRunning
                0x20009cac        0x4 ./Middlewares/Third_Party/FreeRTOS/Source/tasks.o
 .bss.xPendedTicks
                0x20009cb0        0x4 ./Middlewares/Third_Party/FreeRTOS/Source/tasks.o
 .bss.xYieldPending
                0x20009cb4        0x4 ./Middlewares/Third_Party/FreeRTOS/Source/tasks.o
 .bss.xNumOfOverflows
                0x20009cb8        0x4 ./Middlewares/Third_Party/FreeRTOS/Source/tasks.o
 .bss.xNextTaskUnblockTime
                0x20009cbc        0x4 ./Middlewares/Third_Party/FreeRTOS/Source/tasks.o
 .bss.uxSchedulerSuspended
                0x20009cc0        0x4 ./Middlewares/Third_Party/FreeRTOS/Source/tasks.o
 .bss.__malloc_sbrk_start
                0x20009cc4        0x4 C:/Programming/STM32CubeIDE_1.19.0/STM32CubeIDE/plugins/com.st.stm32cube.ide.mcu.externaltools.gnu-tools-for-stm32.13.3.rel1.win32_1.0.0.202411081344/tools/bin/../lib/gcc/arm-none-eabi/13.3.1/../../../../arm-none-eabi/lib/thumb/v7e-m+fp/hard\libc_nano.a(libc_a-mallocr.o)
                0x20009cc4                __malloc_sbrk_start
 .bss.__malloc_free_list
                0x20009cc8        0x4 C:/Programming/STM32CubeIDE_1.19.0/STM32CubeIDE/plugins/com.st.stm32cube.ide.mcu.externaltools.gnu-tools-for-stm32.13.3.rel1.win32_1.0.0.202411081344/tools/bin/../lib/gcc/arm-none-eabi/13.3.1/../../../../arm-none-eabi/lib/thumb/v7e-m+fp/hard\libc_nano.a(libc_a-mallocr.o)
                0x20009cc8                __malloc_free_list
 .bss.__sf      0x20009ccc      0x138 C:/Programming/STM32CubeIDE_1.19.0/STM32CubeIDE/plugins/com.st.stm32cube.ide.mcu.externaltools.gnu-tools-for-stm32.13.3.rel1.win32_1.0.0.202411081344/tools/bin/../lib/gcc/arm-none-eabi/13.3.1/../../../../arm-none-eabi/lib/thumb/v7e-m+fp/hard\libc_nano.a(libc_a-findfp.o)
                0x20009ccc                __sf
 .bss.errno     0x20009e04        0x4 C:/Programming/STM32CubeIDE_1.19.0/STM32CubeIDE/plugins/com.st.stm32cube.ide.mcu.externaltools.gnu-tools-for-stm32.13.3.rel1.win32_1.0.0.202411081344/tools/bin/../lib/gcc/arm-none-eabi/13.3.1/../../../../arm-none-eabi/lib/thumb/v7e-m+fp/hard\libc_nano.a(libc_a-reent.o)
                0x20009e04                errno
 .bss.__lock___malloc_recursive_mutex
                0x20009e08        0x1 C:/Programming/STM32CubeIDE_1.19.0/STM32CubeIDE/plugins/com.st.stm32cube.ide.mcu.externaltools.gnu-tools-for-stm32.13.3.rel1.win32_1.0.0.202411081344/tools/bin/../lib/gcc/arm-none-eabi/13.3.1/../../../../arm-none-eabi/lib/thumb/v7e-m+fp/hard\libc_nano.a(libc_a-lock.o)
                0x20009e08                __lock___malloc_recursive_mutex
 *(COMMON)
                0x20009e0c                        . = ALIGN (0x4)
 *fill*         0x20009e09        0x3 
                0x20009e0c                        _ebss = .
                0x20009e0c                        __bss_end__ = _ebss

._user_heap_stack
                0x20009e0c      0x604 load address 0x08007200
                0x20009e10                        . = ALIGN (0x8)
 *fill*         0x20009e0c        0x4 
                [!provide]                        PROVIDE (end = .)
                0x20009e10                        PROVIDE (_end = .)
                0x2000a010                        . = (. + _Min_Heap_Size)
 *fill*         0x20009e10      0x200 
                0x2000a410                        . = (. + _Min_Stack_Size)
 *fill*         0x2000a010      0x400 
                0x2000a410                        . = ALIGN (0x8)

/DISCARD/
 libc.a(*)
 libm.a(*)
 libgcc.a(*)

.ARM.attributes
                0x00000000       0x30
 *(.ARM.attributes)
 .ARM.attributes
                0x00000000       0x22 C:/Programming/STM32CubeIDE_1.19.0/STM32CubeIDE/plugins/com.st.stm32cube.ide.mcu.externaltools.gnu-tools-for-stm32.13.3.rel1.win32_1.0.0.202411081344/tools/bin/../lib/gcc/arm-none-eabi/13.3.1/thumb/v7e-m+fp/hard/crti.o
 .ARM.attributes
                0x00000022       0x34 C:/Programming/STM32CubeIDE_1.19.0/STM32CubeIDE/plugins/com.st.stm32cube.ide.mcu.externaltools.gnu-tools-for-stm32.13.3.rel1.win32_1.0.0.202411081344/tools/bin/../lib/gcc/arm-none-eabi/13.3.1/thumb/v7e-m+fp/hard/crtbegin.o
 .ARM.attributes
                0x00000056       0x34 ./Core/Src/display.o
 .ARM.attributes
                0x0000008a       0x34 ./Core/Src/main.o
 .ARM.attributes
                0x000000be       0x34 ./Core/Src/midi.o
 .ARM.attributes
                0x000000f2       0x34 ./Core/Src/sequencer.o
 .ARM.attributes
                0x00000126       0x34 ./Core/Src/st7789.o
 .ARM.attributes
                0x0000015a       0x34 ./Core/Src/stm32f4xx_hal_msp.o
 .ARM.attributes
                0x0000018e       0x34 ./Core/Src/stm32f4xx_hal_timebase_tim.o
 .ARM.attributes
                0x000001c2       0x34 ./Core/Src/stm32f4xx_it.o
 .ARM.attributes
                0x000001f6       0x34 ./Core/Src/sysmem.o
 .ARM.attributes
                0x0000022a       0x34 ./Core/Src/system_stm32f4xx.o
 .ARM.attributes
                0x0000025e       0x21 ./Core/Startup/startup_stm32f446retx.o
 .ARM.attributes
                0x0000027f       0x34 ./Drivers/STM32F4xx_HAL_Driver/Src/stm32f4xx_hal.o
 .ARM.attributes
                0x000002b3       0x34 ./Drivers/STM32F4xx_HAL_Driver/Src/stm32f4xx_hal_cortex.o
 .ARM.attributes
                0x000002e7       0x34 ./Drivers/STM32F4xx_HAL_Driver/Src/stm32f4xx_hal_dma.o
 .ARM.attributes
                0x0000031b       0x34 ./Drivers/STM32F4xx_HAL_Driver/Src/stm32f4xx_hal_gpio.o
 .ARM.attributes
                0x0000034f       0x34 ./Drivers/STM32F4xx_HAL_Driver/Src/stm32f4xx_hal_rcc.o
 .ARM.attributes
                0x00000383       0x34 ./Drivers/STM32F4xx_HAL_Driver/Src/stm32f4xx_hal_rcc_ex.o
 .ARM.attributes
                0x000003b7       0x34 ./Drivers/STM32F4xx_HAL_Driver/Src/stm32f4xx_hal_spi.o
 .ARM.attributes
                0x000003eb       0x34 ./Drivers/STM32F4xx_HAL_Driver/Src/stm32f4xx_hal_tim.o
 .ARM.attributes
                0x0000041f       0x34 ./Drivers/STM32F4xx_HAL_Driver/Src/stm32f4xx_hal_tim_ex.o
 .ARM.attributes
                0x00000453       0x34 ./Drivers/STM32F4xx_HAL_Driver/Src/stm32f4xx_hal_uart.o
 .ARM.attributes
                0x00000487       0x34 ./Middlewares/Third_Party/FreeRTOS/Source/CMSIS_RTOS_V2/cmsis_os2.o
 .ARM.attributes
                0x000004bb       0x34 ./Middlewares/Third_Party/FreeRTOS/Source/list.o
 .ARM.attributes
                0x000004ef       0x34 ./Middlewares/Third_Party/FreeRTOS/Source/tasks.o
 .ARM.attributes
                0x00000523       0x34 ./Middlewares/Third_Party/FreeRTOS/Source/portable/GCC/ARM_CM4F/port.o
 .ARM.attributes
                0x00000557       0x34 C:/Programming/STM32CubeIDE_1.19.0/STM32CubeIDE/plugins/com.st.stm32cube.ide.mcu.externaltools.gnu-tools-for-stm32.13.3.rel1.win32_1.0.0.202411081344/tools/bin/../lib/gcc/arm-none-eabi/13.3.1/../../../../arm-none-eabi/lib/thumb/v7e-m+fp/hard\libc_nano.a(libc_a-malloc.o)
 .ARM.attributes
                0x0000058b       0x34 C:/Programming/STM32CubeIDE_1.19.0/STM32CubeIDE/plugins/com.st.stm32cube.ide.mcu.externaltools.gnu-tools-for-stm32.13.3.rel1.win32_1.0.0.202411081344/tools/bin/../lib/gcc/arm-none-eabi/13.3.1/../../../../arm-none-eabi/lib/thumb/v7e-m+fp/hard\libc_nano.a(libc_a-mallocr.o)
 .ARM.attributes
                0x000005bf       0x34 C:/Programming/STM32CubeIDE_1.19.0/STM32CubeIDE/plugins/com.st.stm32cube.ide.mcu.externaltools.gnu-tools-for-stm32.13.3.rel1.win32_1.0.0.202411081344/tools/bin/../lib/gcc/arm-none-eabi/13.3.1/../../../../arm-none-eabi/lib/thumb/v7e-m+fp/hard\libc_nano.a(libc_a-mlock.o)
 .ARM.attributes
                0x000005f3       0x34 C:/Programming/STM32CubeIDE_1.19.0/STM32CubeIDE/plugins/com.st.stm32cube.ide.mcu.externaltools.gnu-tools-for-stm32.13.3.rel1.win32_1.0.0.202411081344/tools/bin/../lib/gcc/arm-none-eabi/13.3.1/../../../../arm-none-eabi/lib/thumb/v7e-m+fp/hard\libc_nano.a(libc_a-findfp.o)
 .ARM.attributes
                0x00000627       0x34 C:/Programming/STM32CubeIDE_1.19.0/STM32CubeIDE/plugins/com.st.stm32cube.ide.mcu.externaltools.gnu-tools-for-stm32.13.3.rel1.win32_1.0.0.202411081344/tools/bin/../lib/gcc/arm-none-eabi/13.3.1/../../../../arm-none-eabi/lib/thumb/v7e-m+fp/hard\libc_nano.a(libc_a-memset.o)
 .ARM.attributes
                0x0000065b       0x34 C:/Programming/STM32CubeIDE_1.19.0/STM32CubeIDE/plugins/com.st.stm32cube.ide.mcu.externaltools.gnu-tools-for-stm32.13.3.rel1.win32_1.0.0.202411081344/tools/bin/../lib/gcc/arm-none-eabi/13.3.1/../../../../arm-none-eabi/lib/thumb/v7e-m+fp/hard\libc_nano.a(libc_a-reent.o)
 .ARM.attributes
                0x0000068f       0x34 C:/Programming/STM32CubeIDE_1.19.0/STM32CubeIDE/plugins/com.st.stm32cube.ide.mcu.externaltools.gnu-tools-for-stm32.13.3.rel1.win32_1.0.0.202411081344/tools/bin/../lib/gcc/arm-none-eabi/13.3.1/../../../../arm-none-eabi/lib/thumb/v7e-m+fp/hard\libc_nano.a(libc_a-impure.o)
 .ARM.attributes
                0x000006c3       0x34 C:/Programming/STM32CubeIDE_1.19.0/STM32CubeIDE/plugins/com.st.stm32cube.ide.mcu.externaltools.gnu-tools-for-stm32.13.3.rel1.win32_1.0.0.202411081344/tools/bin/../lib/gcc/arm-none-eabi/13.3.1/../../../../arm-none-eabi/lib/thumb/v7e-m+fp/hard\libc_nano.a(libc_a-sbrkr.o)
 .ARM.attributes
                0x000006f7       0x34 C:/Programming/STM32CubeIDE_1.19.0/STM32CubeIDE/plugins/com.st.stm32cube.ide.mcu.externaltools.gnu-tools-for-stm32.13.3.rel1.win32_1.0.0.202411081344/tools/bin/../lib/gcc/arm-none-eabi/13.3.1/../../../../arm-none-eabi/lib/thumb/v7e-m+fp/hard\libc_nano.a(libc_a-errno.o)
 .ARM.attributes
                0x0000072b       0x34 C:/Programming/STM32CubeIDE_1.19.0/STM32CubeIDE/plugins/com.st.stm32cube.ide.mcu.externaltools.gnu-tools-for-stm32.13.3.rel1.win32_1.0.0.202411081344/tools/bin/../lib/gcc/arm-none-eabi/13.3.1/../../../../arm-none-eabi/lib/thumb/v7e-m+fp/hard\libc_nano.a(libc_a-init.o)
 .ARM.attributes
                0x0000075f       0x34 C:/Programming/STM32CubeIDE_1.19.0/STM32CubeIDE/plugins/com.st.stm32cube.ide.mcu.externaltools.gnu-tools-for-stm32.13.3.rel1.win32_1.0.0.202411081344/tools/bin/../lib/gcc/arm-none-eabi/13.3.1/../../../../arm-none-eabi/lib/thumb/v7e-m+fp/hard\libc_nano.a(libc_a-lock.o)
 .ARM.attributes
                0x00000793       0x34 C:/Programming/STM32CubeIDE_1.19.0/STM32CubeIDE/plugins/com.st.stm32cube.ide.mcu.externaltools.gnu-tools-for-stm32.13.3.rel1.win32_1.0.0.202411081344/tools/bin/../lib/gcc/arm-none-eabi/13.3.1/../../../../arm-none-eabi/lib/thumb/v7e-m+fp/hard\libc_nano.a(libc_a-freer.o)
 .ARM.attributes
                0x000007c7       0x34 C:/Programming/STM32CubeIDE_1.19.0/STM32CubeIDE/plugins/com.st.stm32cube.ide.mcu.externaltools.gnu-tools-for-stm32.13.3.rel1.win32_1.0.0.202411081344/tools/bin/../lib/gcc/arm-none-eabi/13.3.1/../../../../arm-none-eabi/lib/thumb/v7e-m+fp/hard\libm.a(libm_a-s_cos.o)
 .ARM.attributes
                0x000007fb       0x34 C:/Programming/STM32CubeIDE_1.19.0/STM32CubeIDE/plugins/com.st.stm32cube.ide.mcu.externaltools.gnu-tools-for-stm32.13.3.rel1.win32_1.0.0.202411081344/tools/bin/../lib/gcc/arm-none-eabi/13.3.1/../../../../arm-none-eabi/lib/thumb/v7e-m+fp/hard\libm.a(libm_a-s_sin.o)
 .ARM.attributes
                0x0000082f       0x34 C:/Programming/STM32CubeIDE_1.19.0/STM32CubeIDE/plugins/com.st.stm32cube.ide.mcu.externaltools.gnu-tools-for-stm32.13.3.rel1.win32_1.0.0.202411081344/tools/bin/../lib/gcc/arm-none-eabi/13.3.1/../../../../arm-none-eabi/lib/thumb/v7e-m+fp/hard\libm.a(libm_a-k_cos.o)
 .ARM.attributes
                0x00000863       0x34 C:/Programming/STM32CubeIDE_1.19.0/STM32CubeIDE/plugins/com.st.stm32cube.ide.mcu.externaltools.gnu-tools-for-stm32.13.3.rel1.win32_1.0.0.202411081344/tools/bin/../lib/gcc/arm-none-eabi/13.3.1/../../../../arm-none-eabi/lib/thumb/v7e-m+fp/hard\libm.a(libm_a-k_sin.o)
 .ARM.attributes
                0x00000897       0x34 C:/Programming/STM32CubeIDE_1.19.0/STM32CubeIDE/plugins/com.st.stm32cube.ide.mcu.externaltools.gnu-tools-for-stm32.13.3.rel1.win32_1.0.0.202411081344/tools/bin/../lib/gcc/arm-none-eabi/13.3.1/../../../../arm-none-eabi/lib/thumb/v7e-m+fp/hard\libm.a(libm_a-e_rem_pio2.o)
 .ARM.attributes
                0x000008cb       0x34 C:/Programming/STM32CubeIDE_1.19.0/STM32CubeIDE/plugins/com.st.stm32cube.ide.mcu.externaltools.gnu-tools-for-stm32.13.3.rel1.win32_1.0.0.202411081344/tools/bin/../lib/gcc/arm-none-eabi/13.3.1/../../../../arm-none-eabi/lib/thumb/v7e-m+fp/hard\libm.a(libm_a-s_fabs.o)
 .ARM.attributes
                0x000008ff       0x34 C:/Programming/STM32CubeIDE_1.19.0/STM32CubeIDE/plugins/com.st.stm32cube.ide.mcu.externaltools.gnu-tools-for-stm32.13.3.rel1.win32_1.0.0.202411081344/tools/bin/../lib/gcc/arm-none-eabi/13.3.1/../../../../arm-none-eabi/lib/thumb/v7e-m+fp/hard\libm.a(libm_a-k_rem_pio2.o)
 .ARM.attributes
                0x00000933       0x34 C:/Programming/STM32CubeIDE_1.19.0/STM32CubeIDE/plugins/com.st.stm32cube.ide.mcu.externaltools.gnu-tools-for-stm32.13.3.rel1.win32_1.0.0.202411081344/tools/bin/../lib/gcc/arm-none-eabi/13.3.1/../../../../arm-none-eabi/lib/thumb/v7e-m+fp/hard\libm.a(libm_a-s_scalbn.o)
 .ARM.attributes
                0x00000967       0x34 C:/Programming/STM32CubeIDE_1.19.0/STM32CubeIDE/plugins/com.st.stm32cube.ide.mcu.externaltools.gnu-tools-for-stm32.13.3.rel1.win32_1.0.0.202411081344/tools/bin/../lib/gcc/arm-none-eabi/13.3.1/../../../../arm-none-eabi/lib/thumb/v7e-m+fp/hard\libm.a(libm_a-s_floor.o)
 .ARM.attributes
                0x0000099b       0x22 C:/Programming/STM32CubeIDE_1.19.0/STM32CubeIDE/plugins/com.st.stm32cube.ide.mcu.externaltools.gnu-tools-for-stm32.13.3.rel1.win32_1.0.0.202411081344/tools/bin/../lib/gcc/arm-none-eabi/13.3.1/thumb/v7e-m+fp/hard\libgcc.a(_arm_addsubdf3.o)
 .ARM.attributes
                0x000009bd       0x22 C:/Programming/STM32CubeIDE_1.19.0/STM32CubeIDE/plugins/com.st.stm32cube.ide.mcu.externaltools.gnu-tools-for-stm32.13.3.rel1.win32_1.0.0.202411081344/tools/bin/../lib/gcc/arm-none-eabi/13.3.1/thumb/v7e-m+fp/hard\libgcc.a(_arm_muldivdf3.o)
 .ARM.attributes
                0x000009df       0x22 C:/Programming/STM32CubeIDE_1.19.0/STM32CubeIDE/plugins/com.st.stm32cube.ide.mcu.externaltools.gnu-tools-for-stm32.13.3.rel1.win32_1.0.0.202411081344/tools/bin/../lib/gcc/arm-none-eabi/13.3.1/thumb/v7e-m+fp/hard\libgcc.a(_arm_cmpdf2.o)
 .ARM.attributes
                0x00000a01       0x22 C:/Programming/STM32CubeIDE_1.19.0/STM32CubeIDE/plugins/com.st.stm32cube.ide.mcu.externaltools.gnu-tools-for-stm32.13.3.rel1.win32_1.0.0.202411081344/tools/bin/../lib/gcc/arm-none-eabi/13.3.1/thumb/v7e-m+fp/hard\libgcc.a(_arm_fixdfsi.o)
 .ARM.attributes
                0x00000a23       0x22 C:/Programming/STM32CubeIDE_1.19.0/STM32CubeIDE/plugins/com.st.stm32cube.ide.mcu.externaltools.gnu-tools-for-stm32.13.3.rel1.win32_1.0.0.202411081344/tools/bin/../lib/gcc/arm-none-eabi/13.3.1/thumb/v7e-m+fp/hard\libgcc.a(_aeabi_uldivmod.o)
 .ARM.attributes
                0x00000a45       0x34 C:/Programming/STM32CubeIDE_1.19.0/STM32CubeIDE/plugins/com.st.stm32cube.ide.mcu.externaltools.gnu-tools-for-stm32.13.3.rel1.win32_1.0.0.202411081344/tools/bin/../lib/gcc/arm-none-eabi/13.3.1/thumb/v7e-m+fp/hard\libgcc.a(_udivmoddi4.o)
 .ARM.attributes
                0x00000a79       0x22 C:/Programming/STM32CubeIDE_1.19.0/STM32CubeIDE/plugins/com.st.stm32cube.ide.mcu.externaltools.gnu-tools-for-stm32.13.3.rel1.win32_1.0.0.202411081344/tools/bin/../lib/gcc/arm-none-eabi/13.3.1/thumb/v7e-m+fp/hard\libgcc.a(_dvmd_tls.o)
 .ARM.attributes
                0x00000a9b       0x22 C:/Programming/STM32CubeIDE_1.19.0/STM32CubeIDE/plugins/com.st.stm32cube.ide.mcu.externaltools.gnu-tools-for-stm32.13.3.rel1.win32_1.0.0.202411081344/tools/bin/../lib/gcc/arm-none-eabi/13.3.1/thumb/v7e-m+fp/hard/crtn.o
OUTPUT(Poly3.elf elf32-littlearm)
LOAD linker stubs
LOAD C:/Programming/STM32CubeIDE_1.19.0/STM32CubeIDE/plugins/com.st.stm32cube.ide.mcu.externaltools.gnu-tools-for-stm32.13.3.rel1.win32_1.0.0.202411081344/tools/bin/../lib/gcc/arm-none-eabi/13.3.1/../../../../arm-none-eabi/lib/thumb/v7e-m+fp/hard\libc.a
LOAD C:/Programming/STM32CubeIDE_1.19.0/STM32CubeIDE/plugins/com.st.stm32cube.ide.mcu.externaltools.gnu-tools-for-stm32.13.3.rel1.win32_1.0.0.202411081344/tools/bin/../lib/gcc/arm-none-eabi/13.3.1/../../../../arm-none-eabi/lib/thumb/v7e-m+fp/hard\libm.a
LOAD C:/Programming/STM32CubeIDE_1.19.0/STM32CubeIDE/plugins/com.st.stm32cube.ide.mcu.externaltools.gnu-tools-for-stm32.13.3.rel1.win32_1.0.0.202411081344/tools/bin/../lib/gcc/arm-none-eabi/13.3.1/thumb/v7e-m+fp/hard\libgcc.a

.debug_info     0x00000000    0x19801
 .debug_info    0x00000000      0x54c ./Core/Src/display.o
 .debug_info    0x0000054c     0x1a2d ./Core/Src/main.o
 .debug_info    0x00001f79      0x818 ./Core/Src/midi.o
 .debug_info    0x00002791      0x3d7 ./Core/Src/sequencer.o
 .debug_info    0x00002b68     0x11a3 ./Core/Src/st7789.o
 .debug_info    0x00003d0b     0x12ec ./Core/Src/stm32f4xx_hal_msp.o
 .debug_info    0x00004ff7      0xc44 ./Core/Src/stm32f4xx_hal_timebase_tim.o
 .debug_info    0x00005c3b      0x6ee ./Core/Src/stm32f4xx_it.o
 .debug_info    0x00006329      0x168 ./Core/Src/sysmem.o
 .debug_info    0x00006491      0x54a ./Core/Src/system_stm32f4xx.o
 .debug_info    0x000069db       0x30 ./Core/Startup/startup_stm32f446retx.o
 .debug_info    0x00006a0b      0x99a ./Drivers/STM32F4xx_HAL_Driver/Src/stm32f4xx_hal.o
 .debug_info    0x000073a5      0xdaa ./Drivers/STM32F4xx_HAL_Driver/Src/stm32f4xx_hal_cortex.o
 .debug_info    0x0000814f      0x8e7 ./Drivers/STM32F4xx_HAL_Driver/Src/stm32f4xx_hal_dma.o
 .debug_info    0x00008a36      0x70b ./Drivers/STM32F4xx_HAL_Driver/Src/stm32f4xx_hal_gpio.o
 .debug_info    0x00009141      0x8ff ./Drivers/STM32F4xx_HAL_Driver/Src/stm32f4xx_hal_rcc.o
 .debug_info    0x00009a40      0x960 ./Drivers/STM32F4xx_HAL_Driver/Src/stm32f4xx_hal_rcc_ex.o
 .debug_info    0x0000a3a0     0x1525 ./Drivers/STM32F4xx_HAL_Driver/Src/stm32f4xx_hal_spi.o
 .debug_info    0x0000b8c5     0x299d ./Drivers/STM32F4xx_HAL_Driver/Src/stm32f4xx_hal_tim.o
 .debug_info    0x0000e262     0x14db ./Drivers/STM32F4xx_HAL_Driver/Src/stm32f4xx_hal_tim_ex.o
 .debug_info    0x0000f73d     0x2f4f ./Drivers/STM32F4xx_HAL_Driver/Src/stm32f4xx_hal_uart.o
 .debug_info    0x0001268c     0x4127 ./Middlewares/Third_Party/FreeRTOS/Source/CMSIS_RTOS_V2/cmsis_os2.o
 .debug_info    0x000167b3      0x2af ./Middlewares/Third_Party/FreeRTOS/Source/list.o
 .debug_info    0x00016a62     0x28c1 ./Middlewares/Third_Party/FreeRTOS/Source/tasks.o
 .debug_info    0x00019323      0x4de ./Middlewares/Third_Party/FreeRTOS/Source/portable/GCC/ARM_CM4F/port.o

.debug_abbrev   0x00000000     0x3953
 .debug_abbrev  0x00000000      0x23b ./Core/Src/display.o
 .debug_abbrev  0x0000023b      0x386 ./Core/Src/main.o
 .debug_abbrev  0x000005c1      0x1d6 ./Core/Src/midi.o
 .debug_abbrev  0x00000797      0x1ec ./Core/Src/sequencer.o
 .debug_abbrev  0x00000983      0x2cc ./Core/Src/st7789.o
 .debug_abbrev  0x00000c4f      0x24a ./Core/Src/stm32f4xx_hal_msp.o
 .debug_abbrev  0x00000e99      0x1f4 ./Core/Src/stm32f4xx_hal_timebase_tim.o
 .debug_abbrev  0x0000108d      0x181 ./Core/Src/stm32f4xx_it.o
 .debug_abbrev  0x0000120e       0xbc ./Core/Src/sysmem.o
 .debug_abbrev  0x000012ca      0x11a ./Core/Src/system_stm32f4xx.o
 .debug_abbrev  0x000013e4       0x24 ./Core/Startup/startup_stm32f446retx.o
 .debug_abbrev  0x00001408      0x214 ./Drivers/STM32F4xx_HAL_Driver/Src/stm32f4xx_hal.o
 .debug_abbrev  0x0000161c      0x31d ./Drivers/STM32F4xx_HAL_Driver/Src/stm32f4xx_hal_cortex.o
 .debug_abbrev  0x00001939      0x264 ./Drivers/STM32F4xx_HAL_Driver/Src/stm32f4xx_hal_dma.o
 .debug_abbrev  0x00001b9d      0x1d4 ./Drivers/STM32F4xx_HAL_Driver/Src/stm32f4xx_hal_gpio.o
 .debug_abbrev  0x00001d71      0x2b7 ./Drivers/STM32F4xx_HAL_Driver/Src/stm32f4xx_hal_rcc.o
 .debug_abbrev  0x00002028      0x211 ./Drivers/STM32F4xx_HAL_Driver/Src/stm32f4xx_hal_rcc_ex.o
 .debug_abbrev  0x00002239      0x27a ./Drivers/STM32F4xx_HAL_Driver/Src/stm32f4xx_hal_spi.o
 .debug_abbrev  0x000024b3      0x278 ./Drivers/STM32F4xx_HAL_Driver/Src/stm32f4xx_hal_tim.o
 .debug_abbrev  0x0000272b      0x283 ./Drivers/STM32F4xx_HAL_Driver/Src/stm32f4xx_hal_tim_ex.o
 .debug_abbrev  0x000029ae      0x30e ./Drivers/STM32F4xx_HAL_Driver/Src/stm32f4xx_hal_uart.o
 .debug_abbrev  0x00002cbc      0x548 ./Middlewares/Third_Party/FreeRTOS/Source/CMSIS_RTOS_V2/cmsis_os2.o
 .debug_abbrev  0x00003204       0xf5 ./Middlewares/Third_Party/FreeRTOS/Source/list.o
 .debug_abbrev  0x000032f9      0x3fe ./Middlewares/Third_Party/FreeRTOS/Source/tasks.o
 .debug_abbrev  0x000036f7      0x25c ./Middlewares/Third_Party/FreeRTOS/Source/portable/GCC/ARM_CM4F/port.o

.debug_aranges  0x00000000     0x15f8
 .debug_aranges
                0x00000000       0x48 ./Core/Src/display.o
 .debug_aranges
                0x00000048       0x80 ./Core/Src/main.o
 .debug_aranges
                0x000000c8       0x38 ./Core/Src/midi.o
 .debug_aranges
                0x00000100       0x48 ./Core/Src/sequencer.o
 .debug_aranges
                0x00000148       0xd0 ./Core/Src/st7789.o
 .debug_aranges
                0x00000218       0x50 ./Core/Src/stm32f4xx_hal_msp.o
 .debug_aranges
                0x00000268       0x30 ./Core/Src/stm32f4xx_hal_timebase_tim.o
 .debug_aranges
                0x00000298       0x60 ./Core/Src/stm32f4xx_it.o
 .debug_aranges
                0x000002f8       0x20 ./Core/Src/sysmem.o
 .debug_aranges
                0x00000318       0x28 ./Core/Src/system_stm32f4xx.o
 .debug_aranges
                0x00000340       0x28 ./Core/Startup/startup_stm32f446retx.o
 .debug_aranges
                0x00000368       0xf0 ./Drivers/STM32F4xx_HAL_Driver/Src/stm32f4xx_hal.o
 .debug_aranges
                0x00000458      0x130 ./Drivers/STM32F4xx_HAL_Driver/Src/stm32f4xx_hal_cortex.o
 .debug_aranges
                0x00000588       0x90 ./Drivers/STM32F4xx_HAL_Driver/Src/stm32f4xx_hal_dma.o
 .debug_aranges
                0x00000618       0x58 ./Drivers/STM32F4xx_HAL_Driver/Src/stm32f4xx_hal_gpio.o
 .debug_aranges
                0x00000670       0x88 ./Drivers/STM32F4xx_HAL_Driver/Src/stm32f4xx_hal_rcc.o
 .debug_aranges
                0x000006f8       0x78 ./Drivers/STM32F4xx_HAL_Driver/Src/stm32f4xx_hal_rcc_ex.o
 .debug_aranges
                0x00000770      0x1d0 ./Drivers/STM32F4xx_HAL_Driver/Src/stm32f4xx_hal_spi.o
 .debug_aranges
                0x00000940      0x3d0 ./Drivers/STM32F4xx_HAL_Driver/Src/stm32f4xx_hal_tim.o
 .debug_aranges
                0x00000d10      0x168 ./Drivers/STM32F4xx_HAL_Driver/Src/stm32f4xx_hal_tim_ex.o
 .debug_aranges
                0x00000e78      0x208 ./Drivers/STM32F4xx_HAL_Driver/Src/stm32f4xx_hal_uart.o
 .debug_aranges
                0x00001080      0x2b0 ./Middlewares/Third_Party/FreeRTOS/Source/CMSIS_RTOS_V2/cmsis_os2.o
 .debug_aranges
                0x00001330       0x40 ./Middlewares/Third_Party/FreeRTOS/Source/list.o
 .debug_aranges
                0x00001370      0x208 ./Middlewares/Third_Party/FreeRTOS/Source/tasks.o
 .debug_aranges
                0x00001578       0x80 ./Middlewares/Third_Party/FreeRTOS/Source/portable/GCC/ARM_CM4F/port.o

.debug_rnglists
                0x00000000     0x1115
 .debug_rnglists
                0x00000000       0x33 ./Core/Src/display.o
 .debug_rnglists
                0x00000033       0x5e ./Core/Src/main.o
 .debug_rnglists
                0x00000091       0x26 ./Core/Src/midi.o
 .debug_rnglists
                0x000000b7       0x31 ./Core/Src/sequencer.o
 .debug_rnglists
                0x000000e8       0xa5 ./Core/Src/st7789.o
 .debug_rnglists
                0x0000018d       0x39 ./Core/Src/stm32f4xx_hal_msp.o
 .debug_rnglists
                0x000001c6       0x20 ./Core/Src/stm32f4xx_hal_timebase_tim.o
 .debug_rnglists
                0x000001e6       0x43 ./Core/Src/stm32f4xx_it.o
 .debug_rnglists
                0x00000229       0x13 ./Core/Src/sysmem.o
 .debug_rnglists
                0x0000023c       0x1a ./Core/Src/system_stm32f4xx.o
 .debug_rnglists
                0x00000256       0x19 ./Core/Startup/startup_stm32f446retx.o
 .debug_rnglists
                0x0000026f       0xaf ./Drivers/STM32F4xx_HAL_Driver/Src/stm32f4xx_hal.o
 .debug_rnglists
                0x0000031e       0xe0 ./Drivers/STM32F4xx_HAL_Driver/Src/stm32f4xx_hal_cortex.o
 .debug_rnglists
                0x000003fe       0x70 ./Drivers/STM32F4xx_HAL_Driver/Src/stm32f4xx_hal_dma.o
 .debug_rnglists
                0x0000046e       0x3f ./Drivers/STM32F4xx_HAL_Driver/Src/stm32f4xx_hal_gpio.o
 .debug_rnglists
                0x000004ad       0x66 ./Drivers/STM32F4xx_HAL_Driver/Src/stm32f4xx_hal_rcc.o
 .debug_rnglists
                0x00000513       0x5e ./Drivers/STM32F4xx_HAL_Driver/Src/stm32f4xx_hal_rcc_ex.o
 .debug_rnglists
                0x00000571      0x16f ./Drivers/STM32F4xx_HAL_Driver/Src/stm32f4xx_hal_spi.o
 .debug_rnglists
                0x000006e0      0x31a ./Drivers/STM32F4xx_HAL_Driver/Src/stm32f4xx_hal_tim.o
 .debug_rnglists
                0x000009fa      0x125 ./Drivers/STM32F4xx_HAL_Driver/Src/stm32f4xx_hal_tim_ex.o
 .debug_rnglists
                0x00000b1f      0x1bc ./Drivers/STM32F4xx_HAL_Driver/Src/stm32f4xx_hal_uart.o
 .debug_rnglists
                0x00000cdb      0x212 ./Middlewares/Third_Party/FreeRTOS/Source/CMSIS_RTOS_V2/cmsis_os2.o
 .debug_rnglists
                0x00000eed       0x2b ./Middlewares/Third_Party/FreeRTOS/Source/list.o
 .debug_rnglists
                0x00000f18      0x1a0 ./Middlewares/Third_Party/FreeRTOS/Source/tasks.o
 .debug_rnglists
                0x000010b8       0x5d ./Middlewares/Third_Party/FreeRTOS/Source/portable/GCC/ARM_CM4F/port.o

.debug_macro    0x00000000    0x24903
 .debug_macro   0x00000000      0x2c5 ./Core/Src/display.o
 .debug_macro   0x000002c5      0xad8 ./Core/Src/display.o
 .debug_macro   0x00000d9d       0x22 ./Core/Src/display.o
 .debug_macro   0x00000dbf       0x8e ./Core/Src/display.o
 .debug_macro   0x00000e4d       0x51 ./Core/Src/display.o
 .debug_macro   0x00000e9e      0x103 ./Core/Src/display.o
 .debug_macro   0x00000fa1       0x6a ./Core/Src/display.o
 .debug_macro   0x0000100b      0x1df ./Core/Src/display.o
 .debug_macro   0x000011ea       0x61 ./Core/Src/display.o
 .debug_macro   0x0000124b       0x2a ./Core/Src/display.o
 .debug_macro   0x00001275       0x43 ./Core/Src/display.o
 .debug_macro   0x000012b8       0x34 ./Core/Src/display.o
 .debug_macro   0x000012ec      0x190 ./Core/Src/display.o
 .debug_macro   0x0000147c      0x370 ./Core/Src/display.o
 .debug_macro   0x000017ec       0x16 ./Core/Src/display.o
 .debug_macro   0x00001802       0x4a ./Core/Src/display.o
 .debug_macro   0x0000184c       0x34 ./Core/Src/display.o
 .debug_macro   0x00001880       0x10 ./Core/Src/display.o
 .debug_macro   0x00001890       0x58 ./Core/Src/display.o
 .debug_macro   0x000018e8       0x8e ./Core/Src/display.o
 .debug_macro   0x00001976       0x1c ./Core/Src/display.o
 .debug_macro   0x00001992      0x185 ./Core/Src/display.o
 .debug_macro   0x00001b17      0x19b ./Core/Src/display.o
 .debug_macro   0x00001cb2      0x2a1 ./Core/Src/display.o
 .debug_macro   0x00001f53       0x2e ./Core/Src/display.o
 .debug_macro   0x00001f81       0x28 ./Core/Src/display.o
 .debug_macro   0x00001fa9       0x1c ./Core/Src/display.o
 .debug_macro   0x00001fc5       0x22 ./Core/Src/display.o
 .debug_macro   0x00001fe7       0xfb ./Core/Src/display.o
 .debug_macro   0x000020e2     0x1011 ./Core/Src/display.o
 .debug_macro   0x000030f3      0x11f ./Core/Src/display.o
 .debug_macro   0x00003212    0x1675e ./Core/Src/display.o
 .debug_macro   0x00019970       0x6d ./Core/Src/display.o
 .debug_macro   0x000199dd     0x3693 ./Core/Src/display.o
 .debug_macro   0x0001d070       0x56 ./Core/Src/display.o
 .debug_macro   0x0001d0c6      0xca5 ./Core/Src/display.o
 .debug_macro   0x0001dd6b      0x9e9 ./Core/Src/display.o
 .debug_macro   0x0001e754      0x115 ./Core/Src/display.o
 .debug_macro   0x0001e869      0x1a0 ./Core/Src/display.o
 .debug_macro   0x0001ea09       0xa5 ./Core/Src/display.o
 .debug_macro   0x0001eaae      0x16d ./Core/Src/display.o
 .debug_macro   0x0001ec1b      0x287 ./Core/Src/display.o
 .debug_macro   0x0001eea2       0x5f ./Core/Src/display.o
 .debug_macro   0x0001ef01      0x236 ./Core/Src/display.o
 .debug_macro   0x0001f137      0x132 ./Core/Src/display.o
 .debug_macro   0x0001f269      0x29c ./Core/Src/display.o
 .debug_macro   0x0001f505       0x2e ./Core/Src/display.o
 .debug_macro   0x0001f533      0x127 ./Core/Src/display.o
 .debug_macro   0x0001f65a       0xe8 ./Core/Src/display.o
 .debug_macro   0x0001f742       0x89 ./Core/Src/display.o
 .debug_macro   0x0001f7cb      0x225 ./Core/Src/display.o
 .debug_macro   0x0001f9f0      0x8ed ./Core/Src/display.o
 .debug_macro   0x000202dd       0x53 ./Core/Src/display.o
 .debug_macro   0x00020330      0x2aa ./Core/Src/display.o
 .debug_macro   0x000205da      0x126 ./Core/Src/display.o
 .debug_macro   0x00020700       0x94 ./Core/Src/display.o
 .debug_macro   0x00020794      0x1f2 ./Core/Src/display.o
 .debug_macro   0x00020986       0x3a ./Core/Src/display.o
 .debug_macro   0x000209c0       0x1c ./Core/Src/display.o
 .debug_macro   0x000209dc      0x37a ./Core/Src/main.o
 .debug_macro   0x00020d56       0x5c ./Core/Src/main.o
 .debug_macro   0x00020db2      0x16f ./Core/Src/main.o
 .debug_macro   0x00020f21       0x66 ./Core/Src/main.o
 .debug_macro   0x00020f87       0x74 ./Core/Src/main.o
 .debug_macro   0x00020ffb       0xdd ./Core/Src/main.o
 .debug_macro   0x000210d8       0x10 ./Core/Src/main.o
 .debug_macro   0x000210e8      0x210 ./Core/Src/midi.o
 .debug_macro   0x000212f8      0x2e7 ./Core/Src/sequencer.o
 .debug_macro   0x000215df       0x5b ./Core/Src/sequencer.o
 .debug_macro   0x0002163a       0x94 ./Core/Src/sequencer.o
 .debug_macro   0x000216ce       0x16 ./Core/Src/sequencer.o
 .debug_macro   0x000216e4       0x57 ./Core/Src/sequencer.o
 .debug_macro   0x0002173b       0x9e ./Core/Src/sequencer.o
 .debug_macro   0x000217d9      0x112 ./Core/Src/sequencer.o
 .debug_macro   0x000218eb       0x10 ./Core/Src/sequencer.o
 .debug_macro   0x000218fb       0x16 ./Core/Src/sequencer.o
 .debug_macro   0x00021911       0x16 ./Core/Src/sequencer.o
 .debug_macro   0x00021927      0x146 ./Core/Src/sequencer.o
 .debug_macro   0x00021a6d       0x16 ./Core/Src/sequencer.o
 .debug_macro   0x00021a83       0x16 ./Core/Src/sequencer.o
 .debug_macro   0x00021a99       0x29 ./Core/Src/sequencer.o
 .debug_macro   0x00021ac2      0x2d4 ./Core/Src/st7789.o
 .debug_macro   0x00021d96       0x10 ./Core/Src/st7789.o
 .debug_macro   0x00021da6       0x20 ./Core/Src/st7789.o
 .debug_macro   0x00021dc6      0x1e7 ./Core/Src/stm32f4xx_hal_msp.o
 .debug_macro   0x00021fad      0x1d8 ./Core/Src/stm32f4xx_hal_timebase_tim.o
 .debug_macro   0x00022185      0x1f1 ./Core/Src/stm32f4xx_it.o
 .debug_macro   0x00022376      0x112 ./Core/Src/sysmem.o
 .debug_macro   0x00022488      0x23c ./Core/Src/sysmem.o
 .debug_macro   0x000226c4      0x1d8 ./Core/Src/system_stm32f4xx.o
 .debug_macro   0x0002289c      0x238 ./Drivers/STM32F4xx_HAL_Driver/Src/stm32f4xx_hal.o
 .debug_macro   0x00022ad4      0x1d8 ./Drivers/STM32F4xx_HAL_Driver/Src/stm32f4xx_hal_cortex.o
 .debug_macro   0x00022cac      0x1de ./Drivers/STM32F4xx_HAL_Driver/Src/stm32f4xx_hal_dma.o
 .debug_macro   0x00022e8a      0x1de ./Drivers/STM32F4xx_HAL_Driver/Src/stm32f4xx_hal_gpio.o
 .debug_macro   0x00023068      0x1fc ./Drivers/STM32F4xx_HAL_Driver/Src/stm32f4xx_hal_rcc.o
 .debug_macro   0x00023264      0x1d8 ./Drivers/STM32F4xx_HAL_Driver/Src/stm32f4xx_hal_rcc_ex.o
 .debug_macro   0x0002343c      0x1e7 ./Drivers/STM32F4xx_HAL_Driver/Src/stm32f4xx_hal_spi.o
 .debug_macro   0x00023623      0x1d9 ./Drivers/STM32F4xx_HAL_Driver/Src/stm32f4xx_hal_tim.o
 .debug_macro   0x000237fc      0x1d8 ./Drivers/STM32F4xx_HAL_Driver/Src/stm32f4xx_hal_tim_ex.o
 .debug_macro   0x000239d4      0x1d9 ./Drivers/STM32F4xx_HAL_Driver/Src/stm32f4xx_hal_uart.o
 .debug_macro   0x00023bad      0x3e1 ./Middlewares/Third_Party/FreeRTOS/Source/CMSIS_RTOS_V2/cmsis_os2.o
 .debug_macro   0x00023f8e       0x10 ./Middlewares/Third_Party/FreeRTOS/Source/CMSIS_RTOS_V2/cmsis_os2.o
 .debug_macro   0x00023f9e       0xf5 ./Middlewares/Third_Party/FreeRTOS/Source/CMSIS_RTOS_V2/cmsis_os2.o
 .debug_macro   0x00024093       0x16 ./Middlewares/Third_Party/FreeRTOS/Source/CMSIS_RTOS_V2/cmsis_os2.o
 .debug_macro   0x000240a9       0x91 ./Middlewares/Third_Party/FreeRTOS/Source/CMSIS_RTOS_V2/cmsis_os2.o
 .debug_macro   0x0002413a       0x8d ./Middlewares/Third_Party/FreeRTOS/Source/CMSIS_RTOS_V2/cmsis_os2.o
 .debug_macro   0x000241c7       0x9a ./Middlewares/Third_Party/FreeRTOS/Source/CMSIS_RTOS_V2/cmsis_os2.o
 .debug_macro   0x00024261       0x22 ./Middlewares/Third_Party/FreeRTOS/Source/CMSIS_RTOS_V2/cmsis_os2.o
 .debug_macro   0x00024283      0x199 ./Middlewares/Third_Party/FreeRTOS/Source/list.o
 .debug_macro   0x0002441c      0x291 ./Middlewares/Third_Party/FreeRTOS/Source/tasks.o
 .debug_macro   0x000246ad       0x10 ./Middlewares/Third_Party/FreeRTOS/Source/tasks.o
 .debug_macro   0x000246bd      0x246 ./Middlewares/Third_Party/FreeRTOS/Source/portable/GCC/ARM_CM4F/port.o

.debug_line     0x00000000    0x1a301
 .debug_line    0x00000000      0xb80 ./Core/Src/display.o
 .debug_line    0x00000b80      0xd73 ./Core/Src/main.o
 .debug_line    0x000018f3      0x844 ./Core/Src/midi.o
 .debug_line    0x00002137      0xa94 ./Core/Src/sequencer.o
 .debug_line    0x00002bcb     0x1037 ./Core/Src/st7789.o
 .debug_line    0x00003c02      0x853 ./Core/Src/stm32f4xx_hal_msp.o
 .debug_line    0x00004455      0x7cf ./Core/Src/stm32f4xx_hal_timebase_tim.o
 .debug_line    0x00004c24      0x80a ./Core/Src/stm32f4xx_it.o
 .debug_line    0x0000542e      0x66f ./Core/Src/sysmem.o
 .debug_line    0x00005a9d      0x7c7 ./Core/Src/system_stm32f4xx.o
 .debug_line    0x00006264       0x7a ./Core/Startup/startup_stm32f446retx.o
 .debug_line    0x000062de      0xa43 ./Drivers/STM32F4xx_HAL_Driver/Src/stm32f4xx_hal.o
 .debug_line    0x00006d21      0xd13 ./Drivers/STM32F4xx_HAL_Driver/Src/stm32f4xx_hal_cortex.o
 .debug_line    0x00007a34      0xfaf ./Drivers/STM32F4xx_HAL_Driver/Src/stm32f4xx_hal_dma.o
 .debug_line    0x000089e3      0xb87 ./Drivers/STM32F4xx_HAL_Driver/Src/stm32f4xx_hal_gpio.o
 .debug_line    0x0000956a      0xe5e ./Drivers/STM32F4xx_HAL_Driver/Src/stm32f4xx_hal_rcc.o
 .debug_line    0x0000a3c8     0x150f ./Drivers/STM32F4xx_HAL_Driver/Src/stm32f4xx_hal_rcc_ex.o
 .debug_line    0x0000b8d7     0x1cde ./Drivers/STM32F4xx_HAL_Driver/Src/stm32f4xx_hal_spi.o
 .debug_line    0x0000d5b5     0x37b8 ./Drivers/STM32F4xx_HAL_Driver/Src/stm32f4xx_hal_tim.o
 .debug_line    0x00010d6d     0x19a3 ./Drivers/STM32F4xx_HAL_Driver/Src/stm32f4xx_hal_tim_ex.o
 .debug_line    0x00012710     0x258b ./Drivers/STM32F4xx_HAL_Driver/Src/stm32f4xx_hal_uart.o
 .debug_line    0x00014c9b     0x2620 ./Middlewares/Third_Party/FreeRTOS/Source/CMSIS_RTOS_V2/cmsis_os2.o
 .debug_line    0x000172bb      0x87e ./Middlewares/Third_Party/FreeRTOS/Source/list.o
 .debug_line    0x00017b39     0x1d96 ./Middlewares/Third_Party/FreeRTOS/Source/tasks.o
 .debug_line    0x000198cf      0xa32 ./Middlewares/Third_Party/FreeRTOS/Source/portable/GCC/ARM_CM4F/port.o

.debug_str      0x00000000    0xde071
 .debug_str     0x00000000    0xde071 ./Core/Src/display.o
                              0xcf142 (size before relaxing)
 .debug_str     0x000de071    0xd523a ./Core/Src/main.o
 .debug_str     0x000de071    0xcba7e ./Core/Src/midi.o
 .debug_str     0x000de071    0xce702 ./Core/Src/sequencer.o
 .debug_str     0x000de071    0xceedf ./Core/Src/st7789.o
 .debug_str     0x000de071    0xcbefa ./Core/Src/stm32f4xx_hal_msp.o
 .debug_str     0x000de071    0xcb8eb ./Core/Src/stm32f4xx_hal_timebase_tim.o
 .debug_str     0x000de071    0xcb415 ./Core/Src/stm32f4xx_it.o
 .debug_str     0x000de071     0x7763 ./Core/Src/sysmem.o
 .debug_str     0x000de071    0xcadb3 ./Core/Src/system_stm32f4xx.o
 .debug_str     0x000de071       0x65 ./Core/Startup/startup_stm32f446retx.o
 .debug_str     0x000de071    0xcb978 ./Drivers/STM32F4xx_HAL_Driver/Src/stm32f4xx_hal.o
 .debug_str     0x000de071    0xcb6cf ./Drivers/STM32F4xx_HAL_Driver/Src/stm32f4xx_hal_cortex.o
 .debug_str     0x000de071    0xcb1a8 ./Drivers/STM32F4xx_HAL_Driver/Src/stm32f4xx_hal_dma.o
 .debug_str     0x000de071    0xcaf2e ./Drivers/STM32F4xx_HAL_Driver/Src/stm32f4xx_hal_gpio.o
 .debug_str     0x000de071    0xcb1ec ./Drivers/STM32F4xx_HAL_Driver/Src/stm32f4xx_hal_rcc.o
 .debug_str     0x000de071    0xcb21f ./Drivers/STM32F4xx_HAL_Driver/Src/stm32f4xx_hal_rcc_ex.o
 .debug_str     0x000de071    0xcb64c ./Drivers/STM32F4xx_HAL_Driver/Src/stm32f4xx_hal_spi.o
 .debug_str     0x000de071    0xcc118 ./Drivers/STM32F4xx_HAL_Driver/Src/stm32f4xx_hal_tim.o
 .debug_str     0x000de071    0xcb924 ./Drivers/STM32F4xx_HAL_Driver/Src/stm32f4xx_hal_tim_ex.o
 .debug_str     0x000de071    0xcb7a3 ./Drivers/STM32F4xx_HAL_Driver/Src/stm32f4xx_hal_uart.o
 .debug_str     0x000de071    0xd5dca ./Middlewares/Third_Party/FreeRTOS/Source/CMSIS_RTOS_V2/cmsis_os2.o
 .debug_str     0x000de071     0xac14 ./Middlewares/Third_Party/FreeRTOS/Source/list.o
 .debug_str     0x000de071     0xd559 ./Middlewares/Third_Party/FreeRTOS/Source/tasks.o
 .debug_str     0x000de071     0xb952 ./Middlewares/Third_Party/FreeRTOS/Source/portable/GCC/ARM_CM4F/port.o

.comment        0x00000000       0x43
 .comment       0x00000000       0x43 ./Core/Src/display.o
                                 0x44 (size before relaxing)
 .comment       0x00000043       0x44 ./Core/Src/main.o
 .comment       0x00000043       0x44 ./Core/Src/midi.o
 .comment       0x00000043       0x44 ./Core/Src/sequencer.o
 .comment       0x00000043       0x44 ./Core/Src/st7789.o
 .comment       0x00000043       0x44 ./Core/Src/stm32f4xx_hal_msp.o
 .comment       0x00000043       0x44 ./Core/Src/stm32f4xx_hal_timebase_tim.o
 .comment       0x00000043       0x44 ./Core/Src/stm32f4xx_it.o
 .comment       0x00000043       0x44 ./Core/Src/sysmem.o
 .comment       0x00000043       0x44 ./Core/Src/system_stm32f4xx.o
 .comment       0x00000043       0x44 ./Drivers/STM32F4xx_HAL_Driver/Src/stm32f4xx_hal.o
 .comment       0x00000043       0x44 ./Drivers/STM32F4xx_HAL_Driver/Src/stm32f4xx_hal_cortex.o
 .comment       0x00000043       0x44 ./Drivers/STM32F4xx_HAL_Driver/Src/stm32f4xx_hal_dma.o
 .comment       0x00000043       0x44 ./Drivers/STM32F4xx_HAL_Driver/Src/stm32f4xx_hal_gpio.o
 .comment       0x00000043       0x44 ./Drivers/STM32F4xx_HAL_Driver/Src/stm32f4xx_hal_rcc.o
 .comment       0x00000043       0x44 ./Drivers/STM32F4xx_HAL_Driver/Src/stm32f4xx_hal_rcc_ex.o
 .comment       0x00000043       0x44 ./Drivers/STM32F4xx_HAL_Driver/Src/stm32f4xx_hal_spi.o
 .comment       0x00000043       0x44 ./Drivers/STM32F4xx_HAL_Driver/Src/stm32f4xx_hal_tim.o
 .comment       0x00000043       0x44 ./Drivers/STM32F4xx_HAL_Driver/Src/stm32f4xx_hal_tim_ex.o
 .comment       0x00000043       0x44 ./Drivers/STM32F4xx_HAL_Driver/Src/stm32f4xx_hal_uart.o
 .comment       0x00000043       0x44 ./Middlewares/Third_Party/FreeRTOS/Source/CMSIS_RTOS_V2/cmsis_os2.o
 .comment       0x00000043       0x44 ./Middlewares/Third_Party/FreeRTOS/Source/list.o
 .comment       0x00000043       0x44 ./Middlewares/Third_Party/FreeRTOS/Source/tasks.o
 .comment       0x00000043       0x44 ./Middlewares/Third_Party/FreeRTOS/Source/portable/GCC/ARM_CM4F/port.o

.debug_frame    0x00000000     0x6374
 .debug_frame   0x00000000       0xec ./Core/Src/display.o
 .debug_frame   0x000000ec      0x1b4 ./Core/Src/main.o
 .debug_frame   0x000002a0       0x9c ./Core/Src/midi.o
 .debug_frame   0x0000033c       0xf4 ./Core/Src/sequencer.o
 .debug_frame   0x00000430      0x394 ./Core/Src/st7789.o
 .debug_frame   0x000007c4      0x10c ./Core/Src/stm32f4xx_hal_msp.o
 .debug_frame   0x000008d0       0x74 ./Core/Src/stm32f4xx_hal_timebase_tim.o
 .debug_frame   0x00000944       0xfc ./Core/Src/stm32f4xx_it.o
 .debug_frame   0x00000a40       0x34 ./Core/Src/sysmem.o
 .debug_frame   0x00000a74       0x58 ./Core/Src/system_stm32f4xx.o
 .debug_frame   0x00000acc      0x374 ./Drivers/STM32F4xx_HAL_Driver/Src/stm32f4xx_hal.o
 .debug_frame   0x00000e40      0x508 ./Drivers/STM32F4xx_HAL_Driver/Src/stm32f4xx_hal_cortex.o
 .debug_frame   0x00001348      0x250 ./Drivers/STM32F4xx_HAL_Driver/Src/stm32f4xx_hal_dma.o